../Core/Src/main.c:107:5:main	64	static
../Core/Src/main.c:222:6:SystemClock_Config	72	static
../Core/Src/main.c:262:13:MX_I2C1_Init	8	static
../Core/Src/main.c:296:13:MX_I2C2_Init	8	static
../Core/Src/main.c:330:13:MX_USART1_UART_Init	8	static
../Core/Src/main.c:363:13:MX_USART2_UART_Init	8	static
../Core/Src/main.c:394:13:MX_DMA_Init	16	static
../Core/Src/main.c:421:13:MX_GPIO_Init	40	static
../Core/Src/main.c:454:7:get_temp	40	static
../Core/Src/main.c:478:6:Error_Handler	4	static,ignoring_inline_asm
