../Core/Src/main.c:74:6:max30102_plot	16	static
../Core/Src/main.c:108:5:main	72	static
../Core/Src/main.c:230:6:SystemClock_Config	72	static
../Core/Src/main.c:270:13:MX_I2C1_Init	8	static
../Core/Src/main.c:304:13:MX_I2C2_Init	8	static
../Core/Src/main.c:338:13:MX_USART1_UART_Init	8	static
../Core/Src/main.c:369:13:MX_DMA_Init	16	static
../Core/Src/main.c:390:13:MX_GPIO_Init	40	static
../Core/Src/main.c:423:7:get_temp	40	static
../Core/Src/main.c:444:6:Error_Handler	4	static,ignoring_inline_asm
