Archive member included to satisfy reference by file (symbol)

c:/st/stm32cubeide_1.10.1/stm32cubeide/plugins/com.st.stm32cube.ide.mcu.externaltools.gnu-tools-for-stm32.10.3-2021.10.win32_1.0.0.202111181127/tools/bin/../lib/gcc/arm-none-eabi/10.3.1/../../../../arm-none-eabi/lib/thumb/v7-m/nofp\libc_nano.a(lib_a-errno.o)
                              ./Core/Src/syscalls.o (__errno)
c:/st/stm32cubeide_1.10.1/stm32cubeide/plugins/com.st.stm32cube.ide.mcu.externaltools.gnu-tools-for-stm32.10.3-2021.10.win32_1.0.0.202111181127/tools/bin/../lib/gcc/arm-none-eabi/10.3.1/../../../../arm-none-eabi/lib/thumb/v7-m/nofp\libc_nano.a(lib_a-exit.o)
                              c:/st/stm32cubeide_1.10.1/stm32cubeide/plugins/com.st.stm32cube.ide.mcu.externaltools.gnu-tools-for-stm32.10.3-2021.10.win32_1.0.0.202111181127/tools/bin/../lib/gcc/arm-none-eabi/10.3.1/../../../../arm-none-eabi/lib/thumb/v7-m/nofp/crt0.o (exit)
c:/st/stm32cubeide_1.10.1/stm32cubeide/plugins/com.st.stm32cube.ide.mcu.externaltools.gnu-tools-for-stm32.10.3-2021.10.win32_1.0.0.202111181127/tools/bin/../lib/gcc/arm-none-eabi/10.3.1/../../../../arm-none-eabi/lib/thumb/v7-m/nofp\libc_nano.a(lib_a-impure.o)
                              c:/st/stm32cubeide_1.10.1/stm32cubeide/plugins/com.st.stm32cube.ide.mcu.externaltools.gnu-tools-for-stm32.10.3-2021.10.win32_1.0.0.202111181127/tools/bin/../lib/gcc/arm-none-eabi/10.3.1/../../../../arm-none-eabi/lib/thumb/v7-m/nofp\libc_nano.a(lib_a-exit.o) (_global_impure_ptr)
c:/st/stm32cubeide_1.10.1/stm32cubeide/plugins/com.st.stm32cube.ide.mcu.externaltools.gnu-tools-for-stm32.10.3-2021.10.win32_1.0.0.202111181127/tools/bin/../lib/gcc/arm-none-eabi/10.3.1/../../../../arm-none-eabi/lib/thumb/v7-m/nofp\libc_nano.a(lib_a-init.o)
                              c:/st/stm32cubeide_1.10.1/stm32cubeide/plugins/com.st.stm32cube.ide.mcu.externaltools.gnu-tools-for-stm32.10.3-2021.10.win32_1.0.0.202111181127/tools/bin/../lib/gcc/arm-none-eabi/10.3.1/../../../../arm-none-eabi/lib/thumb/v7-m/nofp/crt0.o (__libc_init_array)
c:/st/stm32cubeide_1.10.1/stm32cubeide/plugins/com.st.stm32cube.ide.mcu.externaltools.gnu-tools-for-stm32.10.3-2021.10.win32_1.0.0.202111181127/tools/bin/../lib/gcc/arm-none-eabi/10.3.1/../../../../arm-none-eabi/lib/thumb/v7-m/nofp\libc_nano.a(lib_a-malloc.o)
                              ./Apps/Src/hal_driver_def.o (malloc)
c:/st/stm32cubeide_1.10.1/stm32cubeide/plugins/com.st.stm32cube.ide.mcu.externaltools.gnu-tools-for-stm32.10.3-2021.10.win32_1.0.0.202111181127/tools/bin/../lib/gcc/arm-none-eabi/10.3.1/../../../../arm-none-eabi/lib/thumb/v7-m/nofp\libc_nano.a(lib_a-memset.o)
                              c:/st/stm32cubeide_1.10.1/stm32cubeide/plugins/com.st.stm32cube.ide.mcu.externaltools.gnu-tools-for-stm32.10.3-2021.10.win32_1.0.0.202111181127/tools/bin/../lib/gcc/arm-none-eabi/10.3.1/../../../../arm-none-eabi/lib/thumb/v7-m/nofp/crt0.o (memset)
c:/st/stm32cubeide_1.10.1/stm32cubeide/plugins/com.st.stm32cube.ide.mcu.externaltools.gnu-tools-for-stm32.10.3-2021.10.win32_1.0.0.202111181127/tools/bin/../lib/gcc/arm-none-eabi/10.3.1/../../../../arm-none-eabi/lib/thumb/v7-m/nofp\libc_nano.a(lib_a-nano-freer.o)
                              c:/st/stm32cubeide_1.10.1/stm32cubeide/plugins/com.st.stm32cube.ide.mcu.externaltools.gnu-tools-for-stm32.10.3-2021.10.win32_1.0.0.202111181127/tools/bin/../lib/gcc/arm-none-eabi/10.3.1/../../../../arm-none-eabi/lib/thumb/v7-m/nofp\libc_nano.a(lib_a-malloc.o) (_free_r)
c:/st/stm32cubeide_1.10.1/stm32cubeide/plugins/com.st.stm32cube.ide.mcu.externaltools.gnu-tools-for-stm32.10.3-2021.10.win32_1.0.0.202111181127/tools/bin/../lib/gcc/arm-none-eabi/10.3.1/../../../../arm-none-eabi/lib/thumb/v7-m/nofp\libc_nano.a(lib_a-nano-mallocr.o)
                              c:/st/stm32cubeide_1.10.1/stm32cubeide/plugins/com.st.stm32cube.ide.mcu.externaltools.gnu-tools-for-stm32.10.3-2021.10.win32_1.0.0.202111181127/tools/bin/../lib/gcc/arm-none-eabi/10.3.1/../../../../arm-none-eabi/lib/thumb/v7-m/nofp\libc_nano.a(lib_a-malloc.o) (_malloc_r)
c:/st/stm32cubeide_1.10.1/stm32cubeide/plugins/com.st.stm32cube.ide.mcu.externaltools.gnu-tools-for-stm32.10.3-2021.10.win32_1.0.0.202111181127/tools/bin/../lib/gcc/arm-none-eabi/10.3.1/../../../../arm-none-eabi/lib/thumb/v7-m/nofp\libc_nano.a(lib_a-sbrkr.o)
                              c:/st/stm32cubeide_1.10.1/stm32cubeide/plugins/com.st.stm32cube.ide.mcu.externaltools.gnu-tools-for-stm32.10.3-2021.10.win32_1.0.0.202111181127/tools/bin/../lib/gcc/arm-none-eabi/10.3.1/../../../../arm-none-eabi/lib/thumb/v7-m/nofp\libc_nano.a(lib_a-nano-mallocr.o) (_sbrk_r)
c:/st/stm32cubeide_1.10.1/stm32cubeide/plugins/com.st.stm32cube.ide.mcu.externaltools.gnu-tools-for-stm32.10.3-2021.10.win32_1.0.0.202111181127/tools/bin/../lib/gcc/arm-none-eabi/10.3.1/../../../../arm-none-eabi/lib/thumb/v7-m/nofp\libc_nano.a(lib_a-mlock.o)
[...]
Memory Configuration

Name             Origin             Length             Attributes
RAM              0x0000000020000000 0x0000000000005000 xrw
FLASH            0x0000000008000000 0x0000000000010000 xr
*default*        0x0000000000000000 0xffffffffffffffff

Linker script and memory map

LOAD c:/st/stm32cubeide_1.10.1/stm32cubeide/plugins/com.st.stm32cube.ide.mcu.externaltools.gnu-tools-for-stm32.10.3-2021.10.win32_1.0.0.202111181127/tools/bin/../lib/gcc/arm-none-eabi/10.3.1/thumb/v7-m/nofp/crti.o
LOAD c:/st/stm32cubeide_1.10.1/stm32cubeide/plugins/com.st.stm32cube.ide.mcu.externaltools.gnu-tools-for-stm32.10.3-2021.10.win32_1.0.0.202111181127/tools/bin/../lib/gcc/arm-none-eabi/10.3.1/thumb/v7-m/nofp/crtbegin.o
LOAD c:/st/stm32cubeide_1.10.1/stm32cubeide/plugins/com.st.stm32cube.ide.mcu.externaltools.gnu-tools-for-stm32.10.3-2021.10.win32_1.0.0.202111181127/tools/bin/../lib/gcc/arm-none-eabi/10.3.1/../../../../arm-none-eabi/lib/thumb/v7-m/nofp/crt0.o
LOAD ./Apps/Src/dev_trace.o
LOAD ./Apps/Src/hal_driver_def.o
LOAD ./Apps/Src/hal_gpio.o
LOAD ./Core/Src/main.o
LOAD ./Core/Src/stm32f1xx_hal_msp.o
LOAD ./Core/Src/stm32f1xx_it.o
LOAD ./Core/Src/syscalls.o
LOAD ./Core/Src/sysmem.o
LOAD ./Core/Src/system_stm32f1xx.o
LOAD ./Core/Startup/startup_stm32f103c8tx.o
LOAD ./Drivers/STM32F1xx_HAL_Driver/Src/stm32f1xx_hal.o
LOAD ./Drivers/STM32F1xx_HAL_Driver/Src/stm32f1xx_hal_cortex.o
LOAD ./Drivers/STM32F1xx_HAL_Driver/Src/stm32f1xx_hal_dma.o
LOAD ./Drivers/STM32F1xx_HAL_Driver/Src/stm32f1xx_hal_exti.o
LOAD ./Drivers/STM32F1xx_HAL_Driver/Src/stm32f1xx_hal_flash.o
LOAD ./Drivers/STM32F1xx_HAL_Driver/Src/stm32f1xx_hal_flash_ex.o
LOAD ./Drivers/STM32F1xx_HAL_Driver/Src/stm32f1xx_hal_gpio.o
LOAD ./Drivers/STM32F1xx_HAL_Driver/Src/stm32f1xx_hal_gpio_ex.o
LOAD ./Drivers/STM32F1xx_HAL_Driver/Src/stm32f1xx_hal_i2c.o
LOAD ./Drivers/STM32F1xx_HAL_Driver/Src/stm32f1xx_hal_pwr.o
LOAD ./Drivers/STM32F1xx_HAL_Driver/Src/stm32f1xx_hal_rcc.o
LOAD ./Drivers/STM32F1xx_HAL_Driver/Src/stm32f1xx_hal_rcc_ex.o
LOAD ./Drivers/STM32F1xx_HAL_Driver/Src/stm32f1xx_hal_uart.o
START GROUP
LOAD c:/st/stm32cubeide_1.10.1/stm32cubeide/plugins/com.st.stm32cube.ide.mcu.externaltools.gnu-tools-for-stm32.10.3-2021.10.win32_1.0.0.202111181127/tools/bin/../lib/gcc/arm-none-eabi/10.3.1/../../../../arm-none-eabi/lib/thumb/v7-m/nofp\libc_nano.a
LOAD c:/st/stm32cubeide_1.10.1/stm32cubeide/plugins/com.st.stm32cube.ide.mcu.externaltools.gnu-tools-for-stm32.10.3-2021.10.win32_1.0.0.202111181127/tools/bin/../lib/gcc/arm-none-eabi/10.3.1/../../../../arm-none-eabi/lib/thumb/v7-m/nofp\libm.a
END GROUP
START GROUP
LOAD c:/st/stm32cubeide_1.10.1/stm32cubeide/plugins/com.st.stm32cube.ide.mcu.externaltools.gnu-tools-for-stm32.10.3-2021.10.win32_1.0.0.202111181127/tools/bin/../lib/gcc/arm-none-eabi/10.3.1/thumb/v7-m/nofp\libgcc.a
LOAD c:/st/stm32cubeide_1.10.1/stm32cubeide/plugins/com.st.stm32cube.ide.mcu.externaltools.gnu-tools-for-stm32.10.3-2021.10.win32_1.0.0.202111181127/tools/bin/../lib/gcc/arm-none-eabi/10.3.1/../../../../arm-none-eabi/lib/thumb/v7-m/nofp\libc_nano.a
END GROUP
START GROUP
LOAD c:/st/stm32cubeide_1.10.1/stm32cubeide/plugins/com.st.stm32cube.ide.mcu.externaltools.gnu-tools-for-stm32.10.3-2021.10.win32_1.0.0.202111181127/tools/bin/../lib/gcc/arm-none-eabi/10.3.1/thumb/v7-m/nofp\libgcc.a
LOAD c:/st/stm32cubeide_1.10.1/stm32cubeide/plugins/com.st.stm32cube.ide.mcu.externaltools.gnu-tools-for-stm32.10.3-2021.10.win32_1.0.0.202111181127/tools/bin/../lib/gcc/arm-none-eabi/10.3.1/../../../../arm-none-eabi/lib/thumb/v7-m/nofp\libc_nano.a
LOAD c:/st/stm32cubeide_1.10.1/stm32cubeide/plugins/com.st.stm32cube.ide.mcu.externaltools.gnu-tools-for-stm32.10.3-2021.10.win32_1.0.0.202111181127/tools/bin/../lib/gcc/arm-none-eabi/10.3.1/../../../../arm-none-eabi/lib/thumb/v7-m/nofp\libnosys.a
END GROUP
START GROUP
LOAD c:/st/stm32cubeide_1.10.1/stm32cubeide/plugins/com.st.stm32cube.ide.mcu.externaltools.gnu-tools-for-stm32.10.3-2021.10.win32_1.0.0.202111181127/tools/bin/../lib/gcc/arm-none-eabi/10.3.1/thumb/v7-m/nofp\libgcc.a
LOAD c:/st/stm32cubeide_1.10.1/stm32cubeide/plugins/com.st.stm32cube.ide.mcu.externaltools.gnu-tools-for-stm32.10.3-2021.10.win32_1.0.0.202111181127/tools/bin/../lib/gcc/arm-none-eabi/10.3.1/../../../../arm-none-eabi/lib/thumb/v7-m/nofp\libc_nano.a
LOAD c:/st/stm32cubeide_1.10.1/stm32cubeide/plugins/com.st.stm32cube.ide.mcu.externaltools.gnu-tools-for-stm32.10.3-2021.10.win32_1.0.0.202111181127/tools/bin/../lib/gcc/arm-none-eabi/10.3.1/../../../../arm-none-eabi/lib/thumb/v7-m/nofp\libnosys.a
END GROUP
LOAD c:/st/stm32cubeide_1.10.1/stm32cubeide/plugins/com.st.stm32cube.ide.mcu.externaltools.gnu-tools-for-stm32.10.3-2021.10.win32_1.0.0.202111181127/tools/bin/../lib/gcc/arm-none-eabi/10.3.1/thumb/v7-m/nofp/crtend.o
LOAD c:/st/stm32cubeide_1.10.1/stm32cubeide/plugins/com.st.stm32cube.ide.mcu.externaltools.gnu-tools-for-stm32.10.3-2021.10.win32_1.0.0.202111181127/tools/bin/../lib/gcc/arm-none-eabi/10.3.1/thumb/v7-m/nofp/crtn.o
                0x0000000020005000                _estack = (ORIGIN (RAM) + LENGTH (RAM))
                0x0000000000000200                _Min_Heap_Size = 0x200
                0x0000000000000400                _Min_Stack_Size = 0x400

.isr_vector     0x0000000008000000      0x10c
                0x0000000008000000                . = ALIGN (0x4)
 *(.isr_vector)
 .isr_vector    0x0000000008000000      0x10c ./Core/Startup/startup_stm32f103c8tx.o
                0x0000000008000000                g_pfnVectors
                0x000000000800010c                . = ALIGN (0x4)

.text           0x000000000800010c     0x36e4
                0x000000000800010c                . = ALIGN (0x4)
 *(.text)
 .text          0x000000000800010c       0x40 c:/st/stm32cubeide_1.10.1/stm32cubeide/plugins/com.st.stm32cube.ide.mcu.externaltools.gnu-tools-for-stm32.10.3-2021.10.win32_1.0.0.202111181127/tools/bin/../lib/gcc/arm-none-eabi/10.3.1/thumb/v7-m/nofp/crtbegin.o
 *(.text*)
 .text.dev_trace_send_byte_int
                0x000000000800014c       0x54 ./Apps/Src/dev_trace.o
                0x000000000800014c                dev_trace_send_byte_int
 .text.dev_trace_init
                0x00000000080001a0       0xc4 ./Apps/Src/dev_trace.o
                0x00000000080001a0                dev_trace_init
 .text.dev_trace_send_byte
                0x0000000008000264       0x50 ./Apps/Src/dev_trace.o
                0x0000000008000264                dev_trace_send_byte
 .text.dev_trace_get_error
                0x00000000080002b4       0x34 ./Apps/Src/dev_trace.o
                0x00000000080002b4                dev_trace_get_error
 .text.dev_trace_generate_error
                0x00000000080002e8       0x5c ./Apps/Src/dev_trace.o
                0x00000000080002e8                dev_trace_generate_error
 .text.debug_printf_char
                0x0000000008000344       0x76 ./Apps/Src/dev_trace.o
                0x0000000008000344                debug_printf_char
 .text.debug_printf_text
                0x00000000080003ba       0x38 ./Apps/Src/dev_trace.o
                0x00000000080003ba                debug_printf_text
 *fill*         0x00000000080003f2        0x2 
 .text.debug_printf_long
                0x00000000080003f4       0xa0 ./Apps/Src/dev_trace.o
                0x00000000080003f4                debug_printf_long
 .text.debug_printf_hex
                0x0000000008000494       0x9e ./Apps/Src/dev_trace.o
                0x0000000008000494                debug_printf_hex
 .text.debug_printf_bin
                0x0000000008000532       0x90 ./Apps/Src/dev_trace.o
                0x0000000008000532                debug_printf_bin
 *fill*         0x00000000080005c2        0x2 
 .text.debug_printf
                0x00000000080005c4      0x338 ./Apps/Src/dev_trace.o
                0x00000000080005c4                debug_printf
 .text.hal_driver_set_info
                0x00000000080008fc       0x40 ./Apps/Src/hal_driver_def.o
                0x00000000080008fc                hal_driver_set_info
 .text.EXTI0_IRQHandler
                0x000000000800093c       0x1c ./Apps/Src/hal_gpio.o
                0x000000000800093c                EXTI0_IRQHandler
 .text.EXTI1_IRQHandler
                0x0000000008000958       0x1c ./Apps/Src/hal_gpio.o
                0x0000000008000958                EXTI1_IRQHandler
 .text.EXTI2_IRQHandler
                0x0000000008000974       0x1c ./Apps/Src/hal_gpio.o
                0x0000000008000974                EXTI2_IRQHandler
 .text.EXTI3_IRQHandler
                0x0000000008000990       0x1c ./Apps/Src/hal_gpio.o
                0x0000000008000990                EXTI3_IRQHandler
 .text.EXTI4_IRQHandler
                0x00000000080009ac       0x1c ./Apps/Src/hal_gpio.o
                0x00000000080009ac                EXTI4_IRQHandler
 .text.EXTI9_5_IRQHandler
                0x00000000080009c8       0x8c ./Apps/Src/hal_gpio.o
                0x00000000080009c8                EXTI9_5_IRQHandler
 .text.EXTI15_10_IRQHandler
                0x0000000008000a54       0xac ./Apps/Src/hal_gpio.o
                0x0000000008000a54                EXTI15_10_IRQHandler
 .text.dev_gpio_id_port
                0x0000000008000b00       0x60 ./Apps/Src/hal_gpio.o
                0x0000000008000b00                dev_gpio_id_port
 .text.dev_gpio_pin_id
                0x0000000008000b60       0xf6 ./Apps/Src/hal_gpio.o
                0x0000000008000b60                dev_gpio_pin_id
 *fill*         0x0000000008000c56        0x2 
 .text.dev_gpio_init_rcc
                0x0000000008000c58       0xd0 ./Apps/Src/hal_gpio.o
                0x0000000008000c58                dev_gpio_init_rcc
 .text.dev_gpio_init_mode
                0x0000000008000d28       0xe8 ./Apps/Src/hal_gpio.o
                0x0000000008000d28                dev_gpio_init_mode
 .text.dev_gpio_init_speed
                0x0000000008000e10       0x68 ./Apps/Src/hal_gpio.o
                0x0000000008000e10                dev_gpio_init_speed
 .text.dev_gpio_init
                0x0000000008000e78      0x24c ./Apps/Src/hal_gpio.o
                0x0000000008000e78                dev_gpio_init
 .text.dev_gpio_init_simp
                0x00000000080010c4       0x60 ./Apps/Src/hal_gpio.o
                0x00000000080010c4                dev_gpio_init_simp
 .text.dev_gpio_set
                0x0000000008001124       0x3c ./Apps/Src/hal_gpio.o
                0x0000000008001124                dev_gpio_set
 .text.main     0x0000000008001160       0xf0 ./Core/Src/main.o
                0x0000000008001160                main
 .text.SystemClock_Config
                0x0000000008001250       0x8a ./Core/Src/main.o
                0x0000000008001250                SystemClock_Config
 *fill*         0x00000000080012da        0x2 
 .text.MX_USART1_UART_Init
                0x00000000080012dc       0x54 ./Core/Src/main.o
 .text.MX_DMA_Init
                0x0000000008001330       0x4c ./Core/Src/main.o
 .text.MX_GPIO_Init
                0x000000000800137c       0x98 ./Core/Src/main.o
 .text.Error_Handler
                0x0000000008001414        0xa ./Core/Src/main.o
                0x0000000008001414                Error_Handler
 *fill*         0x000000000800141e        0x2 
 .text.HAL_MspInit
                0x0000000008001420       0x44 ./Core/Src/stm32f1xx_hal_msp.o
                0x0000000008001420                HAL_MspInit
 .text.HAL_UART_MspInit
                0x0000000008001464      0x154 ./Core/Src/stm32f1xx_hal_msp.o
                0x0000000008001464                HAL_UART_MspInit
 .text.NMI_Handler
                0x00000000080015b8        0x6 ./Core/Src/stm32f1xx_it.o
                0x00000000080015b8                NMI_Handler
 .text.HardFault_Handler
                0x00000000080015be        0x6 ./Core/Src/stm32f1xx_it.o
                0x00000000080015be                HardFault_Handler
 .text.MemManage_Handler
                0x00000000080015c4        0x6 ./Core/Src/stm32f1xx_it.o
                0x00000000080015c4                MemManage_Handler
 .text.BusFault_Handler
                0x00000000080015ca        0x6 ./Core/Src/stm32f1xx_it.o
                0x00000000080015ca                BusFault_Handler
 .text.UsageFault_Handler
                0x00000000080015d0        0x6 ./Core/Src/stm32f1xx_it.o
                0x00000000080015d0                UsageFault_Handler
 .text.SVC_Handler
                0x00000000080015d6        0xc ./Core/Src/stm32f1xx_it.o
                0x00000000080015d6                SVC_Handler
 .text.DebugMon_Handler
                0x00000000080015e2        0xc ./Core/Src/stm32f1xx_it.o
                0x00000000080015e2                DebugMon_Handler
 .text.PendSV_Handler
                0x00000000080015ee        0xc ./Core/Src/stm32f1xx_it.o
                0x00000000080015ee                PendSV_Handler
 .text.SysTick_Handler
                0x00000000080015fa        0xc ./Core/Src/stm32f1xx_it.o
                0x00000000080015fa                SysTick_Handler
 *fill*         0x0000000008001606        0x2 
 .text.DMA1_Channel4_IRQHandler
                0x0000000008001608       0x14 ./Core/Src/stm32f1xx_it.o
                0x0000000008001608                DMA1_Channel4_IRQHandler
 .text.DMA1_Channel5_IRQHandler
                0x000000000800161c       0x14 ./Core/Src/stm32f1xx_it.o
                0x000000000800161c                DMA1_Channel5_IRQHandler
 .text.USART1_IRQHandler
                0x0000000008001630       0x14 ./Core/Src/stm32f1xx_it.o
                0x0000000008001630                USART1_IRQHandler
 .text.SystemInit
                0x0000000008001644        0xc ./Core/Src/system_stm32f1xx.o
                0x0000000008001644                SystemInit
 .text.Reset_Handler
                0x0000000008001650       0x48 ./Core/Startup/startup_stm32f103c8tx.o
                0x0000000008001650                Reset_Handler
 .text.Default_Handler
                0x0000000008001698        0x2 ./Core/Startup/startup_stm32f103c8tx.o
                0x0000000008001698                RTC_Alarm_IRQHandler
                0x0000000008001698                TIM1_CC_IRQHandler
                0x0000000008001698                PVD_IRQHandler
                0x0000000008001698                I2C2_EV_IRQHandler
                0x0000000008001698                ADC1_2_IRQHandler
                0x0000000008001698                SPI1_IRQHandler
                0x0000000008001698                TAMPER_IRQHandler
                0x0000000008001698                USART3_IRQHandler
                0x0000000008001698                RTC_IRQHandler
                0x0000000008001698                DMA1_Channel7_IRQHandler
                0x0000000008001698                CAN1_RX1_IRQHandler
                0x0000000008001698                TIM4_IRQHandler
                0x0000000008001698                I2C1_EV_IRQHandler
                0x0000000008001698                DMA1_Channel6_IRQHandler
                0x0000000008001698                TIM3_IRQHandler
                0x0000000008001698                RCC_IRQHandler
                0x0000000008001698                TIM1_TRG_COM_IRQHandler
                0x0000000008001698                DMA1_Channel1_IRQHandler
                0x0000000008001698                Default_Handler
                0x0000000008001698                SPI2_IRQHandler
                0x0000000008001698                USB_LP_CAN1_RX0_IRQHandler
                0x0000000008001698                USB_HP_CAN1_TX_IRQHandler
                0x0000000008001698                DMA1_Channel3_IRQHandler
                0x0000000008001698                TIM1_UP_IRQHandler
                0x0000000008001698                WWDG_IRQHandler
                0x0000000008001698                TIM2_IRQHandler
                0x0000000008001698                TIM1_BRK_IRQHandler
                0x0000000008001698                USART2_IRQHandler
                0x0000000008001698                I2C2_ER_IRQHandler
                0x0000000008001698                DMA1_Channel2_IRQHandler
                0x0000000008001698                CAN1_SCE_IRQHandler
                0x0000000008001698                FLASH_IRQHandler
                0x0000000008001698                I2C1_ER_IRQHandler
                0x0000000008001698                USBWakeUp_IRQHandler
 *fill*         0x000000000800169a        0x2 
 .text.HAL_Init
                0x000000000800169c       0x2c ./Drivers/STM32F1xx_HAL_Driver/Src/stm32f1xx_hal.o
                0x000000000800169c                HAL_Init
 .text.HAL_InitTick
                0x00000000080016c8       0x60 ./Drivers/STM32F1xx_HAL_Driver/Src/stm32f1xx_hal.o
                0x00000000080016c8                HAL_InitTick
 .text.HAL_IncTick
                0x0000000008001728       0x24 ./Drivers/STM32F1xx_HAL_Driver/Src/stm32f1xx_hal.o
                0x0000000008001728                HAL_IncTick
 .text.HAL_GetTick
                0x000000000800174c       0x14 ./Drivers/STM32F1xx_HAL_Driver/Src/stm32f1xx_hal.o
                0x000000000800174c                HAL_GetTick
 .text.HAL_Delay
                0x0000000008001760       0x48 ./Drivers/STM32F1xx_HAL_Driver/Src/stm32f1xx_hal.o
                0x0000000008001760                HAL_Delay
 .text.__NVIC_SetPriorityGrouping
                0x00000000080017a8       0x48 ./Drivers/STM32F1xx_HAL_Driver/Src/stm32f1xx_hal_cortex.o
 .text.__NVIC_GetPriorityGrouping
                0x00000000080017f0       0x1c ./Drivers/STM32F1xx_HAL_Driver/Src/stm32f1xx_hal_cortex.o
 .text.__NVIC_EnableIRQ
                0x000000000800180c       0x38 ./Drivers/STM32F1xx_HAL_Driver/Src/stm32f1xx_hal_cortex.o
 .text.__NVIC_SetPriority
                0x0000000008001844       0x54 ./Drivers/STM32F1xx_HAL_Driver/Src/stm32f1xx_hal_cortex.o
 .text.NVIC_EncodePriority
                0x0000000008001898       0x64 ./Drivers/STM32F1xx_HAL_Driver/Src/stm32f1xx_hal_cortex.o
 .text.SysTick_Config
                0x00000000080018fc       0x44 ./Drivers/STM32F1xx_HAL_Driver/Src/stm32f1xx_hal_cortex.o
 .text.HAL_NVIC_SetPriorityGrouping
                0x0000000008001940       0x16 ./Drivers/STM32F1xx_HAL_Driver/Src/stm32f1xx_hal_cortex.o
                0x0000000008001940                HAL_NVIC_SetPriorityGrouping
 .text.HAL_NVIC_SetPriority
                0x0000000008001956       0x38 ./Drivers/STM32F1xx_HAL_Driver/Src/stm32f1xx_hal_cortex.o
                0x0000000008001956                HAL_NVIC_SetPriority
 .text.HAL_NVIC_EnableIRQ
                0x000000000800198e       0x1c ./Drivers/STM32F1xx_HAL_Driver/Src/stm32f1xx_hal_cortex.o
                0x000000000800198e                HAL_NVIC_EnableIRQ
 .text.HAL_SYSTICK_Config
                0x00000000080019aa       0x18 ./Drivers/STM32F1xx_HAL_Driver/Src/stm32f1xx_hal_cortex.o
                0x00000000080019aa                HAL_SYSTICK_Config
 *fill*         0x00000000080019c2        0x2 
 .text.HAL_DMA_Init
                0x00000000080019c4       0xb4 ./Drivers/STM32F1xx_HAL_Driver/Src/stm32f1xx_hal_dma.o
                0x00000000080019c4                HAL_DMA_Init
 .text.HAL_DMA_Start_IT
                0x0000000008001a78       0xc0 ./Drivers/STM32F1xx_HAL_Driver/Src/stm32f1xx_hal_dma.o
                0x0000000008001a78                HAL_DMA_Start_IT
 .text.HAL_DMA_Abort
                0x0000000008001b38       0x76 ./Drivers/STM32F1xx_HAL_Driver/Src/stm32f1xx_hal_dma.o
                0x0000000008001b38                HAL_DMA_Abort
 *fill*         0x0000000008001bae        0x2 
 .text.HAL_DMA_Abort_IT
                0x0000000008001bb0       0xf0 ./Drivers/STM32F1xx_HAL_Driver/Src/stm32f1xx_hal_dma.o
                0x0000000008001bb0                HAL_DMA_Abort_IT
 .text.HAL_DMA_IRQHandler
                0x0000000008001ca0      0x20c ./Drivers/STM32F1xx_HAL_Driver/Src/stm32f1xx_hal_dma.o
                0x0000000008001ca0                HAL_DMA_IRQHandler
 .text.DMA_SetConfig
                0x0000000008001eac       0x5a ./Drivers/STM32F1xx_HAL_Driver/Src/stm32f1xx_hal_dma.o
 *fill*         0x0000000008001f06        0x2 
 .text.HAL_GPIO_Init
                0x0000000008001f08      0x308 ./Drivers/STM32F1xx_HAL_Driver/Src/stm32f1xx_hal_gpio.o
                0x0000000008001f08                HAL_GPIO_Init
 .text.HAL_GPIO_WritePin
                0x0000000008002210       0x30 ./Drivers/STM32F1xx_HAL_Driver/Src/stm32f1xx_hal_gpio.o
                0x0000000008002210                HAL_GPIO_WritePin
 .text.HAL_GPIO_TogglePin
                0x0000000008002240       0x32 ./Drivers/STM32F1xx_HAL_Driver/Src/stm32f1xx_hal_gpio.o
                0x0000000008002240                HAL_GPIO_TogglePin
 *fill*         0x0000000008002272        0x2 
 .text.HAL_RCC_OscConfig
                0x0000000008002274      0x504 ./Drivers/STM32F1xx_HAL_Driver/Src/stm32f1xx_hal_rcc.o
                0x0000000008002274                HAL_RCC_OscConfig
 .text.HAL_RCC_ClockConfig
                0x0000000008002778      0x1d4 ./Drivers/STM32F1xx_HAL_Driver/Src/stm32f1xx_hal_rcc.o
                0x0000000008002778                HAL_RCC_ClockConfig
 .text.HAL_RCC_GetSysClockFreq
                0x000000000800294c       0xa8 ./Drivers/STM32F1xx_HAL_Driver/Src/stm32f1xx_hal_rcc.o
                0x000000000800294c                HAL_RCC_GetSysClockFreq
 .text.HAL_RCC_GetHCLKFreq
                0x00000000080029f4       0x14 ./Drivers/STM32F1xx_HAL_Driver/Src/stm32f1xx_hal_rcc.o
                0x00000000080029f4                HAL_RCC_GetHCLKFreq
 .text.HAL_RCC_GetPCLK1Freq
                0x0000000008002a08       0x28 ./Drivers/STM32F1xx_HAL_Driver/Src/stm32f1xx_hal_rcc.o
                0x0000000008002a08                HAL_RCC_GetPCLK1Freq
 .text.HAL_RCC_GetPCLK2Freq
                0x0000000008002a30       0x28 ./Drivers/STM32F1xx_HAL_Driver/Src/stm32f1xx_hal_rcc.o
                0x0000000008002a30                HAL_RCC_GetPCLK2Freq
 .text.RCC_Delay
                0x0000000008002a58       0x3c ./Drivers/STM32F1xx_HAL_Driver/Src/stm32f1xx_hal_rcc.o
 .text.HAL_UART_Init
                0x0000000008002a94       0xa0 ./Drivers/STM32F1xx_HAL_Driver/Src/stm32f1xx_hal_uart.o
                0x0000000008002a94                HAL_UART_Init
 .text.HAL_UART_Transmit_DMA
                0x0000000008002b34       0xe0 ./Drivers/STM32F1xx_HAL_Driver/Src/stm32f1xx_hal_uart.o
                0x0000000008002b34                HAL_UART_Transmit_DMA
 .text.HAL_UART_IRQHandler
                0x0000000008002c14      0x524 ./Drivers/STM32F1xx_HAL_Driver/Src/stm32f1xx_hal_uart.o
                0x0000000008002c14                HAL_UART_IRQHandler
 .text.HAL_UART_TxCpltCallback
                0x0000000008003138       0x12 ./Drivers/STM32F1xx_HAL_Driver/Src/stm32f1xx_hal_uart.o
                0x0000000008003138                HAL_UART_TxCpltCallback
 .text.HAL_UART_TxHalfCpltCallback
                0x000000000800314a       0x12 ./Drivers/STM32F1xx_HAL_Driver/Src/stm32f1xx_hal_uart.o
                0x000000000800314a                HAL_UART_TxHalfCpltCallback
 .text.HAL_UART_RxCpltCallback
                0x000000000800315c       0x12 ./Drivers/STM32F1xx_HAL_Driver/Src/stm32f1xx_hal_uart.o
                0x000000000800315c                HAL_UART_RxCpltCallback
 .text.HAL_UART_ErrorCallback
                0x000000000800316e       0x12 ./Drivers/STM32F1xx_HAL_Driver/Src/stm32f1xx_hal_uart.o
                0x000000000800316e                HAL_UART_ErrorCallback
 .text.HAL_UARTEx_RxEventCallback
                0x0000000008003180       0x16 ./Drivers/STM32F1xx_HAL_Driver/Src/stm32f1xx_hal_uart.o
                0x0000000008003180                HAL_UARTEx_RxEventCallback
 .text.UART_DMATransmitCplt
                0x0000000008003196       0x9a ./Drivers/STM32F1xx_HAL_Driver/Src/stm32f1xx_hal_uart.o
 .text.UART_DMATxHalfCplt
                0x0000000008003230       0x1c ./Drivers/STM32F1xx_HAL_Driver/Src/stm32f1xx_hal_uart.o
 .text.UART_DMAError
                0x000000000800324c       0x94 ./Drivers/STM32F1xx_HAL_Driver/Src/stm32f1xx_hal_uart.o
 .text.UART_EndTxTransfer
                0x00000000080032e0       0x4e ./Drivers/STM32F1xx_HAL_Driver/Src/stm32f1xx_hal_uart.o
 .text.UART_EndRxTransfer
                0x000000000800332e       0xc4 ./Drivers/STM32F1xx_HAL_Driver/Src/stm32f1xx_hal_uart.o
 .text.UART_DMAAbortOnError
                0x00000000080033f2       0x28 ./Drivers/STM32F1xx_HAL_Driver/Src/stm32f1xx_hal_uart.o
 .text.UART_Transmit_IT
                0x000000000800341a       0x9e ./Drivers/STM32F1xx_HAL_Driver/Src/stm32f1xx_hal_uart.o
 .text.UART_EndTransmit_IT
                0x00000000080034b8       0x30 ./Drivers/STM32F1xx_HAL_Driver/Src/stm32f1xx_hal_uart.o
 .text.UART_Receive_IT
                0x00000000080034e8      0x17c ./Drivers/STM32F1xx_HAL_Driver/Src/stm32f1xx_hal_uart.o
 .text.UART_SetConfig
                0x0000000008003664      0x11c ./Drivers/STM32F1xx_HAL_Driver/Src/stm32f1xx_hal_uart.o
 .text.__libc_init_array
                0x0000000008003780       0x48 c:/st/stm32cubeide_1.10.1/stm32cubeide/plugins/com.st.stm32cube.ide.mcu.externaltools.gnu-tools-for-stm32.10.3-2021.10.win32_1.0.0.202111181127/tools/bin/../lib/gcc/arm-none-eabi/10.3.1/../../../../arm-none-eabi/lib/thumb/v7-m/nofp\libc_nano.a(lib_a-init.o)
                0x0000000008003780                __libc_init_array
 .text.memset   0x00000000080037c8       0x10 c:/st/stm32cubeide_1.10.1/stm32cubeide/plugins/com.st.stm32cube.ide.mcu.externaltools.gnu-tools-for-stm32.10.3-2021.10.win32_1.0.0.202111181127/tools/bin/../lib/gcc/arm-none-eabi/10.3.1/../../../../arm-none-eabi/lib/thumb/v7-m/nofp\libc_nano.a(lib_a-memset.o)
                0x00000000080037c8                memset
 *(.glue_7)
 .glue_7        0x00000000080037d8        0x0 linker stubs
 *(.glue_7t)
 .glue_7t       0x00000000080037d8        0x0 linker stubs
 *(.eh_frame)
 .eh_frame      0x00000000080037d8        0x0 c:/st/stm32cubeide_1.10.1/stm32cubeide/plugins/com.st.stm32cube.ide.mcu.externaltools.gnu-tools-for-stm32.10.3-2021.10.win32_1.0.0.202111181127/tools/bin/../lib/gcc/arm-none-eabi/10.3.1/thumb/v7-m/nofp/crtbegin.o
 *(.init)
 .init          0x00000000080037d8        0x4 c:/st/stm32cubeide_1.10.1/stm32cubeide/plugins/com.st.stm32cube.ide.mcu.externaltools.gnu-tools-for-stm32.10.3-2021.10.win32_1.0.0.202111181127/tools/bin/../lib/gcc/arm-none-eabi/10.3.1/thumb/v7-m/nofp/crti.o
                0x00000000080037d8                _init
 .init          0x00000000080037dc        0x8 c:/st/stm32cubeide_1.10.1/stm32cubeide/plugins/com.st.stm32cube.ide.mcu.externaltools.gnu-tools-for-stm32.10.3-2021.10.win32_1.0.0.202111181127/tools/bin/../lib/gcc/arm-none-eabi/10.3.1/thumb/v7-m/nofp/crtn.o
 *(.fini)
 .fini          0x00000000080037e4        0x4 c:/st/stm32cubeide_1.10.1/stm32cubeide/plugins/com.st.stm32cube.ide.mcu.externaltools.gnu-tools-for-stm32.10.3-2021.10.win32_1.0.0.202111181127/tools/bin/../lib/gcc/arm-none-eabi/10.3.1/thumb/v7-m/nofp/crti.o
                0x00000000080037e4                _fini
 .fini          0x00000000080037e8        0x8 c:/st/stm32cubeide_1.10.1/stm32cubeide/plugins/com.st.stm32cube.ide.mcu.externaltools.gnu-tools-for-stm32.10.3-2021.10.win32_1.0.0.202111181127/tools/bin/../lib/gcc/arm-none-eabi/10.3.1/thumb/v7-m/nofp/crtn.o
                0x00000000080037f0                . = ALIGN (0x4)
                0x00000000080037f0                _etext = .

.vfp11_veneer   0x00000000080037f0        0x0
 .vfp11_veneer  0x00000000080037f0        0x0 linker stubs

.v4_bx          0x00000000080037f0        0x0
 .v4_bx         0x00000000080037f0        0x0 linker stubs

.iplt           0x00000000080037f0        0x0
 .iplt          0x00000000080037f0        0x0 c:/st/stm32cubeide_1.10.1/stm32cubeide/plugins/com.st.stm32cube.ide.mcu.externaltools.gnu-tools-for-stm32.10.3-2021.10.win32_1.0.0.202111181127/tools/bin/../lib/gcc/arm-none-eabi/10.3.1/thumb/v7-m/nofp/crtbegin.o

.rodata         0x00000000080037f0      0x190
                0x00000000080037f0                . = ALIGN (0x4)
 *(.rodata)
 .rodata        0x00000000080037f0       0x6d ./Apps/Src/dev_trace.o
 *fill*         0x000000000800385d        0x3 
 .rodata        0x0000000008003860       0xbe ./Apps/Src/hal_gpio.o
 *fill*         0x000000000800391e        0x2 
 .rodata        0x0000000008003920       0x32 ./Core/Src/main.o
 *(.rodata*)
 *fill*         0x0000000008003952        0x2 
 .rodata.AHBPrescTable
                0x0000000008003954       0x10 ./Core/Src/system_stm32f1xx.o
                0x0000000008003954                AHBPrescTable
 .rodata.APBPrescTable
                0x0000000008003964        0x8 ./Core/Src/system_stm32f1xx.o
                0x0000000008003964                APBPrescTable
 .rodata.aPLLMULFactorTable.1
                0x000000000800396c       0x10 ./Drivers/STM32F1xx_HAL_Driver/Src/stm32f1xx_hal_rcc.o
 .rodata.aPredivFactorTable.0
                0x000000000800397c        0x2 ./Drivers/STM32F1xx_HAL_Driver/Src/stm32f1xx_hal_rcc.o
                0x0000000008003980                . = ALIGN (0x4)
 *fill*         0x000000000800397e        0x2 

.rel.dyn        0x0000000008003980        0x0
 .rel.iplt      0x0000000008003980        0x0 c:/st/stm32cubeide_1.10.1/stm32cubeide/plugins/com.st.stm32cube.ide.mcu.externaltools.gnu-tools-for-stm32.10.3-2021.10.win32_1.0.0.202111181127/tools/bin/../lib/gcc/arm-none-eabi/10.3.1/thumb/v7-m/nofp/crtbegin.o

.ARM.extab      0x0000000008003980        0x0
                0x0000000008003980                . = ALIGN (0x4)
 *(.ARM.extab* .gnu.linkonce.armextab.*)
                0x0000000008003980                . = ALIGN (0x4)

.ARM            0x0000000008003980        0x0
                0x0000000008003980                . = ALIGN (0x4)
                0x0000000008003980                __exidx_start = .
 *(.ARM.exidx*)
                0x0000000008003980                __exidx_end = .
                0x0000000008003980                . = ALIGN (0x4)

.preinit_array  0x0000000008003980        0x0
                0x0000000008003980                . = ALIGN (0x4)
                0x0000000008003980                PROVIDE (__preinit_array_start = .)
 *(.preinit_array*)
                0x0000000008003980                PROVIDE (__preinit_array_end = .)
                0x0000000008003980                . = ALIGN (0x4)

.init_array     0x0000000008003980        0x4
                0x0000000008003980                . = ALIGN (0x4)
                0x0000000008003980                PROVIDE (__init_array_start = .)
 *(SORT_BY_NAME(.init_array.*))
 *(.init_array*)
 .init_array    0x0000000008003980        0x4 c:/st/stm32cubeide_1.10.1/stm32cubeide/plugins/com.st.stm32cube.ide.mcu.externaltools.gnu-tools-for-stm32.10.3-2021.10.win32_1.0.0.202111181127/tools/bin/../lib/gcc/arm-none-eabi/10.3.1/thumb/v7-m/nofp/crtbegin.o
                0x0000000008003984                PROVIDE (__init_array_end = .)
                0x0000000008003984                . = ALIGN (0x4)

.fini_array     0x0000000008003984        0x4
                0x0000000008003984                . = ALIGN (0x4)
                [!provide]                        PROVIDE (__fini_array_start = .)
 *(SORT_BY_NAME(.fini_array.*))
 *(.fini_array*)
 .fini_array    0x0000000008003984        0x4 c:/st/stm32cubeide_1.10.1/stm32cubeide/plugins/com.st.stm32cube.ide.mcu.externaltools.gnu-tools-for-stm32.10.3-2021.10.win32_1.0.0.202111181127/tools/bin/../lib/gcc/arm-none-eabi/10.3.1/thumb/v7-m/nofp/crtbegin.o
                [!provide]                        PROVIDE (__fini_array_end = .)
                0x0000000008003988                . = ALIGN (0x4)
                0x0000000008003988                _sidata = LOADADDR (.data)

.data           0x0000000020000000        0xc load address 0x0000000008003988
                0x0000000020000000                . = ALIGN (0x4)
                0x0000000020000000                _sdata = .
 *(.data)
 *(.data*)
 .data.SystemCoreClock
                0x0000000020000000        0x4 ./Core/Src/system_stm32f1xx.o
                0x0000000020000000                SystemCoreClock
 .data.uwTickPrio
                0x0000000020000004        0x4 ./Drivers/STM32F1xx_HAL_Driver/Src/stm32f1xx_hal.o
                0x0000000020000004                uwTickPrio
 .data.uwTickFreq
                0x0000000020000008        0x1 ./Drivers/STM32F1xx_HAL_Driver/Src/stm32f1xx_hal.o
                0x0000000020000008                uwTickFreq
 *(.RamFunc)
 *(.RamFunc*)
                0x000000002000000c                . = ALIGN (0x4)
 *fill*         0x0000000020000009        0x3 
                0x000000002000000c                _edata = .

.igot.plt       0x000000002000000c        0x0 load address 0x0000000008003994
 .igot.plt      0x000000002000000c        0x0 c:/st/stm32cubeide_1.10.1/stm32cubeide/plugins/com.st.stm32cube.ide.mcu.externaltools.gnu-tools-for-stm32.10.3-2021.10.win32_1.0.0.202111181127/tools/bin/../lib/gcc/arm-none-eabi/10.3.1/thumb/v7-m/nofp/crtbegin.o
                0x000000002000000c                . = ALIGN (0x4)

.bss            0x000000002000000c      0x214 load address 0x0000000008003994
                0x000000002000000c                _sbss = .
                0x000000002000000c                __bss_start__ = _sbss
 *(.bss)
 .bss           0x000000002000000c       0x1c c:/st/stm32cubeide_1.10.1/stm32cubeide/plugins/com.st.stm32cube.ide.mcu.externaltools.gnu-tools-for-stm32.10.3-2021.10.win32_1.0.0.202111181127/tools/bin/../lib/gcc/arm-none-eabi/10.3.1/thumb/v7-m/nofp/crtbegin.o
 *(.bss*)
 .bss.trace_ready
                0x0000000020000028        0x1 ./Apps/Src/dev_trace.o
 .bss.trace_error_id
                0x0000000020000029        0x1 ./Apps/Src/dev_trace.o
 *fill*         0x000000002000002a        0x2 
 .bss.trace_spi
                0x000000002000002c       0x60 ./Apps/Src/dev_trace.o
 .bss.gpio_irq_cbf
                0x000000002000008c       0x40 ./Apps/Src/hal_gpio.o
                0x000000002000008c                gpio_irq_cbf
 .bss.huart1    0x00000000200000cc       0x48 ./Core/Src/main.o
                0x00000000200000cc                huart1
 .bss.hdma_usart1_rx
                0x0000000020000114       0x44 ./Core/Src/main.o
                0x0000000020000114                hdma_usart1_rx
 .bss.hdma_usart1_tx
                0x0000000020000158       0x44 ./Core/Src/main.o
                0x0000000020000158                hdma_usart1_tx
 .bss.tx_buffer
                0x000000002000019c       0x80 ./Core/Src/main.o
                0x000000002000019c                tx_buffer
 .bss.uwTick    0x000000002000021c        0x4 ./Drivers/STM32F1xx_HAL_Driver/Src/stm32f1xx_hal.o
                0x000000002000021c                uwTick
 *(COMMON)
                0x0000000020000220                . = ALIGN (0x4)
                0x0000000020000220                _ebss = .
                0x0000000020000220                __bss_end__ = _ebss

._user_heap_stack
                0x0000000020000220      0x600 load address 0x0000000008003994
                0x0000000020000220                . = ALIGN (0x8)
                [!provide]                        PROVIDE (end = .)
                0x0000000020000220                PROVIDE (_end = .)
                0x0000000020000420                . = (. + _Min_Heap_Size)
 *fill*         0x0000000020000220      0x200 
                0x0000000020000820                . = (. + _Min_Stack_Size)
 *fill*         0x0000000020000420      0x400 
                0x0000000020000820                . = ALIGN (0x8)

/DISCARD/
 libc.a(*)
 libm.a(*)
 libgcc.a(*)

.ARM.attributes
                0x0000000000000000       0x29
 *(.ARM.attributes)
 .ARM.attributes
                0x0000000000000000       0x1d c:/st/stm32cubeide_1.10.1/stm32cubeide/plugins/com.st.stm32cube.ide.mcu.externaltools.gnu-tools-for-stm32.10.3-2021.10.win32_1.0.0.202111181127/tools/bin/../lib/gcc/arm-none-eabi/10.3.1/thumb/v7-m/nofp/crti.o
 .ARM.attributes
                0x000000000000001d       0x2d c:/st/stm32cubeide_1.10.1/stm32cubeide/plugins/com.st.stm32cube.ide.mcu.externaltools.gnu-tools-for-stm32.10.3-2021.10.win32_1.0.0.202111181127/tools/bin/../lib/gcc/arm-none-eabi/10.3.1/thumb/v7-m/nofp/crtbegin.o
 .ARM.attributes
                0x000000000000004a       0x2d ./Apps/Src/dev_trace.o
 .ARM.attributes
                0x0000000000000077       0x2d ./Apps/Src/hal_driver_def.o
 .ARM.attributes
                0x00000000000000a4       0x2d ./Apps/Src/hal_gpio.o
 .ARM.attributes
                0x00000000000000d1       0x2d ./Core/Src/main.o
 .ARM.attributes
                0x00000000000000fe       0x2d ./Core/Src/stm32f1xx_hal_msp.o
 .ARM.attributes
                0x000000000000012b       0x2d ./Core/Src/stm32f1xx_it.o
 .ARM.attributes
                0x0000000000000158       0x2d ./Core/Src/system_stm32f1xx.o
 .ARM.attributes
                0x0000000000000185       0x21 ./Core/Startup/startup_stm32f103c8tx.o
 .ARM.attributes
                0x00000000000001a6       0x2d ./Drivers/STM32F1xx_HAL_Driver/Src/stm32f1xx_hal.o
 .ARM.attributes
                0x00000000000001d3       0x2d ./Drivers/STM32F1xx_HAL_Driver/Src/stm32f1xx_hal_cortex.o
 .ARM.attributes
                0x0000000000000200       0x2d ./Drivers/STM32F1xx_HAL_Driver/Src/stm32f1xx_hal_dma.o
 .ARM.attributes
                0x000000000000022d       0x2d ./Drivers/STM32F1xx_HAL_Driver/Src/stm32f1xx_hal_gpio.o
 .ARM.attributes
                0x000000000000025a       0x2d ./Drivers/STM32F1xx_HAL_Driver/Src/stm32f1xx_hal_rcc.o
 .ARM.attributes
                0x0000000000000287       0x2d ./Drivers/STM32F1xx_HAL_Driver/Src/stm32f1xx_hal_uart.o
 .ARM.attributes
                0x00000000000002b4       0x2d c:/st/stm32cubeide_1.10.1/stm32cubeide/plugins/com.st.stm32cube.ide.mcu.externaltools.gnu-tools-for-stm32.10.3-2021.10.win32_1.0.0.202111181127/tools/bin/../lib/gcc/arm-none-eabi/10.3.1/../../../../arm-none-eabi/lib/thumb/v7-m/nofp\libc_nano.a(lib_a-init.o)
 .ARM.attributes
                0x00000000000002e1       0x2d c:/st/stm32cubeide_1.10.1/stm32cubeide/plugins/com.st.stm32cube.ide.mcu.externaltools.gnu-tools-for-stm32.10.3-2021.10.win32_1.0.0.202111181127/tools/bin/../lib/gcc/arm-none-eabi/10.3.1/../../../../arm-none-eabi/lib/thumb/v7-m/nofp\libc_nano.a(lib_a-memset.o)
 .ARM.attributes
                0x000000000000030e       0x1d c:/st/stm32cubeide_1.10.1/stm32cubeide/plugins/com.st.stm32cube.ide.mcu.externaltools.gnu-tools-for-stm32.10.3-2021.10.win32_1.0.0.202111181127/tools/bin/../lib/gcc/arm-none-eabi/10.3.1/thumb/v7-m/nofp/crtn.o
OUTPUT(Senior_Project.elf elf32-littlearm)
LOAD linker stubs
LOAD c:/st/stm32cubeide_1.10.1/stm32cubeide/plugins/com.st.stm32cube.ide.mcu.externaltools.gnu-tools-for-stm32.10.3-2021.10.win32_1.0.0.202111181127/tools/bin/../lib/gcc/arm-none-eabi/10.3.1/../../../../arm-none-eabi/lib/thumb/v7-m/nofp\libc.a
LOAD c:/st/stm32cubeide_1.10.1/stm32cubeide/plugins/com.st.stm32cube.ide.mcu.externaltools.gnu-tools-for-stm32.10.3-2021.10.win32_1.0.0.202111181127/tools/bin/../lib/gcc/arm-none-eabi/10.3.1/../../../../arm-none-eabi/lib/thumb/v7-m/nofp\libm.a
LOAD c:/st/stm32cubeide_1.10.1/stm32cubeide/plugins/com.st.stm32cube.ide.mcu.externaltools.gnu-tools-for-stm32.10.3-2021.10.win32_1.0.0.202111181127/tools/bin/../lib/gcc/arm-none-eabi/10.3.1/thumb/v7-m/nofp\libgcc.a

.debug_info     0x0000000000000000     0x951a
 .debug_info    0x0000000000000000      0x975 ./Apps/Src/dev_trace.o
 .debug_info    0x0000000000000975      0x2c5 ./Apps/Src/hal_driver_def.o
 .debug_info    0x0000000000000c3a      0xe59 ./Apps/Src/hal_gpio.o
 .debug_info    0x0000000000001a93      0xde7 ./Core/Src/main.o
 .debug_info    0x000000000000287a      0x9f2 ./Core/Src/stm32f1xx_hal_msp.o
 .debug_info    0x000000000000326c      0x68b ./Core/Src/stm32f1xx_it.o
 .debug_info    0x00000000000038f7      0x23d ./Core/Src/system_stm32f1xx.o
 .debug_info    0x0000000000003b34       0x22 ./Core/Startup/startup_stm32f103c8tx.o
 .debug_info    0x0000000000003b56      0x734 ./Drivers/STM32F1xx_HAL_Driver/Src/stm32f1xx_hal.o
 .debug_info    0x000000000000428a      0xb20 ./Drivers/STM32F1xx_HAL_Driver/Src/stm32f1xx_hal_cortex.o
 .debug_info    0x0000000000004daa      0x744 ./Drivers/STM32F1xx_HAL_Driver/Src/stm32f1xx_hal_dma.o
 .debug_info    0x00000000000054ee      0x615 ./Drivers/STM32F1xx_HAL_Driver/Src/stm32f1xx_hal_gpio.o
 .debug_info    0x0000000000005b03      0x865 ./Drivers/STM32F1xx_HAL_Driver/Src/stm32f1xx_hal_rcc.o
 .debug_info    0x0000000000006368     0x31b2 ./Drivers/STM32F1xx_HAL_Driver/Src/stm32f1xx_hal_uart.o

.debug_abbrev   0x0000000000000000     0x1b9e
 .debug_abbrev  0x0000000000000000      0x252 ./Apps/Src/dev_trace.o
 .debug_abbrev  0x0000000000000252      0x150 ./Apps/Src/hal_driver_def.o
 .debug_abbrev  0x00000000000003a2      0x29d ./Apps/Src/hal_gpio.o
 .debug_abbrev  0x000000000000063f      0x2a0 ./Core/Src/main.o
 .debug_abbrev  0x00000000000008df      0x1e4 ./Core/Src/stm32f1xx_hal_msp.o
 .debug_abbrev  0x0000000000000ac3      0x166 ./Core/Src/stm32f1xx_it.o
 .debug_abbrev  0x0000000000000c29      0x13b ./Core/Src/system_stm32f1xx.o
 .debug_abbrev  0x0000000000000d64       0x12 ./Core/Startup/startup_stm32f103c8tx.o
 .debug_abbrev  0x0000000000000d76      0x1fb ./Drivers/STM32F1xx_HAL_Driver/Src/stm32f1xx_hal.o
 .debug_abbrev  0x0000000000000f71      0x2ed ./Drivers/STM32F1xx_HAL_Driver/Src/stm32f1xx_hal_cortex.o
 .debug_abbrev  0x000000000000125e      0x1fe ./Drivers/STM32F1xx_HAL_Driver/Src/stm32f1xx_hal_dma.o
 .debug_abbrev  0x000000000000145c      0x1bb ./Drivers/STM32F1xx_HAL_Driver/Src/stm32f1xx_hal_gpio.o
 .debug_abbrev  0x0000000000001617      0x2a8 ./Drivers/STM32F1xx_HAL_Driver/Src/stm32f1xx_hal_rcc.o
 .debug_abbrev  0x00000000000018bf      0x2df ./Drivers/STM32F1xx_HAL_Driver/Src/stm32f1xx_hal_uart.o

.debug_aranges  0x0000000000000000      0x840
 .debug_aranges
                0x0000000000000000       0x98 ./Apps/Src/dev_trace.o
 .debug_aranges
                0x0000000000000098       0x30 ./Apps/Src/hal_driver_def.o
 .debug_aranges
                0x00000000000000c8       0xe8 ./Apps/Src/hal_gpio.o
 .debug_aranges
                0x00000000000001b0       0x48 ./Core/Src/main.o
 .debug_aranges
                0x00000000000001f8       0x30 ./Core/Src/stm32f1xx_hal_msp.o
 .debug_aranges
                0x0000000000000228       0x78 ./Core/Src/stm32f1xx_it.o
 .debug_aranges
                0x00000000000002a0       0x28 ./Core/Src/system_stm32f1xx.o
 .debug_aranges
                0x00000000000002c8       0x28 ./Core/Startup/startup_stm32f103c8tx.o
 .debug_aranges
                0x00000000000002f0       0xe0 ./Drivers/STM32F1xx_HAL_Driver/Src/stm32f1xx_hal.o
 .debug_aranges
                0x00000000000003d0      0x100 ./Drivers/STM32F1xx_HAL_Driver/Src/stm32f1xx_hal_cortex.o
 .debug_aranges
                0x00000000000004d0       0x80 ./Drivers/STM32F1xx_HAL_Driver/Src/stm32f1xx_hal_dma.o
 .debug_aranges
                0x0000000000000550       0x58 ./Drivers/STM32F1xx_HAL_Driver/Src/stm32f1xx_hal_gpio.o
 .debug_aranges
                0x00000000000005a8       0x90 ./Drivers/STM32F1xx_HAL_Driver/Src/stm32f1xx_hal_rcc.o
 .debug_aranges
                0x0000000000000638      0x208 ./Drivers/STM32F1xx_HAL_Driver/Src/stm32f1xx_hal_uart.o

.debug_ranges   0x0000000000000000      0x798
 .debug_ranges  0x0000000000000000       0x88 ./Apps/Src/dev_trace.o
 .debug_ranges  0x0000000000000088       0x20 ./Apps/Src/hal_driver_def.o
 .debug_ranges  0x00000000000000a8       0xd8 ./Apps/Src/hal_gpio.o
 .debug_ranges  0x0000000000000180       0x38 ./Core/Src/main.o
 .debug_ranges  0x00000000000001b8       0x20 ./Core/Src/stm32f1xx_hal_msp.o
 .debug_ranges  0x00000000000001d8       0x68 ./Core/Src/stm32f1xx_it.o
 .debug_ranges  0x0000000000000240       0x18 ./Core/Src/system_stm32f1xx.o
 .debug_ranges  0x0000000000000258       0x20 ./Core/Startup/startup_stm32f103c8tx.o
 .debug_ranges  0x0000000000000278       0xd0 ./Drivers/STM32F1xx_HAL_Driver/Src/stm32f1xx_hal.o
 .debug_ranges  0x0000000000000348       0xf0 ./Drivers/STM32F1xx_HAL_Driver/Src/stm32f1xx_hal_cortex.o
 .debug_ranges  0x0000000000000438       0x70 ./Drivers/STM32F1xx_HAL_Driver/Src/stm32f1xx_hal_dma.o
 .debug_ranges  0x00000000000004a8       0x48 ./Drivers/STM32F1xx_HAL_Driver/Src/stm32f1xx_hal_gpio.o
 .debug_ranges  0x00000000000004f0       0x80 ./Drivers/STM32F1xx_HAL_Driver/Src/stm32f1xx_hal_rcc.o
 .debug_ranges  0x0000000000000570      0x228 ./Drivers/STM32F1xx_HAL_Driver/Src/stm32f1xx_hal_uart.o

.debug_macro    0x0000000000000000    0x18382
 .debug_macro   0x0000000000000000      0x1d8 ./Apps/Src/dev_trace.o
 .debug_macro   0x00000000000001d8      0xa6c ./Apps/Src/dev_trace.o
 .debug_macro   0x0000000000000c44       0x58 ./Apps/Src/dev_trace.o
 .debug_macro   0x0000000000000c9c       0x22 ./Apps/Src/dev_trace.o
 .debug_macro   0x0000000000000cbe       0x8e ./Apps/Src/dev_trace.o
 .debug_macro   0x0000000000000d4c       0x51 ./Apps/Src/dev_trace.o
 .debug_macro   0x0000000000000d9d      0x103 ./Apps/Src/dev_trace.o
 .debug_macro   0x0000000000000ea0       0x6a ./Apps/Src/dev_trace.o
 .debug_macro   0x0000000000000f0a      0x1df ./Apps/Src/dev_trace.o
 .debug_macro   0x00000000000010e9      0x7af ./Apps/Src/dev_trace.o
 .debug_macro   0x0000000000001898      0x21b ./Apps/Src/dev_trace.o
 .debug_macro   0x0000000000001ab3       0x2e ./Apps/Src/dev_trace.o
 .debug_macro   0x0000000000001ae1       0x22 ./Apps/Src/dev_trace.o
 .debug_macro   0x0000000000001b03       0x1c ./Apps/Src/dev_trace.o
 .debug_macro   0x0000000000001b1f       0x22 ./Apps/Src/dev_trace.o
 .debug_macro   0x0000000000001b41       0xbd ./Apps/Src/dev_trace.o
 .debug_macro   0x0000000000001bfe      0xd23 ./Apps/Src/dev_trace.o
 .debug_macro   0x0000000000002921     0xe09e ./Apps/Src/dev_trace.o
 .debug_macro   0x00000000000109bf       0x6d ./Apps/Src/dev_trace.o
 .debug_macro   0x0000000000010a2c     0x348d ./Apps/Src/dev_trace.o
 .debug_macro   0x0000000000013eb9      0x174 ./Apps/Src/dev_trace.o
 .debug_macro   0x000000000001402d       0x5c ./Apps/Src/dev_trace.o
 .debug_macro   0x0000000000014089      0x5bc ./Apps/Src/dev_trace.o
 .debug_macro   0x0000000000014645      0x289 ./Apps/Src/dev_trace.o
 .debug_macro   0x00000000000148ce      0x1cb ./Apps/Src/dev_trace.o
 .debug_macro   0x0000000000014a99      0x114 ./Apps/Src/dev_trace.o
 .debug_macro   0x0000000000014bad      0x1b2 ./Apps/Src/dev_trace.o
 .debug_macro   0x0000000000014d5f       0x27 ./Apps/Src/dev_trace.o
 .debug_macro   0x0000000000014d86      0x136 ./Apps/Src/dev_trace.o
 .debug_macro   0x0000000000014ebc      0x1bc ./Apps/Src/dev_trace.o
 .debug_macro   0x0000000000015078       0x34 ./Apps/Src/dev_trace.o
 .debug_macro   0x00000000000150ac       0x3c ./Apps/Src/dev_trace.o
 .debug_macro   0x00000000000150e8       0x57 ./Apps/Src/dev_trace.o
 .debug_macro   0x000000000001513f       0x87 ./Apps/Src/dev_trace.o
 .debug_macro   0x00000000000151c6      0x240 ./Apps/Src/dev_trace.o
 .debug_macro   0x0000000000015406      0x140 ./Apps/Src/dev_trace.o
 .debug_macro   0x0000000000015546      0x28e ./Apps/Src/dev_trace.o
 .debug_macro   0x00000000000157d4       0x83 ./Apps/Src/dev_trace.o
 .debug_macro   0x0000000000015857       0x22 ./Apps/Src/dev_trace.o
 .debug_macro   0x0000000000015879       0xa9 ./Apps/Src/dev_trace.o
 .debug_macro   0x0000000000015922      0x369 ./Apps/Src/hal_driver_def.o
 .debug_macro   0x0000000000015c8b       0x18 ./Apps/Src/hal_driver_def.o
 .debug_macro   0x0000000000015ca3       0x52 ./Apps/Src/hal_driver_def.o
 .debug_macro   0x0000000000015cf5       0x3c ./Apps/Src/hal_driver_def.o
 .debug_macro   0x0000000000015d31       0x34 ./Apps/Src/hal_driver_def.o
 .debug_macro   0x0000000000015d65       0x16 ./Apps/Src/hal_driver_def.o
 .debug_macro   0x0000000000015d7b       0x35 ./Apps/Src/hal_driver_def.o
 .debug_macro   0x0000000000015db0       0x16 ./Apps/Src/hal_driver_def.o
 .debug_macro   0x0000000000015dc6       0x43 ./Apps/Src/hal_driver_def.o
 .debug_macro   0x0000000000015e09       0x34 ./Apps/Src/hal_driver_def.o
 .debug_macro   0x0000000000015e3d       0x10 ./Apps/Src/hal_driver_def.o
 .debug_macro   0x0000000000015e4d       0x58 ./Apps/Src/hal_driver_def.o
 .debug_macro   0x0000000000015ea5       0x71 ./Apps/Src/hal_driver_def.o
 .debug_macro   0x0000000000015f16       0x1c ./Apps/Src/hal_driver_def.o
 .debug_macro   0x0000000000015f32      0x12a ./Apps/Src/hal_driver_def.o
 .debug_macro   0x000000000001605c      0x341 ./Apps/Src/hal_driver_def.o
 .debug_macro   0x000000000001639d       0x16 ./Apps/Src/hal_driver_def.o
 .debug_macro   0x00000000000163b3       0x29 ./Apps/Src/hal_driver_def.o
 .debug_macro   0x00000000000163dc       0x1c ./Apps/Src/hal_driver_def.o
 .debug_macro   0x00000000000163f8       0x10 ./Apps/Src/hal_driver_def.o
 .debug_macro   0x0000000000016408       0x10 ./Apps/Src/hal_driver_def.o
 .debug_macro   0x0000000000016418       0x1c ./Apps/Src/hal_driver_def.o
 .debug_macro   0x0000000000016434       0x52 ./Apps/Src/hal_driver_def.o
 .debug_macro   0x0000000000016486       0x22 ./Apps/Src/hal_driver_def.o
 .debug_macro   0x00000000000164a8       0x10 ./Apps/Src/hal_driver_def.o
 .debug_macro   0x00000000000164b8       0x52 ./Apps/Src/hal_driver_def.o
 .debug_macro   0x000000000001650a       0xd5 ./Apps/Src/hal_driver_def.o
 .debug_macro   0x00000000000165df       0x1c ./Apps/Src/hal_driver_def.o
 .debug_macro   0x00000000000165fb       0x3d ./Apps/Src/hal_driver_def.o
 .debug_macro   0x0000000000016638       0x16 ./Apps/Src/hal_driver_def.o
 .debug_macro   0x000000000001664e      0x145 ./Apps/Src/hal_driver_def.o
 .debug_macro   0x0000000000016793       0x10 ./Apps/Src/hal_driver_def.o
 .debug_macro   0x00000000000167a3      0x369 ./Apps/Src/hal_gpio.o
 .debug_macro   0x0000000000016b0c      0x203 ./Core/Src/main.o
 .debug_macro   0x0000000000016d0f      0x7b5 ./Core/Src/main.o
 .debug_macro   0x00000000000174c4      0x198 ./Core/Src/stm32f1xx_hal_msp.o
 .debug_macro   0x000000000001765c      0x1a2 ./Core/Src/stm32f1xx_it.o
 .debug_macro   0x00000000000177fe      0x18e ./Core/Src/system_stm32f1xx.o
 .debug_macro   0x000000000001798c      0x1b2 ./Drivers/STM32F1xx_HAL_Driver/Src/stm32f1xx_hal.o
 .debug_macro   0x0000000000017b3e      0x18e ./Drivers/STM32F1xx_HAL_Driver/Src/stm32f1xx_hal_cortex.o
 .debug_macro   0x0000000000017ccc      0x18e ./Drivers/STM32F1xx_HAL_Driver/Src/stm32f1xx_hal_dma.o
 .debug_macro   0x0000000000017e5a      0x1f9 ./Drivers/STM32F1xx_HAL_Driver/Src/stm32f1xx_hal_gpio.o
 .debug_macro   0x0000000000018053      0x1a0 ./Drivers/STM32F1xx_HAL_Driver/Src/stm32f1xx_hal_rcc.o
 .debug_macro   0x00000000000181f3      0x18f ./Drivers/STM32F1xx_HAL_Driver/Src/stm32f1xx_hal_uart.o

.debug_line     0x0000000000000000     0xa1b9
 .debug_line    0x0000000000000000      0xbfb ./Apps/Src/dev_trace.o
 .debug_line    0x0000000000000bfb      0x951 ./Apps/Src/hal_driver_def.o
 .debug_line    0x000000000000154c      0xf5c ./Apps/Src/hal_gpio.o
 .debug_line    0x00000000000024a8      0x805 ./Core/Src/main.o
 .debug_line    0x0000000000002cad      0x6dd ./Core/Src/stm32f1xx_hal_msp.o
 .debug_line    0x000000000000338a      0x74b ./Core/Src/stm32f1xx_it.o
 .debug_line    0x0000000000003ad5      0x6bf ./Core/Src/system_stm32f1xx.o
 .debug_line    0x0000000000004194       0x86 ./Core/Startup/startup_stm32f103c8tx.o
 .debug_line    0x000000000000421a      0x8ec ./Drivers/STM32F1xx_HAL_Driver/Src/stm32f1xx_hal.o
 .debug_line    0x0000000000004b06      0xad4 ./Drivers/STM32F1xx_HAL_Driver/Src/stm32f1xx_hal_cortex.o
 .debug_line    0x00000000000055da      0xd45 ./Drivers/STM32F1xx_HAL_Driver/Src/stm32f1xx_hal_dma.o
 .debug_line    0x000000000000631f      0x985 ./Drivers/STM32F1xx_HAL_Driver/Src/stm32f1xx_hal_gpio.o
 .debug_line    0x0000000000006ca4      0xcf8 ./Drivers/STM32F1xx_HAL_Driver/Src/stm32f1xx_hal_rcc.o
 .debug_line    0x000000000000799c     0x281d ./Drivers/STM32F1xx_HAL_Driver/Src/stm32f1xx_hal_uart.o

.debug_str      0x0000000000000000    0x841bc
 .debug_str     0x0000000000000000    0x7de29 ./Apps/Src/dev_trace.o
                                      0x7e1e1 (size before relaxing)
 .debug_str     0x000000000007de29     0x3f54 ./Apps/Src/hal_driver_def.o
                                      0x81d5c (size before relaxing)
 .debug_str     0x0000000000081d7d      0x80c ./Apps/Src/hal_gpio.o
                                      0x825b1 (size before relaxing)
 .debug_str     0x0000000000082589      0x6d1 ./Core/Src/main.o
                                      0x7e903 (size before relaxing)
 .debug_str     0x0000000000082c5a       0x72 ./Core/Src/stm32f1xx_hal_msp.o
                                      0x7cf9d (size before relaxing)
 .debug_str     0x0000000000082ccc      0x134 ./Core/Src/stm32f1xx_it.o
                                      0x7cc5e (size before relaxing)
 .debug_str     0x0000000000082e00       0x7e ./Core/Src/system_stm32f1xx.o
                                      0x7c7d6 (size before relaxing)
 .debug_str     0x0000000000082e7e       0x36 ./Core/Startup/startup_stm32f103c8tx.o
                                         0x6e (size before relaxing)
 .debug_str     0x0000000000082eb4      0x384 ./Drivers/STM32F1xx_HAL_Driver/Src/stm32f1xx_hal.o
                                      0x7cf09 (size before relaxing)
 .debug_str     0x0000000000083238      0x29e ./Drivers/STM32F1xx_HAL_Driver/Src/stm32f1xx_hal_cortex.o
                                      0x7ce55 (size before relaxing)
 .debug_str     0x00000000000834d6      0x20b ./Drivers/STM32F1xx_HAL_Driver/Src/stm32f1xx_hal_dma.o
                                      0x7cb7f (size before relaxing)
 .debug_str     0x00000000000836e1      0x2c4 ./Drivers/STM32F1xx_HAL_Driver/Src/stm32f1xx_hal_gpio.o
                                      0x7cb5c (size before relaxing)
 .debug_str     0x00000000000839a5      0x224 ./Drivers/STM32F1xx_HAL_Driver/Src/stm32f1xx_hal_rcc.o
                                      0x7cc05 (size before relaxing)
 .debug_str     0x0000000000083bc9      0x5f3 ./Drivers/STM32F1xx_HAL_Driver/Src/stm32f1xx_hal_uart.o
                                      0x7d276 (size before relaxing)

.comment        0x0000000000000000       0x50
 .comment       0x0000000000000000       0x50 ./Apps/Src/dev_trace.o
                                         0x51 (size before relaxing)
 .comment       0x0000000000000050       0x51 ./Apps/Src/hal_driver_def.o
 .comment       0x0000000000000050       0x51 ./Apps/Src/hal_gpio.o
 .comment       0x0000000000000050       0x51 ./Core/Src/main.o
 .comment       0x0000000000000050       0x51 ./Core/Src/stm32f1xx_hal_msp.o
 .comment       0x0000000000000050       0x51 ./Core/Src/stm32f1xx_it.o
 .comment       0x0000000000000050       0x51 ./Core/Src/system_stm32f1xx.o
 .comment       0x0000000000000050       0x51 ./Drivers/STM32F1xx_HAL_Driver/Src/stm32f1xx_hal.o
 .comment       0x0000000000000050       0x51 ./Drivers/STM32F1xx_HAL_Driver/Src/stm32f1xx_hal_cortex.o
 .comment       0x0000000000000050       0x51 ./Drivers/STM32F1xx_HAL_Driver/Src/stm32f1xx_hal_dma.o
 .comment       0x0000000000000050       0x51 ./Drivers/STM32F1xx_HAL_Driver/Src/stm32f1xx_hal_gpio.o
 .comment       0x0000000000000050       0x51 ./Drivers/STM32F1xx_HAL_Driver/Src/stm32f1xx_hal_rcc.o
 .comment       0x0000000000000050       0x51 ./Drivers/STM32F1xx_HAL_Driver/Src/stm32f1xx_hal_uart.o

.debug_frame    0x0000000000000000     0x1fd8
 .debug_frame   0x0000000000000000      0x268 ./Apps/Src/dev_trace.o
 .debug_frame   0x0000000000000268       0x80 ./Apps/Src/hal_driver_def.o
 .debug_frame   0x00000000000002e8      0x398 ./Apps/Src/hal_gpio.o
 .debug_frame   0x0000000000000680       0xd0 ./Core/Src/main.o
 .debug_frame   0x0000000000000750       0x80 ./Core/Src/stm32f1xx_hal_msp.o
 .debug_frame   0x00000000000007d0      0x158 ./Core/Src/stm32f1xx_it.o
 .debug_frame   0x0000000000000928       0x58 ./Core/Src/system_stm32f1xx.o
 .debug_frame   0x0000000000000980      0x334 ./Drivers/STM32F1xx_HAL_Driver/Src/stm32f1xx_hal.o
 .debug_frame   0x0000000000000cb4      0x428 ./Drivers/STM32F1xx_HAL_Driver/Src/stm32f1xx_hal_cortex.o
 .debug_frame   0x00000000000010dc      0x208 ./Drivers/STM32F1xx_HAL_Driver/Src/stm32f1xx_hal_dma.o
 .debug_frame   0x00000000000012e4      0x14c ./Drivers/STM32F1xx_HAL_Driver/Src/stm32f1xx_hal_gpio.o
 .debug_frame   0x0000000000001430      0x218 ./Drivers/STM32F1xx_HAL_Driver/Src/stm32f1xx_hal_rcc.o
 .debug_frame   0x0000000000001648      0x944 ./Drivers/STM32F1xx_HAL_Driver/Src/stm32f1xx_hal_uart.o
 .debug_frame   0x0000000000001f8c       0x2c c:/st/stm32cubeide_1.10.1/stm32cubeide/plugins/com.st.stm32cube.ide.mcu.externaltools.gnu-tools-for-stm32.10.3-2021.10.win32_1.0.0.202111181127/tools/bin/../lib/gcc/arm-none-eabi/10.3.1/../../../../arm-none-eabi/lib/thumb/v7-m/nofp\libc_nano.a(lib_a-init.o)
 .debug_frame   0x0000000000001fb8       0x20 c:/st/stm32cubeide_1.10.1/stm32cubeide/plugins/com.st.stm32cube.ide.mcu.externaltools.gnu-tools-for-stm32.10.3-2021.10.win32_1.0.0.202111181127/tools/bin/../lib/gcc/arm-none-eabi/10.3.1/../../../../arm-none-eabi/lib/thumb/v7-m/nofp\libc_nano.a(lib_a-memset.o)
