Archive member included to satisfy reference by file (symbol)

c:/st/stm32cubeide_1.10.1/stm32cubeide/plugins/com.st.stm32cube.ide.mcu.externaltools.gnu-tools-for-stm32.10.3-2021.10.win32_1.0.0.202111181127/tools/bin/../lib/gcc/arm-none-eabi/10.3.1/../../../../arm-none-eabi/lib/thumb/v7-m/nofp\libc_nano.a(lib_a-errno.o)
                              ./Core/Src/syscalls.o (__errno)
c:/st/stm32cubeide_1.10.1/stm32cubeide/plugins/com.st.stm32cube.ide.mcu.externaltools.gnu-tools-for-stm32.10.3-2021.10.win32_1.0.0.202111181127/tools/bin/../lib/gcc/arm-none-eabi/10.3.1/../../../../arm-none-eabi/lib/thumb/v7-m/nofp\libc_nano.a(lib_a-exit.o)
                              c:/st/stm32cubeide_1.10.1/stm32cubeide/plugins/com.st.stm32cube.ide.mcu.externaltools.gnu-tools-for-stm32.10.3-2021.10.win32_1.0.0.202111181127/tools/bin/../lib/gcc/arm-none-eabi/10.3.1/../../../../arm-none-eabi/lib/thumb/v7-m/nofp/crt0.o (exit)
c:/st/stm32cubeide_1.10.1/stm32cubeide/plugins/com.st.stm32cube.ide.mcu.externaltools.gnu-tools-for-stm32.10.3-2021.10.win32_1.0.0.202111181127/tools/bin/../lib/gcc/arm-none-eabi/10.3.1/../../../../arm-none-eabi/lib/thumb/v7-m/nofp\libc_nano.a(lib_a-impure.o)
                              c:/st/stm32cubeide_1.10.1/stm32cubeide/plugins/com.st.stm32cube.ide.mcu.externaltools.gnu-tools-for-stm32.10.3-2021.10.win32_1.0.0.202111181127/tools/bin/../lib/gcc/arm-none-eabi/10.3.1/../../../../arm-none-eabi/lib/thumb/v7-m/nofp\libc_nano.a(lib_a-exit.o) (_global_impure_ptr)
c:/st/stm32cubeide_1.10.1/stm32cubeide/plugins/com.st.stm32cube.ide.mcu.externaltools.gnu-tools-for-stm32.10.3-2021.10.win32_1.0.0.202111181127/tools/bin/../lib/gcc/arm-none-eabi/10.3.1/../../../../arm-none-eabi/lib/thumb/v7-m/nofp\libc_nano.a(lib_a-init.o)
                              c:/st/stm32cubeide_1.10.1/stm32cubeide/plugins/com.st.stm32cube.ide.mcu.externaltools.gnu-tools-for-stm32.10.3-2021.10.win32_1.0.0.202111181127/tools/bin/../lib/gcc/arm-none-eabi/10.3.1/../../../../arm-none-eabi/lib/thumb/v7-m/nofp/crt0.o (__libc_init_array)
c:/st/stm32cubeide_1.10.1/stm32cubeide/plugins/com.st.stm32cube.ide.mcu.externaltools.gnu-tools-for-stm32.10.3-2021.10.win32_1.0.0.202111181127/tools/bin/../lib/gcc/arm-none-eabi/10.3.1/../../../../arm-none-eabi/lib/thumb/v7-m/nofp\libc_nano.a(lib_a-malloc.o)
                              ./Apps/Src/hal_driver_def.o (malloc)
c:/st/stm32cubeide_1.10.1/stm32cubeide/plugins/com.st.stm32cube.ide.mcu.externaltools.gnu-tools-for-stm32.10.3-2021.10.win32_1.0.0.202111181127/tools/bin/../lib/gcc/arm-none-eabi/10.3.1/../../../../arm-none-eabi/lib/thumb/v7-m/nofp\libc_nano.a(lib_a-memcpy-stub.o)
                              ./Apps/Src/max30102_for_stm32_hal.o (memcpy)
c:/st/stm32cubeide_1.10.1/stm32cubeide/plugins/com.st.stm32cube.ide.mcu.externaltools.gnu-tools-for-stm32.10.3-2021.10.win32_1.0.0.202111181127/tools/bin/../lib/gcc/arm-none-eabi/10.3.1/../../../../arm-none-eabi/lib/thumb/v7-m/nofp\libc_nano.a(lib_a-memset.o)
                              c:/st/stm32cubeide_1.10.1/stm32cubeide/plugins/com.st.stm32cube.ide.mcu.externaltools.gnu-tools-for-stm32.10.3-2021.10.win32_1.0.0.202111181127/tools/bin/../lib/gcc/arm-none-eabi/10.3.1/../../../../arm-none-eabi/lib/thumb/v7-m/nofp/crt0.o (memset)
c:/st/stm32cubeide_1.10.1/stm32cubeide/plugins/com.st.stm32cube.ide.mcu.externaltools.gnu-tools-for-stm32.10.3-2021.10.win32_1.0.0.202111181127/tools/bin/../lib/gcc/arm-none-eabi/10.3.1/../../../../arm-none-eabi/lib/thumb/v7-m/nofp\libc_nano.a(lib_a-nano-freer.o)
                              c:/st/stm32cubeide_1.10.1/stm32cubeide/plugins/com.st.stm32cube.ide.mcu.externaltools.gnu-tools-for-stm32.10.3-2021.10.win32_1.0.0.202111181127/tools/bin/../lib/gcc/arm-none-eabi/10.3.1/../../../../arm-none-eabi/lib/thumb/v7-m/nofp\libc_nano.a(lib_a-malloc.o) (_free_r)
c:/st/stm32cubeide_1.10.1/stm32cubeide/plugins/com.st.stm32cube.ide.mcu.externaltools.gnu-tools-for-stm32.10.3-2021.10.win32_1.0.0.202111181127/tools/bin/../lib/gcc/arm-none-eabi/10.3.1/../../../../arm-none-eabi/lib/thumb/v7-m/nofp\libc_nano.a(lib_a-nano-mallocr.o)
                              c:/st/stm32cubeide_1.10.1/stm32cubeide/plugins/com.st.stm32cube.ide.mcu.externaltools.gnu-tools-for-stm32.10.3-2021.10.win32_1.0.0.202111181127/tools/bin/../lib/gcc/arm-none-eabi/10.3.1/../../../../arm-none-eabi/lib/thumb/v7-m/nofp\libc_nano.a(lib_a-malloc.o) (_malloc_r)
c:/st/stm32cubeide_1.10.1/stm32cubeide/plugins/com.st.stm32cube.ide.mcu.externaltools.gnu-tools-for-stm32.10.3-2021.10.win32_1.0.0.202111181127/tools/bin/../lib/gcc/arm-none-eabi/10.3.1/../../../../arm-none-eabi/lib/thumb/v7-m/nofp\libc_nano.a(lib_a-sbrkr.o)
                              c:/st/stm32cubeide_1.10.1/stm32cubeide/plugins/com.st.stm32cube.ide.mcu.externaltools.gnu-tools-for-stm32.10.3-2021.10.win32_1.0.0.202111181127/tools/bin/../lib/gcc/arm-none-eabi/10.3.1/../../../../arm-none-eabi/lib/thumb/v7-m/nofp\libc_nano.a(lib_a-nano-mallocr.o) (_sbrk_r)
[...]
Memory Configuration

Name             Origin             Length             Attributes
RAM              0x0000000020000000 0x0000000000005000 xrw
FLASH            0x0000000008000000 0x0000000000010000 xr
*default*        0x0000000000000000 0xffffffffffffffff

Linker script and memory map

LOAD c:/st/stm32cubeide_1.10.1/stm32cubeide/plugins/com.st.stm32cube.ide.mcu.externaltools.gnu-tools-for-stm32.10.3-2021.10.win32_1.0.0.202111181127/tools/bin/../lib/gcc/arm-none-eabi/10.3.1/thumb/v7-m/nofp/crti.o
LOAD c:/st/stm32cubeide_1.10.1/stm32cubeide/plugins/com.st.stm32cube.ide.mcu.externaltools.gnu-tools-for-stm32.10.3-2021.10.win32_1.0.0.202111181127/tools/bin/../lib/gcc/arm-none-eabi/10.3.1/thumb/v7-m/nofp/crtbegin.o
LOAD c:/st/stm32cubeide_1.10.1/stm32cubeide/plugins/com.st.stm32cube.ide.mcu.externaltools.gnu-tools-for-stm32.10.3-2021.10.win32_1.0.0.202111181127/tools/bin/../lib/gcc/arm-none-eabi/10.3.1/../../../../arm-none-eabi/lib/thumb/v7-m/nofp/crt0.o
LOAD ./Apps/Src/dev_trace.o
LOAD ./Apps/Src/hal_driver_def.o
LOAD ./Apps/Src/hal_gpio.o
LOAD ./Apps/Src/hrspo2_converter.o
LOAD ./Apps/Src/max30102_for_stm32_hal.o
LOAD ./Core/Src/algorithm_by_RF.o
LOAD ./Core/Src/main.o
LOAD ./Core/Src/max30102.o
LOAD ./Core/Src/stm32f1xx_hal_msp.o
LOAD ./Core/Src/stm32f1xx_it.o
LOAD ./Core/Src/syscalls.o
LOAD ./Core/Src/sysmem.o
LOAD ./Core/Src/system_stm32f1xx.o
LOAD ./Core/Startup/startup_stm32f103c8tx.o
LOAD ./Drivers/STM32F1xx_HAL_Driver/Src/stm32f1xx_hal.o
LOAD ./Drivers/STM32F1xx_HAL_Driver/Src/stm32f1xx_hal_cortex.o
LOAD ./Drivers/STM32F1xx_HAL_Driver/Src/stm32f1xx_hal_dma.o
LOAD ./Drivers/STM32F1xx_HAL_Driver/Src/stm32f1xx_hal_exti.o
LOAD ./Drivers/STM32F1xx_HAL_Driver/Src/stm32f1xx_hal_flash.o
LOAD ./Drivers/STM32F1xx_HAL_Driver/Src/stm32f1xx_hal_flash_ex.o
LOAD ./Drivers/STM32F1xx_HAL_Driver/Src/stm32f1xx_hal_gpio.o
LOAD ./Drivers/STM32F1xx_HAL_Driver/Src/stm32f1xx_hal_gpio_ex.o
LOAD ./Drivers/STM32F1xx_HAL_Driver/Src/stm32f1xx_hal_i2c.o
LOAD ./Drivers/STM32F1xx_HAL_Driver/Src/stm32f1xx_hal_pwr.o
LOAD ./Drivers/STM32F1xx_HAL_Driver/Src/stm32f1xx_hal_rcc.o
LOAD ./Drivers/STM32F1xx_HAL_Driver/Src/stm32f1xx_hal_rcc_ex.o
LOAD ./Drivers/STM32F1xx_HAL_Driver/Src/stm32f1xx_hal_uart.o
START GROUP
LOAD c:/st/stm32cubeide_1.10.1/stm32cubeide/plugins/com.st.stm32cube.ide.mcu.externaltools.gnu-tools-for-stm32.10.3-2021.10.win32_1.0.0.202111181127/tools/bin/../lib/gcc/arm-none-eabi/10.3.1/../../../../arm-none-eabi/lib/thumb/v7-m/nofp\libc_nano.a
LOAD c:/st/stm32cubeide_1.10.1/stm32cubeide/plugins/com.st.stm32cube.ide.mcu.externaltools.gnu-tools-for-stm32.10.3-2021.10.win32_1.0.0.202111181127/tools/bin/../lib/gcc/arm-none-eabi/10.3.1/../../../../arm-none-eabi/lib/thumb/v7-m/nofp\libm.a
END GROUP
START GROUP
LOAD c:/st/stm32cubeide_1.10.1/stm32cubeide/plugins/com.st.stm32cube.ide.mcu.externaltools.gnu-tools-for-stm32.10.3-2021.10.win32_1.0.0.202111181127/tools/bin/../lib/gcc/arm-none-eabi/10.3.1/thumb/v7-m/nofp\libgcc.a
LOAD c:/st/stm32cubeide_1.10.1/stm32cubeide/plugins/com.st.stm32cube.ide.mcu.externaltools.gnu-tools-for-stm32.10.3-2021.10.win32_1.0.0.202111181127/tools/bin/../lib/gcc/arm-none-eabi/10.3.1/../../../../arm-none-eabi/lib/thumb/v7-m/nofp\libc_nano.a
END GROUP
START GROUP
LOAD c:/st/stm32cubeide_1.10.1/stm32cubeide/plugins/com.st.stm32cube.ide.mcu.externaltools.gnu-tools-for-stm32.10.3-2021.10.win32_1.0.0.202111181127/tools/bin/../lib/gcc/arm-none-eabi/10.3.1/thumb/v7-m/nofp\libgcc.a
LOAD c:/st/stm32cubeide_1.10.1/stm32cubeide/plugins/com.st.stm32cube.ide.mcu.externaltools.gnu-tools-for-stm32.10.3-2021.10.win32_1.0.0.202111181127/tools/bin/../lib/gcc/arm-none-eabi/10.3.1/../../../../arm-none-eabi/lib/thumb/v7-m/nofp\libc_nano.a
LOAD c:/st/stm32cubeide_1.10.1/stm32cubeide/plugins/com.st.stm32cube.ide.mcu.externaltools.gnu-tools-for-stm32.10.3-2021.10.win32_1.0.0.202111181127/tools/bin/../lib/gcc/arm-none-eabi/10.3.1/../../../../arm-none-eabi/lib/thumb/v7-m/nofp\libnosys.a
END GROUP
START GROUP
LOAD c:/st/stm32cubeide_1.10.1/stm32cubeide/plugins/com.st.stm32cube.ide.mcu.externaltools.gnu-tools-for-stm32.10.3-2021.10.win32_1.0.0.202111181127/tools/bin/../lib/gcc/arm-none-eabi/10.3.1/thumb/v7-m/nofp\libgcc.a
LOAD c:/st/stm32cubeide_1.10.1/stm32cubeide/plugins/com.st.stm32cube.ide.mcu.externaltools.gnu-tools-for-stm32.10.3-2021.10.win32_1.0.0.202111181127/tools/bin/../lib/gcc/arm-none-eabi/10.3.1/../../../../arm-none-eabi/lib/thumb/v7-m/nofp\libc_nano.a
LOAD c:/st/stm32cubeide_1.10.1/stm32cubeide/plugins/com.st.stm32cube.ide.mcu.externaltools.gnu-tools-for-stm32.10.3-2021.10.win32_1.0.0.202111181127/tools/bin/../lib/gcc/arm-none-eabi/10.3.1/../../../../arm-none-eabi/lib/thumb/v7-m/nofp\libnosys.a
END GROUP
LOAD c:/st/stm32cubeide_1.10.1/stm32cubeide/plugins/com.st.stm32cube.ide.mcu.externaltools.gnu-tools-for-stm32.10.3-2021.10.win32_1.0.0.202111181127/tools/bin/../lib/gcc/arm-none-eabi/10.3.1/thumb/v7-m/nofp/crtend.o
LOAD c:/st/stm32cubeide_1.10.1/stm32cubeide/plugins/com.st.stm32cube.ide.mcu.externaltools.gnu-tools-for-stm32.10.3-2021.10.win32_1.0.0.202111181127/tools/bin/../lib/gcc/arm-none-eabi/10.3.1/thumb/v7-m/nofp/crtn.o
                0x0000000020005000                _estack = (ORIGIN (RAM) + LENGTH (RAM))
                0x0000000000000200                _Min_Heap_Size = 0x200
                0x0000000000000400                _Min_Stack_Size = 0x400

.isr_vector     0x0000000008000000      0x10c
                0x0000000008000000                . = ALIGN (0x4)
 *(.isr_vector)
 .isr_vector    0x0000000008000000      0x10c ./Core/Startup/startup_stm32f103c8tx.o
                0x0000000008000000                g_pfnVectors
                0x000000000800010c                . = ALIGN (0x4)

.text           0x0000000008000110     0x81a4
                0x0000000008000110                . = ALIGN (0x4)
 *(.text)
 .text          0x0000000008000110       0x40 c:/st/stm32cubeide_1.10.1/stm32cubeide/plugins/com.st.stm32cube.ide.mcu.externaltools.gnu-tools-for-stm32.10.3-2021.10.win32_1.0.0.202111181127/tools/bin/../lib/gcc/arm-none-eabi/10.3.1/thumb/v7-m/nofp/crtbegin.o
 .text          0x0000000008000150      0x378 c:/st/stm32cubeide_1.10.1/stm32cubeide/plugins/com.st.stm32cube.ide.mcu.externaltools.gnu-tools-for-stm32.10.3-2021.10.win32_1.0.0.202111181127/tools/bin/../lib/gcc/arm-none-eabi/10.3.1/thumb/v7-m/nofp\libgcc.a(_arm_addsubdf3.o)
                0x0000000008000150                __aeabi_drsub
                0x0000000008000158                __aeabi_dsub
                0x0000000008000158                __subdf3
                0x000000000800015c                __aeabi_dadd
                0x000000000800015c                __adddf3
                0x00000000080003d4                __floatunsidf
                0x00000000080003d4                __aeabi_ui2d
                0x00000000080003f4                __floatsidf
                0x00000000080003f4                __aeabi_i2d
                0x0000000008000418                __aeabi_f2d
                0x0000000008000418                __extendsfdf2
                0x000000000800045c                __floatundidf
                0x000000000800045c                __aeabi_ul2d
                0x000000000800046c                __floatdidf
                0x000000000800046c                __aeabi_l2d
 .text          0x00000000080004c8      0x424 c:/st/stm32cubeide_1.10.1/stm32cubeide/plugins/com.st.stm32cube.ide.mcu.externaltools.gnu-tools-for-stm32.10.3-2021.10.win32_1.0.0.202111181127/tools/bin/../lib/gcc/arm-none-eabi/10.3.1/thumb/v7-m/nofp\libgcc.a(_arm_muldivdf3.o)
                0x00000000080004c8                __aeabi_dmul
                0x00000000080004c8                __muldf3
                0x000000000800071c                __divdf3
                0x000000000800071c                __aeabi_ddiv
 .text          0x00000000080008ec      0x110 c:/st/stm32cubeide_1.10.1/stm32cubeide/plugins/com.st.stm32cube.ide.mcu.externaltools.gnu-tools-for-stm32.10.3-2021.10.win32_1.0.0.202111181127/tools/bin/../lib/gcc/arm-none-eabi/10.3.1/thumb/v7-m/nofp\libgcc.a(_arm_cmpdf2.o)
                0x00000000080008ec                __gtdf2
                0x00000000080008ec                __gedf2
                0x00000000080008f4                __ltdf2
                0x00000000080008f4                __ledf2
                0x00000000080008fc                __nedf2
                0x00000000080008fc                __eqdf2
                0x00000000080008fc                __cmpdf2
                0x0000000008000978                __aeabi_cdrcmple
                0x0000000008000988                __aeabi_cdcmpeq
                0x0000000008000988                __aeabi_cdcmple
                0x0000000008000998                __aeabi_dcmpeq
                0x00000000080009ac                __aeabi_dcmplt
                0x00000000080009c0                __aeabi_dcmple
                0x00000000080009d4                __aeabi_dcmpge
                0x00000000080009e8                __aeabi_dcmpgt
 .text          0x00000000080009fc       0x2c c:/st/stm32cubeide_1.10.1/stm32cubeide/plugins/com.st.stm32cube.ide.mcu.externaltools.gnu-tools-for-stm32.10.3-2021.10.win32_1.0.0.202111181127/tools/bin/../lib/gcc/arm-none-eabi/10.3.1/thumb/v7-m/nofp\libgcc.a(_arm_unorddf2.o)
                0x00000000080009fc                __unorddf2
                0x00000000080009fc                __aeabi_dcmpun
 .text          0x0000000008000a28       0x50 c:/st/stm32cubeide_1.10.1/stm32cubeide/plugins/com.st.stm32cube.ide.mcu.externaltools.gnu-tools-for-stm32.10.3-2021.10.win32_1.0.0.202111181127/tools/bin/../lib/gcc/arm-none-eabi/10.3.1/thumb/v7-m/nofp\libgcc.a(_arm_fixdfsi.o)
                0x0000000008000a28                __aeabi_d2iz
                0x0000000008000a28                __fixdfsi
 .text          0x0000000008000a78       0x40 c:/st/stm32cubeide_1.10.1/stm32cubeide/plugins/com.st.stm32cube.ide.mcu.externaltools.gnu-tools-for-stm32.10.3-2021.10.win32_1.0.0.202111181127/tools/bin/../lib/gcc/arm-none-eabi/10.3.1/thumb/v7-m/nofp\libgcc.a(_arm_fixunsdfsi.o)
                0x0000000008000a78                __aeabi_d2uiz
                0x0000000008000a78                __fixunsdfsi
 .text          0x0000000008000ab8       0xa0 c:/st/stm32cubeide_1.10.1/stm32cubeide/plugins/com.st.stm32cube.ide.mcu.externaltools.gnu-tools-for-stm32.10.3-2021.10.win32_1.0.0.202111181127/tools/bin/../lib/gcc/arm-none-eabi/10.3.1/thumb/v7-m/nofp\libgcc.a(_arm_truncdfsf2.o)
                0x0000000008000ab8                __truncdfsf2
                0x0000000008000ab8                __aeabi_d2f
 .text          0x0000000008000b58      0x21c c:/st/stm32cubeide_1.10.1/stm32cubeide/plugins/com.st.stm32cube.ide.mcu.externaltools.gnu-tools-for-stm32.10.3-2021.10.win32_1.0.0.202111181127/tools/bin/../lib/gcc/arm-none-eabi/10.3.1/thumb/v7-m/nofp\libgcc.a(_arm_addsubsf3.o)
                0x0000000008000b58                __aeabi_frsub
                0x0000000008000b60                __subsf3
                0x0000000008000b60                __aeabi_fsub
                0x0000000008000b64                __aeabi_fadd
                0x0000000008000b64                __addsf3
                0x0000000008000cc4                __aeabi_ui2f
                0x0000000008000cc4                __floatunsisf
                0x0000000008000ccc                __aeabi_i2f
                0x0000000008000ccc                __floatsisf
                0x0000000008000ce8                __aeabi_ul2f
                0x0000000008000ce8                __floatundisf
                0x0000000008000cf8                __aeabi_l2f
                0x0000000008000cf8                __floatdisf
 .text          0x0000000008000d74      0x2a0 c:/st/stm32cubeide_1.10.1/stm32cubeide/plugins/com.st.stm32cube.ide.mcu.externaltools.gnu-tools-for-stm32.10.3-2021.10.win32_1.0.0.202111181127/tools/bin/../lib/gcc/arm-none-eabi/10.3.1/thumb/v7-m/nofp\libgcc.a(_arm_muldivsf3.o)
                0x0000000008000d74                __mulsf3
                0x0000000008000d74                __aeabi_fmul
                0x0000000008000edc                __aeabi_fdiv
                0x0000000008000edc                __divsf3
 .text          0x0000000008001014       0xec c:/st/stm32cubeide_1.10.1/stm32cubeide/plugins/com.st.stm32cube.ide.mcu.externaltools.gnu-tools-for-stm32.10.3-2021.10.win32_1.0.0.202111181127/tools/bin/../lib/gcc/arm-none-eabi/10.3.1/thumb/v7-m/nofp\libgcc.a(_arm_cmpsf2.o)
                0x0000000008001014                __gesf2
                0x0000000008001014                __gtsf2
                0x000000000800101c                __lesf2
                0x000000000800101c                __ltsf2
                0x0000000008001024                __nesf2
                0x0000000008001024                __eqsf2
                0x0000000008001024                __cmpsf2
                0x0000000008001084                __aeabi_cfrcmple
                0x000000000800108c                __aeabi_cfcmpeq
                0x000000000800108c                __aeabi_cfcmple
                0x000000000800109c                __aeabi_fcmpeq
                0x00000000080010b0                __aeabi_fcmplt
                0x00000000080010c4                __aeabi_fcmple
                0x00000000080010d8                __aeabi_fcmpge
                0x00000000080010ec                __aeabi_fcmpgt
 .text          0x0000000008001100       0x4c c:/st/stm32cubeide_1.10.1/stm32cubeide/plugins/com.st.stm32cube.ide.mcu.externaltools.gnu-tools-for-stm32.10.3-2021.10.win32_1.0.0.202111181127/tools/bin/../lib/gcc/arm-none-eabi/10.3.1/thumb/v7-m/nofp\libgcc.a(_arm_fixsfsi.o)
                0x0000000008001100                __aeabi_f2iz
                0x0000000008001100                __fixsfsi
 *(.text*)
 .text.dev_trace_send_byte_int
                0x000000000800114c       0x54 ./Apps/Src/dev_trace.o
                0x000000000800114c                dev_trace_send_byte_int
 .text.dev_trace_init
                0x00000000080011a0       0xc4 ./Apps/Src/dev_trace.o
                0x00000000080011a0                dev_trace_init
 .text.dev_trace_send_byte
                0x0000000008001264       0x50 ./Apps/Src/dev_trace.o
                0x0000000008001264                dev_trace_send_byte
 .text.dev_trace_get_error
                0x00000000080012b4       0x34 ./Apps/Src/dev_trace.o
                0x00000000080012b4                dev_trace_get_error
 .text.dev_trace_generate_error
                0x00000000080012e8       0x5c ./Apps/Src/dev_trace.o
                0x00000000080012e8                dev_trace_generate_error
 .text.debug_printf_char
                0x0000000008001344       0x76 ./Apps/Src/dev_trace.o
                0x0000000008001344                debug_printf_char
 .text.debug_printf_text
                0x00000000080013ba       0x38 ./Apps/Src/dev_trace.o
                0x00000000080013ba                debug_printf_text
 *fill*         0x00000000080013f2        0x2 
 .text.debug_printf_ulong
                0x00000000080013f4       0x80 ./Apps/Src/dev_trace.o
                0x00000000080013f4                debug_printf_ulong
 .text.debug_printf_long
                0x0000000008001474       0xa0 ./Apps/Src/dev_trace.o
                0x0000000008001474                debug_printf_long
 .text.debug_printf_hex
                0x0000000008001514       0x9e ./Apps/Src/dev_trace.o
                0x0000000008001514                debug_printf_hex
 .text.debug_printf_bin
                0x00000000080015b2       0x90 ./Apps/Src/dev_trace.o
                0x00000000080015b2                debug_printf_bin
 *fill*         0x0000000008001642        0x6 
 .text.debug_printf
                0x0000000008001648      0x490 ./Apps/Src/dev_trace.o
                0x0000000008001648                debug_printf
 .text.hal_driver_set_info
                0x0000000008001ad8       0x40 ./Apps/Src/hal_driver_def.o
                0x0000000008001ad8                hal_driver_set_info
 .text.EXTI1_IRQHandler
                0x0000000008001b18       0x1c ./Apps/Src/hal_gpio.o
                0x0000000008001b18                EXTI1_IRQHandler
 .text.EXTI2_IRQHandler
                0x0000000008001b34       0x1c ./Apps/Src/hal_gpio.o
                0x0000000008001b34                EXTI2_IRQHandler
 .text.EXTI3_IRQHandler
                0x0000000008001b50       0x1c ./Apps/Src/hal_gpio.o
                0x0000000008001b50                EXTI3_IRQHandler
 .text.EXTI4_IRQHandler
                0x0000000008001b6c       0x1c ./Apps/Src/hal_gpio.o
                0x0000000008001b6c                EXTI4_IRQHandler
 .text.EXTI9_5_IRQHandler
                0x0000000008001b88       0x8c ./Apps/Src/hal_gpio.o
                0x0000000008001b88                EXTI9_5_IRQHandler
 .text.EXTI15_10_IRQHandler
                0x0000000008001c14       0xac ./Apps/Src/hal_gpio.o
                0x0000000008001c14                EXTI15_10_IRQHandler
 .text.dev_gpio_id_port
                0x0000000008001cc0       0x60 ./Apps/Src/hal_gpio.o
                0x0000000008001cc0                dev_gpio_id_port
 .text.dev_gpio_pin_id
                0x0000000008001d20       0xf6 ./Apps/Src/hal_gpio.o
                0x0000000008001d20                dev_gpio_pin_id
 *fill*         0x0000000008001e16        0x2 
 .text.dev_gpio_init_rcc
                0x0000000008001e18       0xd0 ./Apps/Src/hal_gpio.o
                0x0000000008001e18                dev_gpio_init_rcc
 .text.dev_gpio_init_mode
                0x0000000008001ee8       0xe8 ./Apps/Src/hal_gpio.o
                0x0000000008001ee8                dev_gpio_init_mode
 .text.dev_gpio_init_speed
                0x0000000008001fd0       0x68 ./Apps/Src/hal_gpio.o
                0x0000000008001fd0                dev_gpio_init_speed
 .text.dev_gpio_init
                0x0000000008002038      0x24c ./Apps/Src/hal_gpio.o
                0x0000000008002038                dev_gpio_init
 .text.dev_gpio_init_simp
                0x0000000008002284       0x60 ./Apps/Src/hal_gpio.o
                0x0000000008002284                dev_gpio_init_simp
 .text.dev_gpio_set
                0x00000000080022e4       0x3c ./Apps/Src/hal_gpio.o
                0x00000000080022e4                dev_gpio_set
 .text.Max30102Setup
                0x0000000008002320       0x20 ./Apps/Src/hrspo2_converter.o
                0x0000000008002320                Max30102Setup
 .text.Max30102Loop
                0x0000000008002340      0x2e4 ./Apps/Src/hrspo2_converter.o
                0x0000000008002340                Max30102Loop
 *fill*         0x0000000008002624        0x4 
 .text.rf_heart_rate_and_oxygen_saturation
                0x0000000008002628      0x508 ./Core/Src/algorithm_by_RF.o
                0x0000000008002628                rf_heart_rate_and_oxygen_saturation
 .text.rf_linear_regression_beta
                0x0000000008002b30       0x6e ./Core/Src/algorithm_by_RF.o
                0x0000000008002b30                rf_linear_regression_beta
 .text.rf_autocorrelation
                0x0000000008002b9e       0x90 ./Core/Src/algorithm_by_RF.o
                0x0000000008002b9e                rf_autocorrelation
 .text.rf_initialize_periodicity_search
                0x0000000008002c2e       0xe6 ./Core/Src/algorithm_by_RF.o
                0x0000000008002c2e                rf_initialize_periodicity_search
 .text.rf_signal_periodicity
                0x0000000008002d14      0x10c ./Core/Src/algorithm_by_RF.o
                0x0000000008002d14                rf_signal_periodicity
 .text.rf_rms   0x0000000008002e20       0xa2 ./Core/Src/algorithm_by_RF.o
                0x0000000008002e20                rf_rms
 .text.rf_Pcorrelation
                0x0000000008002ec2       0x7a ./Core/Src/algorithm_by_RF.o
                0x0000000008002ec2                rf_Pcorrelation
 .text.main     0x0000000008002f3c      0x130 ./Core/Src/main.o
                0x0000000008002f3c                main
 .text.SystemClock_Config
                0x000000000800306c       0x8a ./Core/Src/main.o
                0x000000000800306c                SystemClock_Config
 *fill*         0x00000000080030f6        0x2 
 .text.MX_I2C1_Init
                0x00000000080030f8       0x5c ./Core/Src/main.o
 .text.MX_I2C2_Init
                0x0000000008003154       0x5c ./Core/Src/main.o
 .text.MX_USART1_UART_Init
                0x00000000080031b0       0x54 ./Core/Src/main.o
 .text.MX_DMA_Init
                0x0000000008003204       0x4c ./Core/Src/main.o
 .text.MX_GPIO_Init
                0x0000000008003250       0xd0 ./Core/Src/main.o
 .text.get_temp
                0x0000000008003320       0xfc ./Core/Src/main.o
                0x0000000008003320                get_temp
 .text.Error_Handler
                0x000000000800341c        0xa ./Core/Src/main.o
                0x000000000800341c                Error_Handler
 *fill*         0x0000000008003426        0x2 
 .text.maxim_max30102_write_reg
                0x0000000008003428       0x38 ./Core/Src/max30102.o
                0x0000000008003428                maxim_max30102_write_reg
 .text.maxim_max30102_read_reg
                0x0000000008003460       0x34 ./Core/Src/max30102.o
                0x0000000008003460                maxim_max30102_read_reg
 .text.maxim_max30102_init
                0x0000000008003494       0x60 ./Core/Src/max30102.o
                0x0000000008003494                maxim_max30102_init
 .text.maxim_max30102_read_fifo
                0x00000000080034f4       0xe4 ./Core/Src/max30102.o
                0x00000000080034f4                maxim_max30102_read_fifo
 .text.maxim_max30102_reset
                0x00000000080035d8       0x10 ./Core/Src/max30102.o
                0x00000000080035d8                maxim_max30102_reset
 .text.HAL_MspInit
                0x00000000080035e8       0x44 ./Core/Src/stm32f1xx_hal_msp.o
                0x00000000080035e8                HAL_MspInit
 .text.HAL_I2C_MspInit
                0x000000000800362c       0xd8 ./Core/Src/stm32f1xx_hal_msp.o
                0x000000000800362c                HAL_I2C_MspInit
 .text.HAL_UART_MspInit
                0x0000000008003704      0x154 ./Core/Src/stm32f1xx_hal_msp.o
                0x0000000008003704                HAL_UART_MspInit
 .text.NMI_Handler
                0x0000000008003858        0x6 ./Core/Src/stm32f1xx_it.o
                0x0000000008003858                NMI_Handler
 .text.HardFault_Handler
                0x000000000800385e        0x6 ./Core/Src/stm32f1xx_it.o
                0x000000000800385e                HardFault_Handler
 .text.MemManage_Handler
                0x0000000008003864        0x6 ./Core/Src/stm32f1xx_it.o
                0x0000000008003864                MemManage_Handler
 .text.BusFault_Handler
                0x000000000800386a        0x6 ./Core/Src/stm32f1xx_it.o
                0x000000000800386a                BusFault_Handler
 .text.UsageFault_Handler
                0x0000000008003870        0x6 ./Core/Src/stm32f1xx_it.o
                0x0000000008003870                UsageFault_Handler
 .text.SVC_Handler
                0x0000000008003876        0xc ./Core/Src/stm32f1xx_it.o
                0x0000000008003876                SVC_Handler
 .text.DebugMon_Handler
                0x0000000008003882        0xc ./Core/Src/stm32f1xx_it.o
                0x0000000008003882                DebugMon_Handler
 .text.PendSV_Handler
                0x000000000800388e        0xc ./Core/Src/stm32f1xx_it.o
                0x000000000800388e                PendSV_Handler
 .text.SysTick_Handler
                0x000000000800389a        0xc ./Core/Src/stm32f1xx_it.o
                0x000000000800389a                SysTick_Handler
 *fill*         0x00000000080038a6        0x2 
 .text.DMA1_Channel4_IRQHandler
                0x00000000080038a8       0x14 ./Core/Src/stm32f1xx_it.o
                0x00000000080038a8                DMA1_Channel4_IRQHandler
 .text.DMA1_Channel5_IRQHandler
                0x00000000080038bc       0x14 ./Core/Src/stm32f1xx_it.o
                0x00000000080038bc                DMA1_Channel5_IRQHandler
 .text.USART1_IRQHandler
                0x00000000080038d0       0x14 ./Core/Src/stm32f1xx_it.o
                0x00000000080038d0                USART1_IRQHandler
 .text.SystemInit
                0x00000000080038e4        0xc ./Core/Src/system_stm32f1xx.o
                0x00000000080038e4                SystemInit
 .text.Reset_Handler
                0x00000000080038f0       0x48 ./Core/Startup/startup_stm32f103c8tx.o
                0x00000000080038f0                Reset_Handler
 .text.Default_Handler
                0x0000000008003938        0x2 ./Core/Startup/startup_stm32f103c8tx.o
                0x0000000008003938                RTC_Alarm_IRQHandler
                0x0000000008003938                TIM1_CC_IRQHandler
                0x0000000008003938                PVD_IRQHandler
                0x0000000008003938                EXTI0_IRQHandler
                0x0000000008003938                I2C2_EV_IRQHandler
                0x0000000008003938                ADC1_2_IRQHandler
                0x0000000008003938                SPI1_IRQHandler
                0x0000000008003938                TAMPER_IRQHandler
                0x0000000008003938                USART3_IRQHandler
                0x0000000008003938                RTC_IRQHandler
                0x0000000008003938                DMA1_Channel7_IRQHandler
                0x0000000008003938                CAN1_RX1_IRQHandler
                0x0000000008003938                TIM4_IRQHandler
                0x0000000008003938                I2C1_EV_IRQHandler
                0x0000000008003938                DMA1_Channel6_IRQHandler
                0x0000000008003938                TIM3_IRQHandler
                0x0000000008003938                RCC_IRQHandler
                0x0000000008003938                TIM1_TRG_COM_IRQHandler
                0x0000000008003938                DMA1_Channel1_IRQHandler
                0x0000000008003938                Default_Handler
                0x0000000008003938                SPI2_IRQHandler
                0x0000000008003938                USB_LP_CAN1_RX0_IRQHandler
                0x0000000008003938                USB_HP_CAN1_TX_IRQHandler
                0x0000000008003938                DMA1_Channel3_IRQHandler
                0x0000000008003938                TIM1_UP_IRQHandler
                0x0000000008003938                WWDG_IRQHandler
                0x0000000008003938                TIM2_IRQHandler
                0x0000000008003938                TIM1_BRK_IRQHandler
                0x0000000008003938                USART2_IRQHandler
                0x0000000008003938                I2C2_ER_IRQHandler
                0x0000000008003938                DMA1_Channel2_IRQHandler
                0x0000000008003938                CAN1_SCE_IRQHandler
                0x0000000008003938                FLASH_IRQHandler
                0x0000000008003938                I2C1_ER_IRQHandler
                0x0000000008003938                USBWakeUp_IRQHandler
 *fill*         0x000000000800393a        0x2 
 .text.HAL_Init
                0x000000000800393c       0x2c ./Drivers/STM32F1xx_HAL_Driver/Src/stm32f1xx_hal.o
                0x000000000800393c                HAL_Init
 .text.HAL_InitTick
                0x0000000008003968       0x60 ./Drivers/STM32F1xx_HAL_Driver/Src/stm32f1xx_hal.o
                0x0000000008003968                HAL_InitTick
 .text.HAL_IncTick
                0x00000000080039c8       0x24 ./Drivers/STM32F1xx_HAL_Driver/Src/stm32f1xx_hal.o
                0x00000000080039c8                HAL_IncTick
 .text.HAL_GetTick
                0x00000000080039ec       0x14 ./Drivers/STM32F1xx_HAL_Driver/Src/stm32f1xx_hal.o
                0x00000000080039ec                HAL_GetTick
 .text.__NVIC_SetPriorityGrouping
                0x0000000008003a00       0x48 ./Drivers/STM32F1xx_HAL_Driver/Src/stm32f1xx_hal_cortex.o
 .text.__NVIC_GetPriorityGrouping
                0x0000000008003a48       0x1c ./Drivers/STM32F1xx_HAL_Driver/Src/stm32f1xx_hal_cortex.o
 .text.__NVIC_EnableIRQ
                0x0000000008003a64       0x38 ./Drivers/STM32F1xx_HAL_Driver/Src/stm32f1xx_hal_cortex.o
 .text.__NVIC_SetPriority
                0x0000000008003a9c       0x54 ./Drivers/STM32F1xx_HAL_Driver/Src/stm32f1xx_hal_cortex.o
 .text.NVIC_EncodePriority
                0x0000000008003af0       0x64 ./Drivers/STM32F1xx_HAL_Driver/Src/stm32f1xx_hal_cortex.o
 .text.SysTick_Config
                0x0000000008003b54       0x44 ./Drivers/STM32F1xx_HAL_Driver/Src/stm32f1xx_hal_cortex.o
 .text.HAL_NVIC_SetPriorityGrouping
                0x0000000008003b98       0x16 ./Drivers/STM32F1xx_HAL_Driver/Src/stm32f1xx_hal_cortex.o
                0x0000000008003b98                HAL_NVIC_SetPriorityGrouping
 .text.HAL_NVIC_SetPriority
                0x0000000008003bae       0x38 ./Drivers/STM32F1xx_HAL_Driver/Src/stm32f1xx_hal_cortex.o
                0x0000000008003bae                HAL_NVIC_SetPriority
 .text.HAL_NVIC_EnableIRQ
                0x0000000008003be6       0x1c ./Drivers/STM32F1xx_HAL_Driver/Src/stm32f1xx_hal_cortex.o
                0x0000000008003be6                HAL_NVIC_EnableIRQ
 .text.HAL_SYSTICK_Config
                0x0000000008003c02       0x18 ./Drivers/STM32F1xx_HAL_Driver/Src/stm32f1xx_hal_cortex.o
                0x0000000008003c02                HAL_SYSTICK_Config
 *fill*         0x0000000008003c1a        0x2 
 .text.HAL_DMA_Init
                0x0000000008003c1c       0xb4 ./Drivers/STM32F1xx_HAL_Driver/Src/stm32f1xx_hal_dma.o
                0x0000000008003c1c                HAL_DMA_Init
 .text.HAL_DMA_Start_IT
                0x0000000008003cd0       0xc0 ./Drivers/STM32F1xx_HAL_Driver/Src/stm32f1xx_hal_dma.o
                0x0000000008003cd0                HAL_DMA_Start_IT
 .text.HAL_DMA_Abort
                0x0000000008003d90       0x76 ./Drivers/STM32F1xx_HAL_Driver/Src/stm32f1xx_hal_dma.o
                0x0000000008003d90                HAL_DMA_Abort
 *fill*         0x0000000008003e06        0x2 
 .text.HAL_DMA_Abort_IT
                0x0000000008003e08       0xf0 ./Drivers/STM32F1xx_HAL_Driver/Src/stm32f1xx_hal_dma.o
                0x0000000008003e08                HAL_DMA_Abort_IT
 .text.HAL_DMA_IRQHandler
                0x0000000008003ef8      0x20c ./Drivers/STM32F1xx_HAL_Driver/Src/stm32f1xx_hal_dma.o
                0x0000000008003ef8                HAL_DMA_IRQHandler
 .text.DMA_SetConfig
                0x0000000008004104       0x5a ./Drivers/STM32F1xx_HAL_Driver/Src/stm32f1xx_hal_dma.o
 *fill*         0x000000000800415e        0x2 
 .text.HAL_GPIO_Init
                0x0000000008004160      0x308 ./Drivers/STM32F1xx_HAL_Driver/Src/stm32f1xx_hal_gpio.o
                0x0000000008004160                HAL_GPIO_Init
 .text.HAL_GPIO_ReadPin
                0x0000000008004468       0x2e ./Drivers/STM32F1xx_HAL_Driver/Src/stm32f1xx_hal_gpio.o
                0x0000000008004468                HAL_GPIO_ReadPin
 .text.HAL_GPIO_WritePin
                0x0000000008004496       0x30 ./Drivers/STM32F1xx_HAL_Driver/Src/stm32f1xx_hal_gpio.o
                0x0000000008004496                HAL_GPIO_WritePin
 .text.HAL_GPIO_TogglePin
                0x00000000080044c6       0x32 ./Drivers/STM32F1xx_HAL_Driver/Src/stm32f1xx_hal_gpio.o
                0x00000000080044c6                HAL_GPIO_TogglePin
 .text.HAL_I2C_Init
                0x00000000080044f8      0x288 ./Drivers/STM32F1xx_HAL_Driver/Src/stm32f1xx_hal_i2c.o
                0x00000000080044f8                HAL_I2C_Init
 .text.HAL_I2C_Master_Transmit
                0x0000000008004780      0x1fc ./Drivers/STM32F1xx_HAL_Driver/Src/stm32f1xx_hal_i2c.o
                0x0000000008004780                HAL_I2C_Master_Transmit
 .text.HAL_I2C_Master_Receive
                0x000000000800497c      0x4d8 ./Drivers/STM32F1xx_HAL_Driver/Src/stm32f1xx_hal_i2c.o
                0x000000000800497c                HAL_I2C_Master_Receive
 .text.HAL_I2C_Mem_Write
                0x0000000008004e54      0x1f4 ./Drivers/STM32F1xx_HAL_Driver/Src/stm32f1xx_hal_i2c.o
                0x0000000008004e54                HAL_I2C_Mem_Write
 .text.HAL_I2C_Mem_Read
                0x0000000008005048      0x4d0 ./Drivers/STM32F1xx_HAL_Driver/Src/stm32f1xx_hal_i2c.o
                0x0000000008005048                HAL_I2C_Mem_Read
 .text.I2C_MasterRequestWrite
                0x0000000008005518      0x104 ./Drivers/STM32F1xx_HAL_Driver/Src/stm32f1xx_hal_i2c.o
 .text.I2C_MasterRequestRead
                0x000000000800561c      0x19c ./Drivers/STM32F1xx_HAL_Driver/Src/stm32f1xx_hal_i2c.o
 .text.I2C_RequestMemoryWrite
                0x00000000080057b8      0x12c ./Drivers/STM32F1xx_HAL_Driver/Src/stm32f1xx_hal_i2c.o
 .text.I2C_RequestMemoryRead
                0x00000000080058e4      0x1d0 ./Drivers/STM32F1xx_HAL_Driver/Src/stm32f1xx_hal_i2c.o
 .text.I2C_WaitOnFlagUntilTimeout
                0x0000000008005ab4       0xf4 ./Drivers/STM32F1xx_HAL_Driver/Src/stm32f1xx_hal_i2c.o
 .text.I2C_WaitOnMasterAddressFlagUntilTimeout
                0x0000000008005ba8      0x140 ./Drivers/STM32F1xx_HAL_Driver/Src/stm32f1xx_hal_i2c.o
 .text.I2C_WaitOnTXEFlagUntilTimeout
                0x0000000008005ce8       0x90 ./Drivers/STM32F1xx_HAL_Driver/Src/stm32f1xx_hal_i2c.o
 .text.I2C_WaitOnBTFFlagUntilTimeout
                0x0000000008005d78       0x90 ./Drivers/STM32F1xx_HAL_Driver/Src/stm32f1xx_hal_i2c.o
 .text.I2C_WaitOnRXNEFlagUntilTimeout
                0x0000000008005e08       0xba ./Drivers/STM32F1xx_HAL_Driver/Src/stm32f1xx_hal_i2c.o
 .text.I2C_IsAcknowledgeFailed
                0x0000000008005ec2       0x5c ./Drivers/STM32F1xx_HAL_Driver/Src/stm32f1xx_hal_i2c.o
 *fill*         0x0000000008005f1e        0x2 
 .text.HAL_RCC_OscConfig
                0x0000000008005f20      0x504 ./Drivers/STM32F1xx_HAL_Driver/Src/stm32f1xx_hal_rcc.o
                0x0000000008005f20                HAL_RCC_OscConfig
 .text.HAL_RCC_ClockConfig
                0x0000000008006424      0x1d4 ./Drivers/STM32F1xx_HAL_Driver/Src/stm32f1xx_hal_rcc.o
                0x0000000008006424                HAL_RCC_ClockConfig
 .text.HAL_RCC_GetSysClockFreq
                0x00000000080065f8       0xa8 ./Drivers/STM32F1xx_HAL_Driver/Src/stm32f1xx_hal_rcc.o
                0x00000000080065f8                HAL_RCC_GetSysClockFreq
 .text.HAL_RCC_GetHCLKFreq
                0x00000000080066a0       0x14 ./Drivers/STM32F1xx_HAL_Driver/Src/stm32f1xx_hal_rcc.o
                0x00000000080066a0                HAL_RCC_GetHCLKFreq
 .text.HAL_RCC_GetPCLK1Freq
                0x00000000080066b4       0x28 ./Drivers/STM32F1xx_HAL_Driver/Src/stm32f1xx_hal_rcc.o
                0x00000000080066b4                HAL_RCC_GetPCLK1Freq
 .text.HAL_RCC_GetPCLK2Freq
                0x00000000080066dc       0x28 ./Drivers/STM32F1xx_HAL_Driver/Src/stm32f1xx_hal_rcc.o
                0x00000000080066dc                HAL_RCC_GetPCLK2Freq
 .text.RCC_Delay
                0x0000000008006704       0x3c ./Drivers/STM32F1xx_HAL_Driver/Src/stm32f1xx_hal_rcc.o
 .text.HAL_UART_Init
                0x0000000008006740       0xa0 ./Drivers/STM32F1xx_HAL_Driver/Src/stm32f1xx_hal_uart.o
                0x0000000008006740                HAL_UART_Init
 .text.HAL_UART_Transmit_DMA
                0x00000000080067e0       0xe0 ./Drivers/STM32F1xx_HAL_Driver/Src/stm32f1xx_hal_uart.o
                0x00000000080067e0                HAL_UART_Transmit_DMA
 .text.HAL_UART_IRQHandler
                0x00000000080068c0      0x524 ./Drivers/STM32F1xx_HAL_Driver/Src/stm32f1xx_hal_uart.o
                0x00000000080068c0                HAL_UART_IRQHandler
 .text.HAL_UART_TxCpltCallback
                0x0000000008006de4       0x12 ./Drivers/STM32F1xx_HAL_Driver/Src/stm32f1xx_hal_uart.o
                0x0000000008006de4                HAL_UART_TxCpltCallback
 .text.HAL_UART_TxHalfCpltCallback
                0x0000000008006df6       0x12 ./Drivers/STM32F1xx_HAL_Driver/Src/stm32f1xx_hal_uart.o
                0x0000000008006df6                HAL_UART_TxHalfCpltCallback
 .text.HAL_UART_RxCpltCallback
                0x0000000008006e08       0x12 ./Drivers/STM32F1xx_HAL_Driver/Src/stm32f1xx_hal_uart.o
                0x0000000008006e08                HAL_UART_RxCpltCallback
 .text.HAL_UART_ErrorCallback
                0x0000000008006e1a       0x12 ./Drivers/STM32F1xx_HAL_Driver/Src/stm32f1xx_hal_uart.o
                0x0000000008006e1a                HAL_UART_ErrorCallback
 .text.HAL_UARTEx_RxEventCallback
                0x0000000008006e2c       0x16 ./Drivers/STM32F1xx_HAL_Driver/Src/stm32f1xx_hal_uart.o
                0x0000000008006e2c                HAL_UARTEx_RxEventCallback
 .text.UART_DMATransmitCplt
                0x0000000008006e42       0x9a ./Drivers/STM32F1xx_HAL_Driver/Src/stm32f1xx_hal_uart.o
 .text.UART_DMATxHalfCplt
                0x0000000008006edc       0x1c ./Drivers/STM32F1xx_HAL_Driver/Src/stm32f1xx_hal_uart.o
 .text.UART_DMAError
                0x0000000008006ef8       0x94 ./Drivers/STM32F1xx_HAL_Driver/Src/stm32f1xx_hal_uart.o
 .text.UART_EndTxTransfer
                0x0000000008006f8c       0x4e ./Drivers/STM32F1xx_HAL_Driver/Src/stm32f1xx_hal_uart.o
 .text.UART_EndRxTransfer
                0x0000000008006fda       0xc4 ./Drivers/STM32F1xx_HAL_Driver/Src/stm32f1xx_hal_uart.o
 .text.UART_DMAAbortOnError
                0x000000000800709e       0x28 ./Drivers/STM32F1xx_HAL_Driver/Src/stm32f1xx_hal_uart.o
 .text.UART_Transmit_IT
                0x00000000080070c6       0x9e ./Drivers/STM32F1xx_HAL_Driver/Src/stm32f1xx_hal_uart.o
 .text.UART_EndTransmit_IT
                0x0000000008007164       0x30 ./Drivers/STM32F1xx_HAL_Driver/Src/stm32f1xx_hal_uart.o
 .text.UART_Receive_IT
                0x0000000008007194      0x17c ./Drivers/STM32F1xx_HAL_Driver/Src/stm32f1xx_hal_uart.o
 .text.UART_SetConfig
                0x0000000008007310      0x11c ./Drivers/STM32F1xx_HAL_Driver/Src/stm32f1xx_hal_uart.o
 .text.__errno  0x000000000800742c        0xc c:/st/stm32cubeide_1.10.1/stm32cubeide/plugins/com.st.stm32cube.ide.mcu.externaltools.gnu-tools-for-stm32.10.3-2021.10.win32_1.0.0.202111181127/tools/bin/../lib/gcc/arm-none-eabi/10.3.1/../../../../arm-none-eabi/lib/thumb/v7-m/nofp\libc_nano.a(lib_a-errno.o)
                0x000000000800742c                __errno
 .text.__libc_init_array
                0x0000000008007438       0x48 c:/st/stm32cubeide_1.10.1/stm32cubeide/plugins/com.st.stm32cube.ide.mcu.externaltools.gnu-tools-for-stm32.10.3-2021.10.win32_1.0.0.202111181127/tools/bin/../lib/gcc/arm-none-eabi/10.3.1/../../../../arm-none-eabi/lib/thumb/v7-m/nofp\libc_nano.a(lib_a-init.o)
                0x0000000008007438                __libc_init_array
 .text.memset   0x0000000008007480       0x10 c:/st/stm32cubeide_1.10.1/stm32cubeide/plugins/com.st.stm32cube.ide.mcu.externaltools.gnu-tools-for-stm32.10.3-2021.10.win32_1.0.0.202111181127/tools/bin/../lib/gcc/arm-none-eabi/10.3.1/../../../../arm-none-eabi/lib/thumb/v7-m/nofp\libc_nano.a(lib_a-memset.o)
                0x0000000008007480                memset
 .text.pow      0x0000000008007490       0xd0 c:/st/stm32cubeide_1.10.1/stm32cubeide/plugins/com.st.stm32cube.ide.mcu.externaltools.gnu-tools-for-stm32.10.3-2021.10.win32_1.0.0.202111181127/tools/bin/../lib/gcc/arm-none-eabi/10.3.1/../../../../arm-none-eabi/lib/thumb/v7-m/nofp\libm.a(lib_a-w_pow.o)
                0x0000000008007490                pow
 .text.sqrt     0x0000000008007560       0x48 c:/st/stm32cubeide_1.10.1/stm32cubeide/plugins/com.st.stm32cube.ide.mcu.externaltools.gnu-tools-for-stm32.10.3-2021.10.win32_1.0.0.202111181127/tools/bin/../lib/gcc/arm-none-eabi/10.3.1/../../../../arm-none-eabi/lib/thumb/v7-m/nofp\libm.a(lib_a-w_sqrt.o)
                0x0000000008007560                sqrt
 .text.__ieee754_pow
                0x00000000080075a8      0xa2c c:/st/stm32cubeide_1.10.1/stm32cubeide/plugins/com.st.stm32cube.ide.mcu.externaltools.gnu-tools-for-stm32.10.3-2021.10.win32_1.0.0.202111181127/tools/bin/../lib/gcc/arm-none-eabi/10.3.1/../../../../arm-none-eabi/lib/thumb/v7-m/nofp\libm.a(lib_a-e_pow.o)
                0x00000000080075a8                __ieee754_pow
 .text.__ieee754_sqrt
                0x0000000008007fd4      0x160 c:/st/stm32cubeide_1.10.1/stm32cubeide/plugins/com.st.stm32cube.ide.mcu.externaltools.gnu-tools-for-stm32.10.3-2021.10.win32_1.0.0.202111181127/tools/bin/../lib/gcc/arm-none-eabi/10.3.1/../../../../arm-none-eabi/lib/thumb/v7-m/nofp\libm.a(lib_a-e_sqrt.o)
                0x0000000008007fd4                __ieee754_sqrt
 .text.with_errno
                0x0000000008008134       0x14 c:/st/stm32cubeide_1.10.1/stm32cubeide/plugins/com.st.stm32cube.ide.mcu.externaltools.gnu-tools-for-stm32.10.3-2021.10.win32_1.0.0.202111181127/tools/bin/../lib/gcc/arm-none-eabi/10.3.1/../../../../arm-none-eabi/lib/thumb/v7-m/nofp\libm.a(lib_a-math_err.o)
 .text.xflow    0x0000000008008148       0x30 c:/st/stm32cubeide_1.10.1/stm32cubeide/plugins/com.st.stm32cube.ide.mcu.externaltools.gnu-tools-for-stm32.10.3-2021.10.win32_1.0.0.202111181127/tools/bin/../lib/gcc/arm-none-eabi/10.3.1/../../../../arm-none-eabi/lib/thumb/v7-m/nofp\libm.a(lib_a-math_err.o)
 .text.__math_uflow
                0x0000000008008178        0xa c:/st/stm32cubeide_1.10.1/stm32cubeide/plugins/com.st.stm32cube.ide.mcu.externaltools.gnu-tools-for-stm32.10.3-2021.10.win32_1.0.0.202111181127/tools/bin/../lib/gcc/arm-none-eabi/10.3.1/../../../../arm-none-eabi/lib/thumb/v7-m/nofp\libm.a(lib_a-math_err.o)
                0x0000000008008178                __math_uflow
 .text.__math_oflow
                0x0000000008008182        0xa c:/st/stm32cubeide_1.10.1/stm32cubeide/plugins/com.st.stm32cube.ide.mcu.externaltools.gnu-tools-for-stm32.10.3-2021.10.win32_1.0.0.202111181127/tools/bin/../lib/gcc/arm-none-eabi/10.3.1/../../../../arm-none-eabi/lib/thumb/v7-m/nofp\libm.a(lib_a-math_err.o)
                0x0000000008008182                __math_oflow
 .text.fabs     0x000000000800818c        0x6 c:/st/stm32cubeide_1.10.1/stm32cubeide/plugins/com.st.stm32cube.ide.mcu.externaltools.gnu-tools-for-stm32.10.3-2021.10.win32_1.0.0.202111181127/tools/bin/../lib/gcc/arm-none-eabi/10.3.1/../../../../arm-none-eabi/lib/thumb/v7-m/nofp\libm.a(lib_a-s_fabs.o)
                0x000000000800818c                fabs
 .text.finite   0x0000000008008192        0xc c:/st/stm32cubeide_1.10.1/stm32cubeide/plugins/com.st.stm32cube.ide.mcu.externaltools.gnu-tools-for-stm32.10.3-2021.10.win32_1.0.0.202111181127/tools/bin/../lib/gcc/arm-none-eabi/10.3.1/../../../../arm-none-eabi/lib/thumb/v7-m/nofp\libm.a(lib_a-s_finite.o)
                0x0000000008008192                finite
 *fill*         0x000000000800819e        0x2 
 .text.scalbn   0x00000000080081a0       0xfc c:/st/stm32cubeide_1.10.1/stm32cubeide/plugins/com.st.stm32cube.ide.mcu.externaltools.gnu-tools-for-stm32.10.3-2021.10.win32_1.0.0.202111181127/tools/bin/../lib/gcc/arm-none-eabi/10.3.1/../../../../arm-none-eabi/lib/thumb/v7-m/nofp\libm.a(lib_a-s_scalbn.o)
                0x00000000080081a0                scalbn
 *(.glue_7)
 .glue_7        0x000000000800829c        0x0 linker stubs
 *(.glue_7t)
 .glue_7t       0x000000000800829c        0x0 linker stubs
 *(.eh_frame)
 .eh_frame      0x000000000800829c        0x0 c:/st/stm32cubeide_1.10.1/stm32cubeide/plugins/com.st.stm32cube.ide.mcu.externaltools.gnu-tools-for-stm32.10.3-2021.10.win32_1.0.0.202111181127/tools/bin/../lib/gcc/arm-none-eabi/10.3.1/thumb/v7-m/nofp/crtbegin.o
 *(.init)
 .init          0x000000000800829c        0x4 c:/st/stm32cubeide_1.10.1/stm32cubeide/plugins/com.st.stm32cube.ide.mcu.externaltools.gnu-tools-for-stm32.10.3-2021.10.win32_1.0.0.202111181127/tools/bin/../lib/gcc/arm-none-eabi/10.3.1/thumb/v7-m/nofp/crti.o
                0x000000000800829c                _init
 .init          0x00000000080082a0        0x8 c:/st/stm32cubeide_1.10.1/stm32cubeide/plugins/com.st.stm32cube.ide.mcu.externaltools.gnu-tools-for-stm32.10.3-2021.10.win32_1.0.0.202111181127/tools/bin/../lib/gcc/arm-none-eabi/10.3.1/thumb/v7-m/nofp/crtn.o
 *(.fini)
 .fini          0x00000000080082a8        0x4 c:/st/stm32cubeide_1.10.1/stm32cubeide/plugins/com.st.stm32cube.ide.mcu.externaltools.gnu-tools-for-stm32.10.3-2021.10.win32_1.0.0.202111181127/tools/bin/../lib/gcc/arm-none-eabi/10.3.1/thumb/v7-m/nofp/crti.o
                0x00000000080082a8                _fini
 .fini          0x00000000080082ac        0x8 c:/st/stm32cubeide_1.10.1/stm32cubeide/plugins/com.st.stm32cube.ide.mcu.externaltools.gnu-tools-for-stm32.10.3-2021.10.win32_1.0.0.202111181127/tools/bin/../lib/gcc/arm-none-eabi/10.3.1/thumb/v7-m/nofp/crtn.o
                0x00000000080082b4                . = ALIGN (0x4)
                0x00000000080082b4                _etext = .

.vfp11_veneer   0x00000000080082b4        0x0
 .vfp11_veneer  0x00000000080082b4        0x0 linker stubs

.v4_bx          0x00000000080082b4        0x0
 .v4_bx         0x00000000080082b4        0x0 linker stubs

.iplt           0x00000000080082b4        0x0
 .iplt          0x00000000080082b4        0x0 c:/st/stm32cubeide_1.10.1/stm32cubeide/plugins/com.st.stm32cube.ide.mcu.externaltools.gnu-tools-for-stm32.10.3-2021.10.win32_1.0.0.202111181127/tools/bin/../lib/gcc/arm-none-eabi/10.3.1/thumb/v7-m/nofp/crtbegin.o

.rodata         0x00000000080082b8      0x260
                0x00000000080082b8                . = ALIGN (0x4)
 *(.rodata)
 .rodata        0x00000000080082b8       0x6d ./Apps/Src/dev_trace.o
 *fill*         0x0000000008008325        0x3 
 .rodata        0x0000000008008328       0xbe ./Apps/Src/hal_gpio.o
 *fill*         0x00000000080083e6        0x2 
 .rodata        0x00000000080083e8       0xd2 ./Core/Src/main.o
 *(.rodata*)
 *fill*         0x00000000080084ba        0x2 
 .rodata.AHBPrescTable
                0x00000000080084bc       0x10 ./Core/Src/system_stm32f1xx.o
                0x00000000080084bc                AHBPrescTable
 .rodata.APBPrescTable
                0x00000000080084cc        0x8 ./Core/Src/system_stm32f1xx.o
                0x00000000080084cc                APBPrescTable
 .rodata.aPLLMULFactorTable.1
                0x00000000080084d4       0x10 ./Drivers/STM32F1xx_HAL_Driver/Src/stm32f1xx_hal_rcc.o
 .rodata.aPredivFactorTable.0
                0x00000000080084e4        0x2 ./Drivers/STM32F1xx_HAL_Driver/Src/stm32f1xx_hal_rcc.o
 *fill*         0x00000000080084e6        0x2 
 .rodata.bp     0x00000000080084e8       0x10 c:/st/stm32cubeide_1.10.1/stm32cubeide/plugins/com.st.stm32cube.ide.mcu.externaltools.gnu-tools-for-stm32.10.3-2021.10.win32_1.0.0.202111181127/tools/bin/../lib/gcc/arm-none-eabi/10.3.1/../../../../arm-none-eabi/lib/thumb/v7-m/nofp\libm.a(lib_a-e_pow.o)
 .rodata.dp_h   0x00000000080084f8       0x10 c:/st/stm32cubeide_1.10.1/stm32cubeide/plugins/com.st.stm32cube.ide.mcu.externaltools.gnu-tools-for-stm32.10.3-2021.10.win32_1.0.0.202111181127/tools/bin/../lib/gcc/arm-none-eabi/10.3.1/../../../../arm-none-eabi/lib/thumb/v7-m/nofp\libm.a(lib_a-e_pow.o)
 .rodata.dp_l   0x0000000008008508       0x10 c:/st/stm32cubeide_1.10.1/stm32cubeide/plugins/com.st.stm32cube.ide.mcu.externaltools.gnu-tools-for-stm32.10.3-2021.10.win32_1.0.0.202111181127/tools/bin/../lib/gcc/arm-none-eabi/10.3.1/../../../../arm-none-eabi/lib/thumb/v7-m/nofp\libm.a(lib_a-e_pow.o)
                0x0000000008008518                . = ALIGN (0x4)

.rel.dyn        0x0000000008008518        0x0
 .rel.iplt      0x0000000008008518        0x0 c:/st/stm32cubeide_1.10.1/stm32cubeide/plugins/com.st.stm32cube.ide.mcu.externaltools.gnu-tools-for-stm32.10.3-2021.10.win32_1.0.0.202111181127/tools/bin/../lib/gcc/arm-none-eabi/10.3.1/thumb/v7-m/nofp/crtbegin.o

.ARM.extab      0x0000000008008518        0x0
                0x0000000008008518                . = ALIGN (0x4)
 *(.ARM.extab* .gnu.linkonce.armextab.*)
                0x0000000008008518                . = ALIGN (0x4)

.ARM            0x0000000008008518        0x0
                0x0000000008008518                . = ALIGN (0x4)
                0x0000000008008518                __exidx_start = .
 *(.ARM.exidx*)
                0x0000000008008518                __exidx_end = .
                0x0000000008008518                . = ALIGN (0x4)

.preinit_array  0x0000000008008518        0x0
                0x0000000008008518                . = ALIGN (0x4)
                0x0000000008008518                PROVIDE (__preinit_array_start = .)
 *(.preinit_array*)
                0x0000000008008518                PROVIDE (__preinit_array_end = .)
                0x0000000008008518                . = ALIGN (0x4)

.init_array     0x0000000008008518        0x4
                0x0000000008008518                . = ALIGN (0x4)
                0x0000000008008518                PROVIDE (__init_array_start = .)
 *(SORT_BY_NAME(.init_array.*))
 *(.init_array*)
 .init_array    0x0000000008008518        0x4 c:/st/stm32cubeide_1.10.1/stm32cubeide/plugins/com.st.stm32cube.ide.mcu.externaltools.gnu-tools-for-stm32.10.3-2021.10.win32_1.0.0.202111181127/tools/bin/../lib/gcc/arm-none-eabi/10.3.1/thumb/v7-m/nofp/crtbegin.o
                0x000000000800851c                PROVIDE (__init_array_end = .)
                0x000000000800851c                . = ALIGN (0x4)

.fini_array     0x000000000800851c        0x4
                0x000000000800851c                . = ALIGN (0x4)
                [!provide]                        PROVIDE (__fini_array_start = .)
 *(SORT_BY_NAME(.fini_array.*))
 *(.fini_array*)
 .fini_array    0x000000000800851c        0x4 c:/st/stm32cubeide_1.10.1/stm32cubeide/plugins/com.st.stm32cube.ide.mcu.externaltools.gnu-tools-for-stm32.10.3-2021.10.win32_1.0.0.202111181127/tools/bin/../lib/gcc/arm-none-eabi/10.3.1/thumb/v7-m/nofp/crtbegin.o
                [!provide]                        PROVIDE (__fini_array_end = .)
                0x0000000008008520                . = ALIGN (0x4)
                0x0000000008008520                _sidata = LOADADDR (.data)

.data           0x0000000020000000       0x78 load address 0x0000000008008520
                0x0000000020000000                . = ALIGN (0x4)
                0x0000000020000000                _sdata = .
 *(.data)
 *(.data*)
 .data.un_min.1
                0x0000000020000000        0x4 ./Apps/Src/hrspo2_converter.o
 .data.n_last_peak_interval.0
                0x0000000020000004        0x4 ./Core/Src/algorithm_by_RF.o
 .data.SystemCoreClock
                0x0000000020000008        0x4 ./Core/Src/system_stm32f1xx.o
                0x0000000020000008                SystemCoreClock
 .data.uwTickPrio
                0x000000002000000c        0x4 ./Drivers/STM32F1xx_HAL_Driver/Src/stm32f1xx_hal.o
                0x000000002000000c                uwTickPrio
 .data.uwTickFreq
                0x0000000020000010        0x1 ./Drivers/STM32F1xx_HAL_Driver/Src/stm32f1xx_hal.o
                0x0000000020000010                uwTickFreq
 *fill*         0x0000000020000011        0x3 
 .data._impure_ptr
                0x0000000020000014        0x4 c:/st/stm32cubeide_1.10.1/stm32cubeide/plugins/com.st.stm32cube.ide.mcu.externaltools.gnu-tools-for-stm32.10.3-2021.10.win32_1.0.0.202111181127/tools/bin/../lib/gcc/arm-none-eabi/10.3.1/../../../../arm-none-eabi/lib/thumb/v7-m/nofp\libc_nano.a(lib_a-impure.o)
                0x0000000020000014                _impure_ptr
 .data.impure_data
                0x0000000020000018       0x60 c:/st/stm32cubeide_1.10.1/stm32cubeide/plugins/com.st.stm32cube.ide.mcu.externaltools.gnu-tools-for-stm32.10.3-2021.10.win32_1.0.0.202111181127/tools/bin/../lib/gcc/arm-none-eabi/10.3.1/../../../../arm-none-eabi/lib/thumb/v7-m/nofp\libc_nano.a(lib_a-impure.o)
 *(.RamFunc)
 *(.RamFunc*)
                0x0000000020000078                . = ALIGN (0x4)
                0x0000000020000078                _edata = .

.igot.plt       0x0000000020000078        0x0 load address 0x0000000008008598
 .igot.plt      0x0000000020000078        0x0 c:/st/stm32cubeide_1.10.1/stm32cubeide/plugins/com.st.stm32cube.ide.mcu.externaltools.gnu-tools-for-stm32.10.3-2021.10.win32_1.0.0.202111181127/tools/bin/../lib/gcc/arm-none-eabi/10.3.1/thumb/v7-m/nofp/crtbegin.o
                0x0000000020000078                . = ALIGN (0x4)

.bss            0x0000000020000078      0x3dc load address 0x0000000008008598
                0x0000000020000078                _sbss = .
                0x0000000020000078                __bss_start__ = _sbss
 *(.bss)
 .bss           0x0000000020000078       0x1c c:/st/stm32cubeide_1.10.1/stm32cubeide/plugins/com.st.stm32cube.ide.mcu.externaltools.gnu-tools-for-stm32.10.3-2021.10.win32_1.0.0.202111181127/tools/bin/../lib/gcc/arm-none-eabi/10.3.1/thumb/v7-m/nofp/crtbegin.o
 *(.bss*)
 .bss.trace_ready
                0x0000000020000094        0x1 ./Apps/Src/dev_trace.o
 .bss.trace_error_id
                0x0000000020000095        0x1 ./Apps/Src/dev_trace.o
 *fill*         0x0000000020000096        0x2 
 .bss.trace_spi
                0x0000000020000098       0x60 ./Apps/Src/dev_trace.o
 .bss.gpio_irq_cbf
                0x00000000200000f8       0x40 ./Apps/Src/hal_gpio.o
                0x00000000200000f8                gpio_irq_cbf
 .bss.aun_ir_buffer
                0x0000000020000138       0x80 ./Apps/Src/hrspo2_converter.o
 .bss.aun_red_buffer
                0x00000000200001b8       0x80 ./Apps/Src/hrspo2_converter.o
 .bss.last_time
                0x0000000020000238        0x4 ./Apps/Src/hrspo2_converter.o
                0x0000000020000238                last_time
 .bss.num       0x000000002000023c        0x1 ./Apps/Src/hrspo2_converter.o
                0x000000002000023c                num
 *fill*         0x000000002000023d        0x3 
 .bss.n_spo2_sum
                0x0000000020000240        0x4 ./Apps/Src/hrspo2_converter.o
                0x0000000020000240                n_spo2_sum
 .bss.n_heart_rate_sum
                0x0000000020000244        0x4 ./Apps/Src/hrspo2_converter.o
                0x0000000020000244                n_heart_rate_sum
 .bss.un_prev_data.3
                0x0000000020000248        0x4 ./Apps/Src/hrspo2_converter.o
 .bss.un_max.2  0x000000002000024c        0x4 ./Apps/Src/hrspo2_converter.o
 .bss.f_heartbeatTrace.0
                0x0000000020000250        0x4 ./Apps/Src/hrspo2_converter.o
 .bss.hi2c1     0x0000000020000254       0x54 ./Core/Src/main.o
                0x0000000020000254                hi2c1
 .bss.hi2c2     0x00000000200002a8       0x54 ./Core/Src/main.o
                0x00000000200002a8                hi2c2
 .bss.huart1    0x00000000200002fc       0x48 ./Core/Src/main.o
                0x00000000200002fc                huart1
 .bss.hdma_usart1_rx
                0x0000000020000344       0x44 ./Core/Src/main.o
                0x0000000020000344                hdma_usart1_rx
 .bss.hdma_usart1_tx
                0x0000000020000388       0x44 ./Core/Src/main.o
                0x0000000020000388                hdma_usart1_tx
 .bss.tx_buffer
                0x00000000200003cc       0x80 ./Core/Src/main.o
                0x00000000200003cc                tx_buffer
 .bss.temporary_int
                0x000000002000044c        0x4 ./Core/Src/main.o
                0x000000002000044c                temporary_int
 .bss.uwTick    0x0000000020000450        0x4 ./Drivers/STM32F1xx_HAL_Driver/Src/stm32f1xx_hal.o
                0x0000000020000450                uwTick
 *(COMMON)
                0x0000000020000454                . = ALIGN (0x4)
                0x0000000020000454                _ebss = .
                0x0000000020000454                __bss_end__ = _ebss

._user_heap_stack
                0x0000000020000454      0x604 load address 0x0000000008008598
                0x0000000020000458                . = ALIGN (0x8)
 *fill*         0x0000000020000454        0x4 
                [!provide]                        PROVIDE (end = .)
                0x0000000020000458                PROVIDE (_end = .)
                0x0000000020000658                . = (. + _Min_Heap_Size)
 *fill*         0x0000000020000458      0x200 
                0x0000000020000a58                . = (. + _Min_Stack_Size)
 *fill*         0x0000000020000658      0x400 
                0x0000000020000a58                . = ALIGN (0x8)

/DISCARD/
 libc.a(*)
 libm.a(*)
 libgcc.a(*)

.ARM.attributes
                0x0000000000000000       0x29
 *(.ARM.attributes)
 .ARM.attributes
                0x0000000000000000       0x1d c:/st/stm32cubeide_1.10.1/stm32cubeide/plugins/com.st.stm32cube.ide.mcu.externaltools.gnu-tools-for-stm32.10.3-2021.10.win32_1.0.0.202111181127/tools/bin/../lib/gcc/arm-none-eabi/10.3.1/thumb/v7-m/nofp/crti.o
 .ARM.attributes
                0x000000000000001d       0x2d c:/st/stm32cubeide_1.10.1/stm32cubeide/plugins/com.st.stm32cube.ide.mcu.externaltools.gnu-tools-for-stm32.10.3-2021.10.win32_1.0.0.202111181127/tools/bin/../lib/gcc/arm-none-eabi/10.3.1/thumb/v7-m/nofp/crtbegin.o
 .ARM.attributes
                0x000000000000004a       0x2d ./Apps/Src/dev_trace.o
 .ARM.attributes
                0x0000000000000077       0x2d ./Apps/Src/hal_driver_def.o
 .ARM.attributes
                0x00000000000000a4       0x2d ./Apps/Src/hal_gpio.o
 .ARM.attributes
                0x00000000000000d1       0x2d ./Apps/Src/hrspo2_converter.o
 .ARM.attributes
                0x00000000000000fe       0x2d ./Core/Src/algorithm_by_RF.o
 .ARM.attributes
                0x000000000000012b       0x2d ./Core/Src/main.o
 .ARM.attributes
                0x0000000000000158       0x2d ./Core/Src/max30102.o
 .ARM.attributes
                0x0000000000000185       0x2d ./Core/Src/stm32f1xx_hal_msp.o
 .ARM.attributes
                0x00000000000001b2       0x2d ./Core/Src/stm32f1xx_it.o
 .ARM.attributes
                0x00000000000001df       0x2d ./Core/Src/system_stm32f1xx.o
 .ARM.attributes
                0x000000000000020c       0x21 ./Core/Startup/startup_stm32f103c8tx.o
 .ARM.attributes
                0x000000000000022d       0x2d ./Drivers/STM32F1xx_HAL_Driver/Src/stm32f1xx_hal.o
 .ARM.attributes
                0x000000000000025a       0x2d ./Drivers/STM32F1xx_HAL_Driver/Src/stm32f1xx_hal_cortex.o
 .ARM.attributes
                0x0000000000000287       0x2d ./Drivers/STM32F1xx_HAL_Driver/Src/stm32f1xx_hal_dma.o
 .ARM.attributes
                0x00000000000002b4       0x2d ./Drivers/STM32F1xx_HAL_Driver/Src/stm32f1xx_hal_gpio.o
 .ARM.attributes
                0x00000000000002e1       0x2d ./Drivers/STM32F1xx_HAL_Driver/Src/stm32f1xx_hal_i2c.o
 .ARM.attributes
                0x000000000000030e       0x2d ./Drivers/STM32F1xx_HAL_Driver/Src/stm32f1xx_hal_rcc.o
 .ARM.attributes
                0x000000000000033b       0x2d ./Drivers/STM32F1xx_HAL_Driver/Src/stm32f1xx_hal_uart.o
 .ARM.attributes
                0x0000000000000368       0x2d c:/st/stm32cubeide_1.10.1/stm32cubeide/plugins/com.st.stm32cube.ide.mcu.externaltools.gnu-tools-for-stm32.10.3-2021.10.win32_1.0.0.202111181127/tools/bin/../lib/gcc/arm-none-eabi/10.3.1/../../../../arm-none-eabi/lib/thumb/v7-m/nofp\libc_nano.a(lib_a-errno.o)
 .ARM.attributes
                0x0000000000000395       0x2d c:/st/stm32cubeide_1.10.1/stm32cubeide/plugins/com.st.stm32cube.ide.mcu.externaltools.gnu-tools-for-stm32.10.3-2021.10.win32_1.0.0.202111181127/tools/bin/../lib/gcc/arm-none-eabi/10.3.1/../../../../arm-none-eabi/lib/thumb/v7-m/nofp\libc_nano.a(lib_a-impure.o)
 .ARM.attributes
                0x00000000000003c2       0x2d c:/st/stm32cubeide_1.10.1/stm32cubeide/plugins/com.st.stm32cube.ide.mcu.externaltools.gnu-tools-for-stm32.10.3-2021.10.win32_1.0.0.202111181127/tools/bin/../lib/gcc/arm-none-eabi/10.3.1/../../../../arm-none-eabi/lib/thumb/v7-m/nofp\libc_nano.a(lib_a-init.o)
 .ARM.attributes
                0x00000000000003ef       0x2d c:/st/stm32cubeide_1.10.1/stm32cubeide/plugins/com.st.stm32cube.ide.mcu.externaltools.gnu-tools-for-stm32.10.3-2021.10.win32_1.0.0.202111181127/tools/bin/../lib/gcc/arm-none-eabi/10.3.1/../../../../arm-none-eabi/lib/thumb/v7-m/nofp\libc_nano.a(lib_a-memset.o)
 .ARM.attributes
                0x000000000000041c       0x2d c:/st/stm32cubeide_1.10.1/stm32cubeide/plugins/com.st.stm32cube.ide.mcu.externaltools.gnu-tools-for-stm32.10.3-2021.10.win32_1.0.0.202111181127/tools/bin/../lib/gcc/arm-none-eabi/10.3.1/../../../../arm-none-eabi/lib/thumb/v7-m/nofp\libm.a(lib_a-w_pow.o)
 .ARM.attributes
                0x0000000000000449       0x2d c:/st/stm32cubeide_1.10.1/stm32cubeide/plugins/com.st.stm32cube.ide.mcu.externaltools.gnu-tools-for-stm32.10.3-2021.10.win32_1.0.0.202111181127/tools/bin/../lib/gcc/arm-none-eabi/10.3.1/../../../../arm-none-eabi/lib/thumb/v7-m/nofp\libm.a(lib_a-w_sqrt.o)
 .ARM.attributes
                0x0000000000000476       0x2d c:/st/stm32cubeide_1.10.1/stm32cubeide/plugins/com.st.stm32cube.ide.mcu.externaltools.gnu-tools-for-stm32.10.3-2021.10.win32_1.0.0.202111181127/tools/bin/../lib/gcc/arm-none-eabi/10.3.1/../../../../arm-none-eabi/lib/thumb/v7-m/nofp\libm.a(lib_a-e_pow.o)
 .ARM.attributes
                0x00000000000004a3       0x2d c:/st/stm32cubeide_1.10.1/stm32cubeide/plugins/com.st.stm32cube.ide.mcu.externaltools.gnu-tools-for-stm32.10.3-2021.10.win32_1.0.0.202111181127/tools/bin/../lib/gcc/arm-none-eabi/10.3.1/../../../../arm-none-eabi/lib/thumb/v7-m/nofp\libm.a(lib_a-e_sqrt.o)
 .ARM.attributes
                0x00000000000004d0       0x2d c:/st/stm32cubeide_1.10.1/stm32cubeide/plugins/com.st.stm32cube.ide.mcu.externaltools.gnu-tools-for-stm32.10.3-2021.10.win32_1.0.0.202111181127/tools/bin/../lib/gcc/arm-none-eabi/10.3.1/../../../../arm-none-eabi/lib/thumb/v7-m/nofp\libm.a(lib_a-math_err.o)
 .ARM.attributes
                0x00000000000004fd       0x2d c:/st/stm32cubeide_1.10.1/stm32cubeide/plugins/com.st.stm32cube.ide.mcu.externaltools.gnu-tools-for-stm32.10.3-2021.10.win32_1.0.0.202111181127/tools/bin/../lib/gcc/arm-none-eabi/10.3.1/../../../../arm-none-eabi/lib/thumb/v7-m/nofp\libm.a(lib_a-s_fabs.o)
 .ARM.attributes
                0x000000000000052a       0x2d c:/st/stm32cubeide_1.10.1/stm32cubeide/plugins/com.st.stm32cube.ide.mcu.externaltools.gnu-tools-for-stm32.10.3-2021.10.win32_1.0.0.202111181127/tools/bin/../lib/gcc/arm-none-eabi/10.3.1/../../../../arm-none-eabi/lib/thumb/v7-m/nofp\libm.a(lib_a-s_finite.o)
 .ARM.attributes
                0x0000000000000557       0x2d c:/st/stm32cubeide_1.10.1/stm32cubeide/plugins/com.st.stm32cube.ide.mcu.externaltools.gnu-tools-for-stm32.10.3-2021.10.win32_1.0.0.202111181127/tools/bin/../lib/gcc/arm-none-eabi/10.3.1/../../../../arm-none-eabi/lib/thumb/v7-m/nofp\libm.a(lib_a-s_scalbn.o)
 .ARM.attributes
                0x0000000000000584       0x1d c:/st/stm32cubeide_1.10.1/stm32cubeide/plugins/com.st.stm32cube.ide.mcu.externaltools.gnu-tools-for-stm32.10.3-2021.10.win32_1.0.0.202111181127/tools/bin/../lib/gcc/arm-none-eabi/10.3.1/thumb/v7-m/nofp\libgcc.a(_arm_addsubdf3.o)
 .ARM.attributes
                0x00000000000005a1       0x1d c:/st/stm32cubeide_1.10.1/stm32cubeide/plugins/com.st.stm32cube.ide.mcu.externaltools.gnu-tools-for-stm32.10.3-2021.10.win32_1.0.0.202111181127/tools/bin/../lib/gcc/arm-none-eabi/10.3.1/thumb/v7-m/nofp\libgcc.a(_arm_muldivdf3.o)
 .ARM.attributes
                0x00000000000005be       0x1d c:/st/stm32cubeide_1.10.1/stm32cubeide/plugins/com.st.stm32cube.ide.mcu.externaltools.gnu-tools-for-stm32.10.3-2021.10.win32_1.0.0.202111181127/tools/bin/../lib/gcc/arm-none-eabi/10.3.1/thumb/v7-m/nofp\libgcc.a(_arm_cmpdf2.o)
 .ARM.attributes
                0x00000000000005db       0x1d c:/st/stm32cubeide_1.10.1/stm32cubeide/plugins/com.st.stm32cube.ide.mcu.externaltools.gnu-tools-for-stm32.10.3-2021.10.win32_1.0.0.202111181127/tools/bin/../lib/gcc/arm-none-eabi/10.3.1/thumb/v7-m/nofp\libgcc.a(_arm_unorddf2.o)
 .ARM.attributes
                0x00000000000005f8       0x1d c:/st/stm32cubeide_1.10.1/stm32cubeide/plugins/com.st.stm32cube.ide.mcu.externaltools.gnu-tools-for-stm32.10.3-2021.10.win32_1.0.0.202111181127/tools/bin/../lib/gcc/arm-none-eabi/10.3.1/thumb/v7-m/nofp\libgcc.a(_arm_fixdfsi.o)
 .ARM.attributes
                0x0000000000000615       0x1d c:/st/stm32cubeide_1.10.1/stm32cubeide/plugins/com.st.stm32cube.ide.mcu.externaltools.gnu-tools-for-stm32.10.3-2021.10.win32_1.0.0.202111181127/tools/bin/../lib/gcc/arm-none-eabi/10.3.1/thumb/v7-m/nofp\libgcc.a(_arm_fixunsdfsi.o)
 .ARM.attributes
                0x0000000000000632       0x1d c:/st/stm32cubeide_1.10.1/stm32cubeide/plugins/com.st.stm32cube.ide.mcu.externaltools.gnu-tools-for-stm32.10.3-2021.10.win32_1.0.0.202111181127/tools/bin/../lib/gcc/arm-none-eabi/10.3.1/thumb/v7-m/nofp\libgcc.a(_arm_truncdfsf2.o)
 .ARM.attributes
                0x000000000000064f       0x1d c:/st/stm32cubeide_1.10.1/stm32cubeide/plugins/com.st.stm32cube.ide.mcu.externaltools.gnu-tools-for-stm32.10.3-2021.10.win32_1.0.0.202111181127/tools/bin/../lib/gcc/arm-none-eabi/10.3.1/thumb/v7-m/nofp\libgcc.a(_arm_addsubsf3.o)
 .ARM.attributes
                0x000000000000066c       0x1d c:/st/stm32cubeide_1.10.1/stm32cubeide/plugins/com.st.stm32cube.ide.mcu.externaltools.gnu-tools-for-stm32.10.3-2021.10.win32_1.0.0.202111181127/tools/bin/../lib/gcc/arm-none-eabi/10.3.1/thumb/v7-m/nofp\libgcc.a(_arm_muldivsf3.o)
 .ARM.attributes
                0x0000000000000689       0x1d c:/st/stm32cubeide_1.10.1/stm32cubeide/plugins/com.st.stm32cube.ide.mcu.externaltools.gnu-tools-for-stm32.10.3-2021.10.win32_1.0.0.202111181127/tools/bin/../lib/gcc/arm-none-eabi/10.3.1/thumb/v7-m/nofp\libgcc.a(_arm_cmpsf2.o)
 .ARM.attributes
                0x00000000000006a6       0x1d c:/st/stm32cubeide_1.10.1/stm32cubeide/plugins/com.st.stm32cube.ide.mcu.externaltools.gnu-tools-for-stm32.10.3-2021.10.win32_1.0.0.202111181127/tools/bin/../lib/gcc/arm-none-eabi/10.3.1/thumb/v7-m/nofp\libgcc.a(_arm_fixsfsi.o)
 .ARM.attributes
                0x00000000000006c3       0x1d c:/st/stm32cubeide_1.10.1/stm32cubeide/plugins/com.st.stm32cube.ide.mcu.externaltools.gnu-tools-for-stm32.10.3-2021.10.win32_1.0.0.202111181127/tools/bin/../lib/gcc/arm-none-eabi/10.3.1/thumb/v7-m/nofp/crtn.o
OUTPUT(Senior_Project.elf elf32-littlearm)
LOAD linker stubs
LOAD c:/st/stm32cubeide_1.10.1/stm32cubeide/plugins/com.st.stm32cube.ide.mcu.externaltools.gnu-tools-for-stm32.10.3-2021.10.win32_1.0.0.202111181127/tools/bin/../lib/gcc/arm-none-eabi/10.3.1/../../../../arm-none-eabi/lib/thumb/v7-m/nofp\libc.a
LOAD c:/st/stm32cubeide_1.10.1/stm32cubeide/plugins/com.st.stm32cube.ide.mcu.externaltools.gnu-tools-for-stm32.10.3-2021.10.win32_1.0.0.202111181127/tools/bin/../lib/gcc/arm-none-eabi/10.3.1/../../../../arm-none-eabi/lib/thumb/v7-m/nofp\libm.a
LOAD c:/st/stm32cubeide_1.10.1/stm32cubeide/plugins/com.st.stm32cube.ide.mcu.externaltools.gnu-tools-for-stm32.10.3-2021.10.win32_1.0.0.202111181127/tools/bin/../lib/gcc/arm-none-eabi/10.3.1/thumb/v7-m/nofp\libgcc.a

.debug_info     0x0000000000000000     0xdbb2
 .debug_info    0x0000000000000000      0x9da ./Apps/Src/dev_trace.o
 .debug_info    0x00000000000009da      0x2c5 ./Apps/Src/hal_driver_def.o
 .debug_info    0x0000000000000c9f      0xe47 ./Apps/Src/hal_gpio.o
 .debug_info    0x0000000000001ae6      0x99b ./Apps/Src/hrspo2_converter.o
 .debug_info    0x0000000000002481      0x63d ./Core/Src/algorithm_by_RF.o
 .debug_info    0x0000000000002abe     0x1218 ./Core/Src/main.o
 .debug_info    0x0000000000003cd6      0x75b ./Core/Src/max30102.o
 .debug_info    0x0000000000004431      0xd6b ./Core/Src/stm32f1xx_hal_msp.o
 .debug_info    0x000000000000519c      0x692 ./Core/Src/stm32f1xx_it.o
 .debug_info    0x000000000000582e      0x23d ./Core/Src/system_stm32f1xx.o
 .debug_info    0x0000000000005a6b       0x22 ./Core/Startup/startup_stm32f103c8tx.o
 .debug_info    0x0000000000005a8d      0x734 ./Drivers/STM32F1xx_HAL_Driver/Src/stm32f1xx_hal.o
 .debug_info    0x00000000000061c1      0xb20 ./Drivers/STM32F1xx_HAL_Driver/Src/stm32f1xx_hal_cortex.o
 .debug_info    0x0000000000006ce1      0x744 ./Drivers/STM32F1xx_HAL_Driver/Src/stm32f1xx_hal_dma.o
 .debug_info    0x0000000000007425      0x615 ./Drivers/STM32F1xx_HAL_Driver/Src/stm32f1xx_hal_gpio.o
 .debug_info    0x0000000000007a3a     0x2761 ./Drivers/STM32F1xx_HAL_Driver/Src/stm32f1xx_hal_i2c.o
 .debug_info    0x000000000000a19b      0x865 ./Drivers/STM32F1xx_HAL_Driver/Src/stm32f1xx_hal_rcc.o
 .debug_info    0x000000000000aa00     0x31b2 ./Drivers/STM32F1xx_HAL_Driver/Src/stm32f1xx_hal_uart.o

.debug_abbrev   0x0000000000000000     0x23ac
 .debug_abbrev  0x0000000000000000      0x252 ./Apps/Src/dev_trace.o
 .debug_abbrev  0x0000000000000252      0x150 ./Apps/Src/hal_driver_def.o
 .debug_abbrev  0x00000000000003a2      0x29d ./Apps/Src/hal_gpio.o
 .debug_abbrev  0x000000000000063f      0x21d ./Apps/Src/hrspo2_converter.o
 .debug_abbrev  0x000000000000085c      0x131 ./Core/Src/algorithm_by_RF.o
 .debug_abbrev  0x000000000000098d      0x2f5 ./Core/Src/main.o
 .debug_abbrev  0x0000000000000c82      0x1b6 ./Core/Src/max30102.o
 .debug_abbrev  0x0000000000000e38      0x211 ./Core/Src/stm32f1xx_hal_msp.o
 .debug_abbrev  0x0000000000001049      0x166 ./Core/Src/stm32f1xx_it.o
 .debug_abbrev  0x00000000000011af      0x13b ./Core/Src/system_stm32f1xx.o
 .debug_abbrev  0x00000000000012ea       0x12 ./Core/Startup/startup_stm32f103c8tx.o
 .debug_abbrev  0x00000000000012fc      0x1fb ./Drivers/STM32F1xx_HAL_Driver/Src/stm32f1xx_hal.o
 .debug_abbrev  0x00000000000014f7      0x2ed ./Drivers/STM32F1xx_HAL_Driver/Src/stm32f1xx_hal_cortex.o
 .debug_abbrev  0x00000000000017e4      0x1fe ./Drivers/STM32F1xx_HAL_Driver/Src/stm32f1xx_hal_dma.o
 .debug_abbrev  0x00000000000019e2      0x1bb ./Drivers/STM32F1xx_HAL_Driver/Src/stm32f1xx_hal_gpio.o
 .debug_abbrev  0x0000000000001b9d      0x288 ./Drivers/STM32F1xx_HAL_Driver/Src/stm32f1xx_hal_i2c.o
 .debug_abbrev  0x0000000000001e25      0x2a8 ./Drivers/STM32F1xx_HAL_Driver/Src/stm32f1xx_hal_rcc.o
 .debug_abbrev  0x00000000000020cd      0x2df ./Drivers/STM32F1xx_HAL_Driver/Src/stm32f1xx_hal_uart.o

.debug_aranges  0x0000000000000000      0xbc0
 .debug_aranges
                0x0000000000000000       0x98 ./Apps/Src/dev_trace.o
 .debug_aranges
                0x0000000000000098       0x30 ./Apps/Src/hal_driver_def.o
 .debug_aranges
                0x00000000000000c8       0xe0 ./Apps/Src/hal_gpio.o
 .debug_aranges
                0x00000000000001a8       0x28 ./Apps/Src/hrspo2_converter.o
 .debug_aranges
                0x00000000000001d0       0x50 ./Core/Src/algorithm_by_RF.o
 .debug_aranges
                0x0000000000000220       0x60 ./Core/Src/main.o
 .debug_aranges
                0x0000000000000280       0x40 ./Core/Src/max30102.o
 .debug_aranges
                0x00000000000002c0       0x40 ./Core/Src/stm32f1xx_hal_msp.o
 .debug_aranges
                0x0000000000000300       0x78 ./Core/Src/stm32f1xx_it.o
 .debug_aranges
                0x0000000000000378       0x28 ./Core/Src/system_stm32f1xx.o
 .debug_aranges
                0x00000000000003a0       0x28 ./Core/Startup/startup_stm32f103c8tx.o
 .debug_aranges
                0x00000000000003c8       0xe0 ./Drivers/STM32F1xx_HAL_Driver/Src/stm32f1xx_hal.o
 .debug_aranges
                0x00000000000004a8      0x100 ./Drivers/STM32F1xx_HAL_Driver/Src/stm32f1xx_hal_cortex.o
 .debug_aranges
                0x00000000000005a8       0x80 ./Drivers/STM32F1xx_HAL_Driver/Src/stm32f1xx_hal_dma.o
 .debug_aranges
                0x0000000000000628       0x58 ./Drivers/STM32F1xx_HAL_Driver/Src/stm32f1xx_hal_gpio.o
 .debug_aranges
                0x0000000000000680      0x2a8 ./Drivers/STM32F1xx_HAL_Driver/Src/stm32f1xx_hal_i2c.o
 .debug_aranges
                0x0000000000000928       0x90 ./Drivers/STM32F1xx_HAL_Driver/Src/stm32f1xx_hal_rcc.o
 .debug_aranges
                0x00000000000009b8      0x208 ./Drivers/STM32F1xx_HAL_Driver/Src/stm32f1xx_hal_uart.o

.debug_ranges   0x0000000000000000      0xaf0
 .debug_ranges  0x0000000000000000       0x88 ./Apps/Src/dev_trace.o
 .debug_ranges  0x0000000000000088       0x20 ./Apps/Src/hal_driver_def.o
 .debug_ranges  0x00000000000000a8       0xd0 ./Apps/Src/hal_gpio.o
 .debug_ranges  0x0000000000000178       0x18 ./Apps/Src/hrspo2_converter.o
 .debug_ranges  0x0000000000000190       0x40 ./Core/Src/algorithm_by_RF.o
 .debug_ranges  0x00000000000001d0       0x50 ./Core/Src/main.o
 .debug_ranges  0x0000000000000220       0x30 ./Core/Src/max30102.o
 .debug_ranges  0x0000000000000250       0x30 ./Core/Src/stm32f1xx_hal_msp.o
 .debug_ranges  0x0000000000000280       0x68 ./Core/Src/stm32f1xx_it.o
 .debug_ranges  0x00000000000002e8       0x18 ./Core/Src/system_stm32f1xx.o
 .debug_ranges  0x0000000000000300       0x20 ./Core/Startup/startup_stm32f103c8tx.o
 .debug_ranges  0x0000000000000320       0xd0 ./Drivers/STM32F1xx_HAL_Driver/Src/stm32f1xx_hal.o
 .debug_ranges  0x00000000000003f0       0xf0 ./Drivers/STM32F1xx_HAL_Driver/Src/stm32f1xx_hal_cortex.o
 .debug_ranges  0x00000000000004e0       0x70 ./Drivers/STM32F1xx_HAL_Driver/Src/stm32f1xx_hal_dma.o
 .debug_ranges  0x0000000000000550       0x48 ./Drivers/STM32F1xx_HAL_Driver/Src/stm32f1xx_hal_gpio.o
 .debug_ranges  0x0000000000000598      0x2b0 ./Drivers/STM32F1xx_HAL_Driver/Src/stm32f1xx_hal_i2c.o
 .debug_ranges  0x0000000000000848       0x80 ./Drivers/STM32F1xx_HAL_Driver/Src/stm32f1xx_hal_rcc.o
 .debug_ranges  0x00000000000008c8      0x228 ./Drivers/STM32F1xx_HAL_Driver/Src/stm32f1xx_hal_uart.o

.debug_macro    0x0000000000000000    0x19661
 .debug_macro   0x0000000000000000      0x1e2 ./Apps/Src/dev_trace.o
 .debug_macro   0x00000000000001e2      0xa6c ./Apps/Src/dev_trace.o
 .debug_macro   0x0000000000000c4e       0x58 ./Apps/Src/dev_trace.o
 .debug_macro   0x0000000000000ca6       0x22 ./Apps/Src/dev_trace.o
 .debug_macro   0x0000000000000cc8       0x8e ./Apps/Src/dev_trace.o
 .debug_macro   0x0000000000000d56       0x51 ./Apps/Src/dev_trace.o
 .debug_macro   0x0000000000000da7      0x103 ./Apps/Src/dev_trace.o
 .debug_macro   0x0000000000000eaa       0x6a ./Apps/Src/dev_trace.o
 .debug_macro   0x0000000000000f14      0x1df ./Apps/Src/dev_trace.o
 .debug_macro   0x00000000000010f3      0x7af ./Apps/Src/dev_trace.o
 .debug_macro   0x00000000000018a2      0x221 ./Apps/Src/dev_trace.o
 .debug_macro   0x0000000000001ac3       0x2e ./Apps/Src/dev_trace.o
 .debug_macro   0x0000000000001af1       0x22 ./Apps/Src/dev_trace.o
 .debug_macro   0x0000000000001b13       0x1c ./Apps/Src/dev_trace.o
 .debug_macro   0x0000000000001b2f       0x22 ./Apps/Src/dev_trace.o
 .debug_macro   0x0000000000001b51       0xbd ./Apps/Src/dev_trace.o
 .debug_macro   0x0000000000001c0e      0xd23 ./Apps/Src/dev_trace.o
 .debug_macro   0x0000000000002931     0xe09e ./Apps/Src/dev_trace.o
 .debug_macro   0x00000000000109cf       0x6d ./Apps/Src/dev_trace.o
 .debug_macro   0x0000000000010a3c     0x348d ./Apps/Src/dev_trace.o
 .debug_macro   0x0000000000013ec9      0x174 ./Apps/Src/dev_trace.o
 .debug_macro   0x000000000001403d       0x5c ./Apps/Src/dev_trace.o
 .debug_macro   0x0000000000014099      0x5bc ./Apps/Src/dev_trace.o
 .debug_macro   0x0000000000014655      0x289 ./Apps/Src/dev_trace.o
 .debug_macro   0x00000000000148de      0x1cb ./Apps/Src/dev_trace.o
 .debug_macro   0x0000000000014aa9      0x114 ./Apps/Src/dev_trace.o
 .debug_macro   0x0000000000014bbd      0x1b2 ./Apps/Src/dev_trace.o
 .debug_macro   0x0000000000014d6f       0x27 ./Apps/Src/dev_trace.o
 .debug_macro   0x0000000000014d96      0x136 ./Apps/Src/dev_trace.o
 .debug_macro   0x0000000000014ecc      0x1bc ./Apps/Src/dev_trace.o
 .debug_macro   0x0000000000015088       0x34 ./Apps/Src/dev_trace.o
 .debug_macro   0x00000000000150bc       0x3c ./Apps/Src/dev_trace.o
 .debug_macro   0x00000000000150f8       0x57 ./Apps/Src/dev_trace.o
 .debug_macro   0x000000000001514f       0x87 ./Apps/Src/dev_trace.o
 .debug_macro   0x00000000000151d6      0x240 ./Apps/Src/dev_trace.o
 .debug_macro   0x0000000000015416      0x287 ./Apps/Src/dev_trace.o
 .debug_macro   0x000000000001569d      0x140 ./Apps/Src/dev_trace.o
 .debug_macro   0x00000000000157dd      0x28e ./Apps/Src/dev_trace.o
 .debug_macro   0x0000000000015a6b       0x83 ./Apps/Src/dev_trace.o
 .debug_macro   0x0000000000015aee       0x22 ./Apps/Src/dev_trace.o
 .debug_macro   0x0000000000015b10       0xa9 ./Apps/Src/dev_trace.o
 .debug_macro   0x0000000000015bb9      0x373 ./Apps/Src/hal_driver_def.o
 .debug_macro   0x0000000000015f2c       0x18 ./Apps/Src/hal_driver_def.o
 .debug_macro   0x0000000000015f44       0x52 ./Apps/Src/hal_driver_def.o
 .debug_macro   0x0000000000015f96       0x3c ./Apps/Src/hal_driver_def.o
 .debug_macro   0x0000000000015fd2       0x34 ./Apps/Src/hal_driver_def.o
 .debug_macro   0x0000000000016006       0x16 ./Apps/Src/hal_driver_def.o
 .debug_macro   0x000000000001601c       0x35 ./Apps/Src/hal_driver_def.o
 .debug_macro   0x0000000000016051       0x16 ./Apps/Src/hal_driver_def.o
 .debug_macro   0x0000000000016067       0x43 ./Apps/Src/hal_driver_def.o
 .debug_macro   0x00000000000160aa       0x34 ./Apps/Src/hal_driver_def.o
 .debug_macro   0x00000000000160de       0x10 ./Apps/Src/hal_driver_def.o
 .debug_macro   0x00000000000160ee       0x58 ./Apps/Src/hal_driver_def.o
 .debug_macro   0x0000000000016146       0x71 ./Apps/Src/hal_driver_def.o
 .debug_macro   0x00000000000161b7       0x1c ./Apps/Src/hal_driver_def.o
 .debug_macro   0x00000000000161d3      0x12a ./Apps/Src/hal_driver_def.o
 .debug_macro   0x00000000000162fd      0x341 ./Apps/Src/hal_driver_def.o
 .debug_macro   0x000000000001663e       0x16 ./Apps/Src/hal_driver_def.o
 .debug_macro   0x0000000000016654       0x29 ./Apps/Src/hal_driver_def.o
 .debug_macro   0x000000000001667d       0x1c ./Apps/Src/hal_driver_def.o
 .debug_macro   0x0000000000016699       0x10 ./Apps/Src/hal_driver_def.o
 .debug_macro   0x00000000000166a9       0x10 ./Apps/Src/hal_driver_def.o
 .debug_macro   0x00000000000166b9       0x1c ./Apps/Src/hal_driver_def.o
 .debug_macro   0x00000000000166d5       0x52 ./Apps/Src/hal_driver_def.o
 .debug_macro   0x0000000000016727       0x22 ./Apps/Src/hal_driver_def.o
 .debug_macro   0x0000000000016749       0x10 ./Apps/Src/hal_driver_def.o
 .debug_macro   0x0000000000016759       0x52 ./Apps/Src/hal_driver_def.o
 .debug_macro   0x00000000000167ab       0xd5 ./Apps/Src/hal_driver_def.o
 .debug_macro   0x0000000000016880       0x1c ./Apps/Src/hal_driver_def.o
 .debug_macro   0x000000000001689c       0x3d ./Apps/Src/hal_driver_def.o
 .debug_macro   0x00000000000168d9       0x16 ./Apps/Src/hal_driver_def.o
 .debug_macro   0x00000000000168ef      0x145 ./Apps/Src/hal_driver_def.o
 .debug_macro   0x0000000000016a34       0x10 ./Apps/Src/hal_driver_def.o
 .debug_macro   0x0000000000016a44      0x373 ./Apps/Src/hal_gpio.o
 .debug_macro   0x0000000000016db7      0x31f ./Apps/Src/hrspo2_converter.o
 .debug_macro   0x00000000000170d6       0x22 ./Apps/Src/hrspo2_converter.o
 .debug_macro   0x00000000000170f8       0x10 ./Apps/Src/hrspo2_converter.o
 .debug_macro   0x0000000000017108       0x20 ./Apps/Src/hrspo2_converter.o
 .debug_macro   0x0000000000017128       0x9a ./Apps/Src/hrspo2_converter.o
 .debug_macro   0x00000000000171c2      0x7b5 ./Apps/Src/hrspo2_converter.o
 .debug_macro   0x0000000000017977       0x52 ./Apps/Src/hrspo2_converter.o
 .debug_macro   0x00000000000179c9       0xfa ./Apps/Src/hrspo2_converter.o
 .debug_macro   0x0000000000017ac3      0x12b ./Core/Src/algorithm_by_RF.o
 .debug_macro   0x0000000000017bee       0x4c ./Core/Src/algorithm_by_RF.o
 .debug_macro   0x0000000000017c3a      0x19b ./Core/Src/algorithm_by_RF.o
 .debug_macro   0x0000000000017dd5      0x40d ./Core/Src/main.o
 .debug_macro   0x00000000000181e2       0x16 ./Core/Src/main.o
 .debug_macro   0x00000000000181f8       0x16 ./Core/Src/main.o
 .debug_macro   0x000000000001820e      0x1aa ./Core/Src/max30102.o
 .debug_macro   0x00000000000183b8       0x9a ./Core/Src/max30102.o
 .debug_macro   0x0000000000018452      0x1a2 ./Core/Src/stm32f1xx_hal_msp.o
 .debug_macro   0x00000000000185f4      0x2bd ./Core/Src/stm32f1xx_it.o
 .debug_macro   0x00000000000188b1      0x198 ./Core/Src/system_stm32f1xx.o
 .debug_macro   0x0000000000018a49      0x1bc ./Drivers/STM32F1xx_HAL_Driver/Src/stm32f1xx_hal.o
 .debug_macro   0x0000000000018c05      0x198 ./Drivers/STM32F1xx_HAL_Driver/Src/stm32f1xx_hal_cortex.o
 .debug_macro   0x0000000000018d9d      0x198 ./Drivers/STM32F1xx_HAL_Driver/Src/stm32f1xx_hal_dma.o
 .debug_macro   0x0000000000018f35      0x203 ./Drivers/STM32F1xx_HAL_Driver/Src/stm32f1xx_hal_gpio.o
 .debug_macro   0x0000000000019138      0x1e6 ./Drivers/STM32F1xx_HAL_Driver/Src/stm32f1xx_hal_i2c.o
 .debug_macro   0x000000000001931e      0x1aa ./Drivers/STM32F1xx_HAL_Driver/Src/stm32f1xx_hal_rcc.o
 .debug_macro   0x00000000000194c8      0x199 ./Drivers/STM32F1xx_HAL_Driver/Src/stm32f1xx_hal_uart.o

.debug_line     0x0000000000000000     0xfd50
 .debug_line    0x0000000000000000      0xc6f ./Apps/Src/dev_trace.o
 .debug_line    0x0000000000000c6f      0x968 ./Apps/Src/hal_driver_def.o
 .debug_line    0x00000000000015d7      0xf59 ./Apps/Src/hal_gpio.o
 .debug_line    0x0000000000002530      0x9d8 ./Apps/Src/hrspo2_converter.o
 .debug_line    0x0000000000002f08      0x933 ./Core/Src/algorithm_by_RF.o
 .debug_line    0x000000000000383b      0xb6f ./Core/Src/main.o
 .debug_line    0x00000000000043aa      0x711 ./Core/Src/max30102.o
 .debug_line    0x0000000000004abb      0x76d ./Core/Src/stm32f1xx_hal_msp.o
 .debug_line    0x0000000000005228      0x93a ./Core/Src/stm32f1xx_it.o
 .debug_line    0x0000000000005b62      0x6d6 ./Core/Src/system_stm32f1xx.o
 .debug_line    0x0000000000006238       0x86 ./Core/Startup/startup_stm32f103c8tx.o
 .debug_line    0x00000000000062be      0x903 ./Drivers/STM32F1xx_HAL_Driver/Src/stm32f1xx_hal.o
 .debug_line    0x0000000000006bc1      0xaeb ./Drivers/STM32F1xx_HAL_Driver/Src/stm32f1xx_hal_cortex.o
 .debug_line    0x00000000000076ac      0xd5c ./Drivers/STM32F1xx_HAL_Driver/Src/stm32f1xx_hal_dma.o
 .debug_line    0x0000000000008408      0x99c ./Drivers/STM32F1xx_HAL_Driver/Src/stm32f1xx_hal_gpio.o
 .debug_line    0x0000000000008da4     0x3a69 ./Drivers/STM32F1xx_HAL_Driver/Src/stm32f1xx_hal_i2c.o
 .debug_line    0x000000000000c80d      0xd0f ./Drivers/STM32F1xx_HAL_Driver/Src/stm32f1xx_hal_rcc.o
 .debug_line    0x000000000000d51c     0x2834 ./Drivers/STM32F1xx_HAL_Driver/Src/stm32f1xx_hal_uart.o

.debug_str      0x0000000000000000    0x87df6
 .debug_str     0x0000000000000000    0x7f710 ./Apps/Src/dev_trace.o
                                      0x7fad4 (size before relaxing)
 .debug_str     0x000000000007f710     0x3f54 ./Apps/Src/hal_driver_def.o
                                      0x83648 (size before relaxing)
 .debug_str     0x0000000000083664      0x7f5 ./Apps/Src/hal_gpio.o
                                      0x83e8c (size before relaxing)
 .debug_str     0x0000000000083e59      0xe63 ./Apps/Src/hrspo2_converter.o
                                      0x83445 (size before relaxing)
 .debug_str     0x0000000000084cbc      0xa38 ./Core/Src/algorithm_by_RF.o
                                       0x7870 (size before relaxing)
 .debug_str     0x00000000000856f4      0x5d9 ./Core/Src/main.o
                                      0x848c5 (size before relaxing)
 .debug_str     0x0000000000085ccd       0x9b ./Core/Src/max30102.o
                                      0x7e7e7 (size before relaxing)
 .debug_str     0x0000000000085d68       0x99 ./Core/Src/stm32f1xx_hal_msp.o
                                      0x7eb21 (size before relaxing)
 .debug_str     0x0000000000085e01      0x134 ./Core/Src/stm32f1xx_it.o
                                      0x818d7 (size before relaxing)
 .debug_str     0x0000000000085f35       0x7e ./Core/Src/system_stm32f1xx.o
                                      0x7e0c2 (size before relaxing)
 .debug_str     0x0000000000085fb3       0x36 ./Core/Startup/startup_stm32f103c8tx.o
                                         0x6e (size before relaxing)
 .debug_str     0x0000000000085fe9      0x382 ./Drivers/STM32F1xx_HAL_Driver/Src/stm32f1xx_hal.o
                                      0x7e7f5 (size before relaxing)
 .debug_str     0x000000000008636b      0x294 ./Drivers/STM32F1xx_HAL_Driver/Src/stm32f1xx_hal_cortex.o
                                      0x7e741 (size before relaxing)
 .debug_str     0x00000000000865ff      0x206 ./Drivers/STM32F1xx_HAL_Driver/Src/stm32f1xx_hal_dma.o
                                      0x7e46b (size before relaxing)
 .debug_str     0x0000000000086805      0x2c4 ./Drivers/STM32F1xx_HAL_Driver/Src/stm32f1xx_hal_gpio.o
                                      0x7e448 (size before relaxing)
 .debug_str     0x0000000000086ac9      0xb4a ./Drivers/STM32F1xx_HAL_Driver/Src/stm32f1xx_hal_i2c.o
                                      0x7f189 (size before relaxing)
 .debug_str     0x0000000000087613      0x204 ./Drivers/STM32F1xx_HAL_Driver/Src/stm32f1xx_hal_rcc.o
                                      0x7e4f1 (size before relaxing)
 .debug_str     0x0000000000087817      0x5df ./Drivers/STM32F1xx_HAL_Driver/Src/stm32f1xx_hal_uart.o
                                      0x7eb62 (size before relaxing)

.comment        0x0000000000000000       0x50
 .comment       0x0000000000000000       0x50 ./Apps/Src/dev_trace.o
                                         0x51 (size before relaxing)
 .comment       0x0000000000000050       0x51 ./Apps/Src/hal_driver_def.o
 .comment       0x0000000000000050       0x51 ./Apps/Src/hal_gpio.o
 .comment       0x0000000000000050       0x51 ./Apps/Src/hrspo2_converter.o
 .comment       0x0000000000000050       0x51 ./Core/Src/algorithm_by_RF.o
 .comment       0x0000000000000050       0x51 ./Core/Src/main.o
 .comment       0x0000000000000050       0x51 ./Core/Src/max30102.o
 .comment       0x0000000000000050       0x51 ./Core/Src/stm32f1xx_hal_msp.o
 .comment       0x0000000000000050       0x51 ./Core/Src/stm32f1xx_it.o
 .comment       0x0000000000000050       0x51 ./Core/Src/system_stm32f1xx.o
 .comment       0x0000000000000050       0x51 ./Drivers/STM32F1xx_HAL_Driver/Src/stm32f1xx_hal.o
 .comment       0x0000000000000050       0x51 ./Drivers/STM32F1xx_HAL_Driver/Src/stm32f1xx_hal_cortex.o
 .comment       0x0000000000000050       0x51 ./Drivers/STM32F1xx_HAL_Driver/Src/stm32f1xx_hal_dma.o
 .comment       0x0000000000000050       0x51 ./Drivers/STM32F1xx_HAL_Driver/Src/stm32f1xx_hal_gpio.o
 .comment       0x0000000000000050       0x51 ./Drivers/STM32F1xx_HAL_Driver/Src/stm32f1xx_hal_i2c.o
 .comment       0x0000000000000050       0x51 ./Drivers/STM32F1xx_HAL_Driver/Src/stm32f1xx_hal_rcc.o
 .comment       0x0000000000000050       0x51 ./Drivers/STM32F1xx_HAL_Driver/Src/stm32f1xx_hal_uart.o

.debug_frame    0x0000000000000000     0x3598
 .debug_frame   0x0000000000000000      0x270 ./Apps/Src/dev_trace.o
 .debug_frame   0x0000000000000270       0x80 ./Apps/Src/hal_driver_def.o
 .debug_frame   0x00000000000002f0      0x37c ./Apps/Src/hal_gpio.o
 .debug_frame   0x000000000000066c       0x5c ./Apps/Src/hrspo2_converter.o
 .debug_frame   0x00000000000006c8      0x118 ./Core/Src/algorithm_by_RF.o
 .debug_frame   0x00000000000007e0      0x134 ./Core/Src/main.o
 .debug_frame   0x0000000000000914       0xb8 ./Core/Src/max30102.o
 .debug_frame   0x00000000000009cc       0xc8 ./Core/Src/stm32f1xx_hal_msp.o
 .debug_frame   0x0000000000000a94      0x158 ./Core/Src/stm32f1xx_it.o
 .debug_frame   0x0000000000000bec       0x58 ./Core/Src/system_stm32f1xx.o
 .debug_frame   0x0000000000000c44      0x334 ./Drivers/STM32F1xx_HAL_Driver/Src/stm32f1xx_hal.o
 .debug_frame   0x0000000000000f78      0x428 ./Drivers/STM32F1xx_HAL_Driver/Src/stm32f1xx_hal_cortex.o
 .debug_frame   0x00000000000013a0      0x208 ./Drivers/STM32F1xx_HAL_Driver/Src/stm32f1xx_hal_dma.o
 .debug_frame   0x00000000000015a8      0x14c ./Drivers/STM32F1xx_HAL_Driver/Src/stm32f1xx_hal_gpio.o
 .debug_frame   0x00000000000016f4      0xc84 ./Drivers/STM32F1xx_HAL_Driver/Src/stm32f1xx_hal_i2c.o
 .debug_frame   0x0000000000002378      0x218 ./Drivers/STM32F1xx_HAL_Driver/Src/stm32f1xx_hal_rcc.o
 .debug_frame   0x0000000000002590      0x944 ./Drivers/STM32F1xx_HAL_Driver/Src/stm32f1xx_hal_uart.o
 .debug_frame   0x0000000000002ed4       0x20 c:/st/stm32cubeide_1.10.1/stm32cubeide/plugins/com.st.stm32cube.ide.mcu.externaltools.gnu-tools-for-stm32.10.3-2021.10.win32_1.0.0.202111181127/tools/bin/../lib/gcc/arm-none-eabi/10.3.1/../../../../arm-none-eabi/lib/thumb/v7-m/nofp\libc_nano.a(lib_a-errno.o)
 .debug_frame   0x0000000000002ef4       0x2c c:/st/stm32cubeide_1.10.1/stm32cubeide/plugins/com.st.stm32cube.ide.mcu.externaltools.gnu-tools-for-stm32.10.3-2021.10.win32_1.0.0.202111181127/tools/bin/../lib/gcc/arm-none-eabi/10.3.1/../../../../arm-none-eabi/lib/thumb/v7-m/nofp\libc_nano.a(lib_a-init.o)
 .debug_frame   0x0000000000002f20       0x20 c:/st/stm32cubeide_1.10.1/stm32cubeide/plugins/com.st.stm32cube.ide.mcu.externaltools.gnu-tools-for-stm32.10.3-2021.10.win32_1.0.0.202111181127/tools/bin/../lib/gcc/arm-none-eabi/10.3.1/../../../../arm-none-eabi/lib/thumb/v7-m/nofp\libc_nano.a(lib_a-memset.o)
 .debug_frame   0x0000000000002f40       0x34 c:/st/stm32cubeide_1.10.1/stm32cubeide/plugins/com.st.stm32cube.ide.mcu.externaltools.gnu-tools-for-stm32.10.3-2021.10.win32_1.0.0.202111181127/tools/bin/../lib/gcc/arm-none-eabi/10.3.1/../../../../arm-none-eabi/lib/thumb/v7-m/nofp\libm.a(lib_a-w_pow.o)
 .debug_frame   0x0000000000002f74       0x30 c:/st/stm32cubeide_1.10.1/stm32cubeide/plugins/com.st.stm32cube.ide.mcu.externaltools.gnu-tools-for-stm32.10.3-2021.10.win32_1.0.0.202111181127/tools/bin/../lib/gcc/arm-none-eabi/10.3.1/../../../../arm-none-eabi/lib/thumb/v7-m/nofp\libm.a(lib_a-w_sqrt.o)
 .debug_frame   0x0000000000002fa4       0x78 c:/st/stm32cubeide_1.10.1/stm32cubeide/plugins/com.st.stm32cube.ide.mcu.externaltools.gnu-tools-for-stm32.10.3-2021.10.win32_1.0.0.202111181127/tools/bin/../lib/gcc/arm-none-eabi/10.3.1/../../../../arm-none-eabi/lib/thumb/v7-m/nofp\libm.a(lib_a-e_pow.o)
 .debug_frame   0x000000000000301c       0x30 c:/st/stm32cubeide_1.10.1/stm32cubeide/plugins/com.st.stm32cube.ide.mcu.externaltools.gnu-tools-for-stm32.10.3-2021.10.win32_1.0.0.202111181127/tools/bin/../lib/gcc/arm-none-eabi/10.3.1/../../../../arm-none-eabi/lib/thumb/v7-m/nofp\libm.a(lib_a-e_sqrt.o)
 .debug_frame   0x000000000000304c      0x120 c:/st/stm32cubeide_1.10.1/stm32cubeide/plugins/com.st.stm32cube.ide.mcu.externaltools.gnu-tools-for-stm32.10.3-2021.10.win32_1.0.0.202111181127/tools/bin/../lib/gcc/arm-none-eabi/10.3.1/../../../../arm-none-eabi/lib/thumb/v7-m/nofp\libm.a(lib_a-math_err.o)
 .debug_frame   0x000000000000316c       0x20 c:/st/stm32cubeide_1.10.1/stm32cubeide/plugins/com.st.stm32cube.ide.mcu.externaltools.gnu-tools-for-stm32.10.3-2021.10.win32_1.0.0.202111181127/tools/bin/../lib/gcc/arm-none-eabi/10.3.1/../../../../arm-none-eabi/lib/thumb/v7-m/nofp\libm.a(lib_a-s_fabs.o)
 .debug_frame   0x000000000000318c       0x20 c:/st/stm32cubeide_1.10.1/stm32cubeide/plugins/com.st.stm32cube.ide.mcu.externaltools.gnu-tools-for-stm32.10.3-2021.10.win32_1.0.0.202111181127/tools/bin/../lib/gcc/arm-none-eabi/10.3.1/../../../../arm-none-eabi/lib/thumb/v7-m/nofp\libm.a(lib_a-s_finite.o)
 .debug_frame   0x00000000000031ac       0x30 c:/st/stm32cubeide_1.10.1/stm32cubeide/plugins/com.st.stm32cube.ide.mcu.externaltools.gnu-tools-for-stm32.10.3-2021.10.win32_1.0.0.202111181127/tools/bin/../lib/gcc/arm-none-eabi/10.3.1/../../../../arm-none-eabi/lib/thumb/v7-m/nofp\libm.a(lib_a-s_scalbn.o)
 .debug_frame   0x00000000000031dc       0xac c:/st/stm32cubeide_1.10.1/stm32cubeide/plugins/com.st.stm32cube.ide.mcu.externaltools.gnu-tools-for-stm32.10.3-2021.10.win32_1.0.0.202111181127/tools/bin/../lib/gcc/arm-none-eabi/10.3.1/thumb/v7-m/nofp\libgcc.a(_arm_addsubdf3.o)
 .debug_frame   0x0000000000003288       0x50 c:/st/stm32cubeide_1.10.1/stm32cubeide/plugins/com.st.stm32cube.ide.mcu.externaltools.gnu-tools-for-stm32.10.3-2021.10.win32_1.0.0.202111181127/tools/bin/../lib/gcc/arm-none-eabi/10.3.1/thumb/v7-m/nofp\libgcc.a(_arm_muldivdf3.o)
 .debug_frame   0x00000000000032d8       0xc4 c:/st/stm32cubeide_1.10.1/stm32cubeide/plugins/com.st.stm32cube.ide.mcu.externaltools.gnu-tools-for-stm32.10.3-2021.10.win32_1.0.0.202111181127/tools/bin/../lib/gcc/arm-none-eabi/10.3.1/thumb/v7-m/nofp\libgcc.a(_arm_cmpdf2.o)
 .debug_frame   0x000000000000339c       0x20 c:/st/stm32cubeide_1.10.1/stm32cubeide/plugins/com.st.stm32cube.ide.mcu.externaltools.gnu-tools-for-stm32.10.3-2021.10.win32_1.0.0.202111181127/tools/bin/../lib/gcc/arm-none-eabi/10.3.1/thumb/v7-m/nofp\libgcc.a(_arm_unorddf2.o)
 .debug_frame   0x00000000000033bc       0x24 c:/st/stm32cubeide_1.10.1/stm32cubeide/plugins/com.st.stm32cube.ide.mcu.externaltools.gnu-tools-for-stm32.10.3-2021.10.win32_1.0.0.202111181127/tools/bin/../lib/gcc/arm-none-eabi/10.3.1/thumb/v7-m/nofp\libgcc.a(_arm_fixdfsi.o)
 .debug_frame   0x00000000000033e0       0x24 c:/st/stm32cubeide_1.10.1/stm32cubeide/plugins/com.st.stm32cube.ide.mcu.externaltools.gnu-tools-for-stm32.10.3-2021.10.win32_1.0.0.202111181127/tools/bin/../lib/gcc/arm-none-eabi/10.3.1/thumb/v7-m/nofp\libgcc.a(_arm_fixunsdfsi.o)
 .debug_frame   0x0000000000003404       0x24 c:/st/stm32cubeide_1.10.1/stm32cubeide/plugins/com.st.stm32cube.ide.mcu.externaltools.gnu-tools-for-stm32.10.3-2021.10.win32_1.0.0.202111181127/tools/bin/../lib/gcc/arm-none-eabi/10.3.1/thumb/v7-m/nofp\libgcc.a(_arm_truncdfsf2.o)
 .debug_frame   0x0000000000003428       0x4c c:/st/stm32cubeide_1.10.1/stm32cubeide/plugins/com.st.stm32cube.ide.mcu.externaltools.gnu-tools-for-stm32.10.3-2021.10.win32_1.0.0.202111181127/tools/bin/../lib/gcc/arm-none-eabi/10.3.1/thumb/v7-m/nofp\libgcc.a(_arm_addsubsf3.o)
 .debug_frame   0x0000000000003474       0x38 c:/st/stm32cubeide_1.10.1/stm32cubeide/plugins/com.st.stm32cube.ide.mcu.externaltools.gnu-tools-for-stm32.10.3-2021.10.win32_1.0.0.202111181127/tools/bin/../lib/gcc/arm-none-eabi/10.3.1/thumb/v7-m/nofp\libgcc.a(_arm_muldivsf3.o)
 .debug_frame   0x00000000000034ac       0xc8 c:/st/stm32cubeide_1.10.1/stm32cubeide/plugins/com.st.stm32cube.ide.mcu.externaltools.gnu-tools-for-stm32.10.3-2021.10.win32_1.0.0.202111181127/tools/bin/../lib/gcc/arm-none-eabi/10.3.1/thumb/v7-m/nofp\libgcc.a(_arm_cmpsf2.o)
 .debug_frame   0x0000000000003574       0x24 c:/st/stm32cubeide_1.10.1/stm32cubeide/plugins/com.st.stm32cube.ide.mcu.externaltools.gnu-tools-for-stm32.10.3-2021.10.win32_1.0.0.202111181127/tools/bin/../lib/gcc/arm-none-eabi/10.3.1/thumb/v7-m/nofp\libgcc.a(_arm_fixsfsi.o)